[
  {
    "name": "jaarlijks/tas_mean_2050",
    "layername": "jaarlijks/tas_mean_2050",
    "variablename": "interpolatedObs",
    "standard_name": "interpolatedObs",
    "units": "degrees Celsius",
    "point": {
      "SRS": "EPSG:4326",
      "coords": "5.000000,52.000000"
    },
    "dims": [
      "scenario",
      "time"
    ],
    "data": {
      "2050Hd": {
        "2036-01-01T00:00:00Z": "10.905030",
        "2037-01-01T00:00:00Z": "12.007289",
        "2038-01-01T00:00:00Z": "11.059411",
        "2039-01-01T00:00:00Z": "12.062785",
        "2040-01-01T00:00:00Z": "11.947086",
        "2041-01-01T00:00:00Z": "10.081615",
        "2042-01-01T00:00:00Z": "11.765973",
        "2043-01-01T00:00:00Z": "11.881777",
        "2044-01-01T00:00:00Z": "12.438473",
        "2045-01-01T00:00:00Z": "12.412801",
        "2046-01-01T00:00:00Z": "11.976863",
        "2047-01-01T00:00:00Z": "12.304342",
        "2048-01-01T00:00:00Z": "12.016730",
        "2049-01-01T00:00:00Z": "11.909211",
        "2050-01-01T00:00:00Z": "12.190491",
        "2051-01-01T00:00:00Z": "12.779091",
        "2052-01-01T00:00:00Z": "12.678858",
        "2053-01-01T00:00:00Z": "12.103762",
        "2054-01-01T00:00:00Z": "12.038959",
        "2055-01-01T00:00:00Z": "10.637293",
        "2056-01-01T00:00:00Z": "12.453781",
        "2057-01-01T00:00:00Z": "11.861727",
        "2058-01-01T00:00:00Z": "11.348157",
        "2059-01-01T00:00:00Z": "13.191739",
        "2060-01-01T00:00:00Z": "12.320773",
        "2061-01-01T00:00:00Z": "12.319611",
        "2062-01-01T00:00:00Z": "12.470861",
        "2063-01-01T00:00:00Z": "12.965880",
        "2064-01-01T00:00:00Z": "12.703981",
        "2065-01-01T00:00:00Z": "13.242649"
      },
      "2050Hn": {
        "2036-01-01T00:00:00Z": "10.825540",
        "2037-01-01T00:00:00Z": "11.873678",
        "2038-01-01T00:00:00Z": "11.018750",
        "2039-01-01T00:00:00Z": "11.902385",
        "2040-01-01T00:00:00Z": "11.815706",
        "2041-01-01T00:00:00Z": "10.020253",
        "2042-01-01T00:00:00Z": "11.643116",
        "2043-01-01T00:00:00Z": "11.819782",
        "2044-01-01T00:00:00Z": "12.285396",
        "2045-01-01T00:00:00Z": "12.284520",
        "2046-01-01T00:00:00Z": "11.845610",
        "2047-01-01T00:00:00Z": "12.195546",
        "2048-01-01T00:00:00Z": "11.844776",
        "2049-01-01T00:00:00Z": "11.799691",
        "2050-01-01T00:00:00Z": "12.051390",
        "2051-01-01T00:00:00Z": "12.585763",
        "2052-01-01T00:00:00Z": "12.544561",
        "2053-01-01T00:00:00Z": "11.989633",
        "2054-01-01T00:00:00Z": "11.920113",
        "2055-01-01T00:00:00Z": "10.537866",
        "2056-01-01T00:00:00Z": "12.319339",
        "2057-01-01T00:00:00Z": "11.716161",
        "2058-01-01T00:00:00Z": "11.255101",
        "2059-01-01T00:00:00Z": "12.989518",
        "2060-01-01T00:00:00Z": "12.206244",
        "2061-01-01T00:00:00Z": "12.159081",
        "2062-01-01T00:00:00Z": "12.357863",
        "2063-01-01T00:00:00Z": "12.784953",
        "2064-01-01T00:00:00Z": "12.555624",
        "2065-01-01T00:00:00Z": "13.065644"
      }
    }
  }
]