[
  {
    "name": "jaarlijks/tas_mean_2050",
    "layername": "jaarlijks/tas_mean_2050",
    "variablename": "interpolatedObs",
    "standard_name": "interpolatedObs",
    "units": "degrees Celsius",
    "point": {
      "SRS": "EPSG:4326",
      "coords": "5.595762,52.090688"
    },
    "dims": [
      "scenario",
      "time"
    ],
    "data": {
      "2050Hd": {
        "2036-01-01T00:00:00Z": "10.782124",
        "2037-01-01T00:00:00Z": "11.899947",
        "2038-01-01T00:00:00Z": "10.915672",
        "2039-01-01T00:00:00Z": "11.943746",
        "2040-01-01T00:00:00Z": "11.775303",
        "2041-01-01T00:00:00Z": "9.844241",
        "2042-01-01T00:00:00Z": "11.617159",
        "2043-01-01T00:00:00Z": "11.665526",
        "2044-01-01T00:00:00Z": "12.244790",
        "2045-01-01T00:00:00Z": "12.296915",
        "2046-01-01T00:00:00Z": "11.812286",
        "2047-01-01T00:00:00Z": "12.089230",
        "2048-01-01T00:00:00Z": "11.839318",
        "2049-01-01T00:00:00Z": "11.758492",
        "2050-01-01T00:00:00Z": "11.972358",
        "2051-01-01T00:00:00Z": "12.612321",
        "2052-01-01T00:00:00Z": "12.459828",
        "2053-01-01T00:00:00Z": "11.916002",
        "2054-01-01T00:00:00Z": "11.879657",
        "2055-01-01T00:00:00Z": "10.432338",
        "2056-01-01T00:00:00Z": "12.235707",
        "2057-01-01T00:00:00Z": "11.607984",
        "2058-01-01T00:00:00Z": "11.148291",
        "2059-01-01T00:00:00Z": "13.027570",
        "2060-01-01T00:00:00Z": "12.143798",
        "2061-01-01T00:00:00Z": "12.104510",
        "2062-01-01T00:00:00Z": "12.297009",
        "2063-01-01T00:00:00Z": "12.912748",
        "2064-01-01T00:00:00Z": "12.611656",
        "2065-01-01T00:00:00Z": "13.100685"
      },
      "2050Hn": {
        "2036-01-01T00:00:00Z": "10.709425",
        "2037-01-01T00:00:00Z": "11.743229",
        "2038-01-01T00:00:00Z": "10.852029",
        "2039-01-01T00:00:00Z": "11.751293",
        "2040-01-01T00:00:00Z": "11.615963",
        "2041-01-01T00:00:00Z": "9.802679",
        "2042-01-01T00:00:00Z": "11.476509",
        "2043-01-01T00:00:00Z": "11.621235",
        "2044-01-01T00:00:00Z": "12.099684",
        "2045-01-01T00:00:00Z": "12.108918",
        "2046-01-01T00:00:00Z": "11.669829",
        "2047-01-01T00:00:00Z": "11.990043",
        "2048-01-01T00:00:00Z": "11.696654",
        "2049-01-01T00:00:00Z": "11.647299",
        "2050-01-01T00:00:00Z": "11.875856",
        "2051-01-01T00:00:00Z": "12.446465",
        "2052-01-01T00:00:00Z": "12.337583",
        "2053-01-01T00:00:00Z": "11.762215",
        "2054-01-01T00:00:00Z": "11.760121",
        "2055-01-01T00:00:00Z": "10.354520",
        "2056-01-01T00:00:00Z": "12.100872",
        "2057-01-01T00:00:00Z": "11.503463",
        "2058-01-01T00:00:00Z": "11.045455",
        "2059-01-01T00:00:00Z": "12.843183",
        "2060-01-01T00:00:00Z": "12.037184",
        "2061-01-01T00:00:00Z": "11.973111",
        "2062-01-01T00:00:00Z": "12.160052",
        "2063-01-01T00:00:00Z": "12.727745",
        "2064-01-01T00:00:00Z": "12.457166",
        "2065-01-01T00:00:00Z": "12.932083"
      }
    }
  }
]