{"adaguc.tests.arcus_uwcw":{"air_temperature_hagl":{"dims":{"height_above_ground_level_in_m":{"defaultValue":"2","hasMultipleValues":1,"hidden":true,"name":"height_above_ground_level_in_m","units":"m","values":"2"},"member":{"defaultValue":"1","hasMultipleValues":1,"hidden":false,"name":"member","units":"-","values":"1,2,3,4,5"},"reference_time":{"defaultValue":"2024-05-23T00:00:00Z","hasMultipleValues":1,"hidden":false,"name":"reference_time","units":"ISO8601","values":"2024-05-23T00:00:00Z"},"time":{"defaultValue":"2024-05-23T01:00:00Z","hasMultipleValues":0,"hidden":false,"name":"time","units":"ISO8601","values":"2024-05-23T01:00:00Z/2024-05-25T12:00:00Z/PT1H"}},"layer":{"abstract":"","gridspec":{"bbox":[-0.014499999999999957,48.99100000000001,11.2955,56.011],"cellsizex":2.262,"cellsizey":-1.404,"height":5,"projstring":"+proj=longlat +ellps=WGS84 +datum=WGS84 +no_defs","width":5},"group":"","isqueryable":1,"latlonbox":[-0.014499999999999957,48.99100000000001,11.2955,56.011],"name":"air_temperature_hagl","nativeepsg":"PROJ4:%2Bproj%3Dlonglat%20%2Bellps%3DWGS84%20%2Bdatum%3DWGS84%20%2Bno_defs","title":"UWCW_HA43ENS(NL) Air temperature at 2 m","variables":[{"label":"Air temperature at height above ground level","units":"C","variableName":"air-temperature-hagl"}]},"projected_extents":{"CRS:84":[-0.014499999999999957,48.99100000000001,11.2955,56.011],"EPSG:25831":[279486.1812954197,5426455.295657888,1106564.2353373389,6238397.008695408],"EPSG:25832":[-159076.87617991457,5426455.835210936,667922.7209491676,6244030.589292412],"EPSG:28992":[-240356.71842208208,110966.9656863024,587386.5771091208,907716.2661845956],"EPSG:3067":[-1463498.9830776574,5546449.239554093,-474452.673272648,6541622.309507573],"EPSG:32661":[1998797.905457981,-2749996.025036212,2930377.6013502805,-1808590.9618508],"EPSG:3411":[2678953.9310080702,-3278077.37705375,3855679.6740727946,-2102870.5947563853],"EPSG:3412":[-10153.773965045302,32170157.134147152,7858652.989459536,40121957.37289446],"EPSG:3575":[-778454.8974484425,-4476517.292346511,101208.7696378053,-3679953.3333079913],"EPSG:3857":[-1614.132616502462,6273334.420260729,1257409.3082554217,7560605.756670097],"EPSG:40000":[-1209.3506458945153,-4778668.033235625,935993.5627266401,-3831580.444517908],"EPSG:4258":[-0.014499999999999957,48.99100000000001,11.2955,56.011],"EPSG:4326":[-0.014499999999999957,48.99100000000001,11.2955,56.011],"EPSG:50001":[-2000000.0,-2000000.0,10000000.0,8500000.0],"EPSG:54030":[-1197.2203277786082,5222308.94273356,932634.6353395386,5940218.262292647],"EPSG:7399":[-1117.3532306667896,5767402.687526328,870418.1666894319,6487641.4120019935],"EPSG:900913":[-1614.132616502462,6273334.420260729,1257409.3082554217,7560605.756670097],"PROJ4:%2Bproj%3Dlonglat%20%2Bellps%3DWGS84%20%2Bdatum%3DWGS84%20%2Bno_defs":[-0.014499999999999957,48.99100000000001,11.2955,56.011]},"styles":[{"abstract":"","name":"auto/nearest","title":"auto/nearest"},{"abstract":"","name":"auto/bilinear","title":"auto/bilinear"},{"abstract":"","name":"auto/point","title":"auto/point"},{"abstract":"","name":"auto/barb","title":"auto/barb"}]},"baselayer":{"dims":null,"layer":{"abstract":"","gridspec":{"bbox":[-180.0,83.64513,180.0000000000001,-90.0],"cellsizex":180.00000000000006,"cellsizey":86.822565,"height":2,"projstring":"","width":2},"group":"baselayers","isqueryable":1,"latlonbox":[-180.0,-90.0,180.0000000000001,83.64513],"name":"baselayer","nativeepsg":"","title":"baselayer","variables":[{"label":"Feature index","units":"","variableName":"features"}]},"projected_extents":{"CRS:84":[-180.0,-90.0,180.0000000000001,83.64513],"EPSG:25831":[-16131031.150574679,-19857792.70362381,17091777.78093742,19706964.9756592],"EPSG:25832":[-16131031.150574652,-19857962.084163167,17091777.78093727,19707318.918934327],"EPSG:28992":[-663975781.0572813,-403859772.41377914,410004471.97730243,413938428.1487843],"EPSG:3067":[-16131031.150574679,-19857792.70362381,17091777.78093741,19706964.9756592],"EPSG:32661":[-4.09756247202162e+23,-4.0900725774866876e+23,4.0975624720216196e+23,4.100060117865506e+23],"EPSG:3411":[-3.995085417515975e+23,-3.999958751107789e+23,3.999958751107789e+23,3.995085417515976e+23],"EPSG:3412":[-220508982.9324559,-220643392.92584136,220508982.93245587,220105916.71017215],"EPSG:3575":[-12703704.705042275,-12726968.206273872,12734725.857185293,12726968.206273874],"EPSG:3857":[-20037508.342789244,-242528680.94374272,20037508.342789255,18440002.895114224],"EPSG:40000":[-4.1222962495187324e+23,-4.114761144352805e+23,4.122296249518732e+23,4.124808971695681e+23],"EPSG:4258":[-180.0,-90.0,180.0000000000001,83.64513],"EPSG:4326":[-180.0,-90.0,180.0000000000001,83.64513],"EPSG:50001":[-2000000.0,-2000000.0,10000000.0,8500000.0],"EPSG:54030":[-17004040.858209416,-8625154.6651,16248305.708955677,8343003.652507055],"EPSG:7399":[-18037455.66495995,-9020047.848073646,17235790.968739517,8751339.20952538],"EPSG:900913":[-20037508.342789244,-242528680.94374272,20037508.342789255,18440002.895114224]},"styles":[{"abstract":"Land sea mask","name":"baselayer/nearest","title":"Land sea mask"}]},"overlay":{"dims":null,"layer":{"abstract":"","gridspec":{"bbox":[-180.0,83.64513,180.0000000000001,-90.0],"cellsizex":180.00000000000006,"cellsizey":86.822565,"height":2,"projstring":"","width":2},"group":"baselayers","isqueryable":1,"latlonbox":[-180.0,-90.0,180.0000000000001,83.64513],"name":"overlay","nativeepsg":"","title":"overlay","variables":[{"label":"Feature index","units":"","variableName":"features"}]},"projected_extents":{"CRS:84":[-180.0,-90.0,180.0000000000001,83.64513],"EPSG:25831":[-16131031.150574679,-19857792.70362381,17091777.78093742,19706964.9756592],"EPSG:25832":[-16131031.150574652,-19857962.084163167,17091777.78093727,19707318.918934327],"EPSG:28992":[-663975781.0572813,-403859772.41377914,410004471.97730243,413938428.1487843],"EPSG:3067":[-16131031.150574679,-19857792.70362381,17091777.78093741,19706964.9756592],"EPSG:32661":[-4.09756247202162e+23,-4.0900725774866876e+23,4.0975624720216196e+23,4.100060117865506e+23],"EPSG:3411":[-3.995085417515975e+23,-3.999958751107789e+23,3.999958751107789e+23,3.995085417515976e+23],"EPSG:3412":[-220508982.9324559,-220643392.92584136,220508982.93245587,220105916.71017215],"EPSG:3575":[-12703704.705042275,-12726968.206273872,12734725.857185293,12726968.206273874],"EPSG:3857":[-20037508.342789244,-242528680.94374272,20037508.342789255,18440002.895114224],"EPSG:40000":[-4.1222962495187324e+23,-4.114761144352805e+23,4.122296249518732e+23,4.124808971695681e+23],"EPSG:4258":[-180.0,-90.0,180.0000000000001,83.64513],"EPSG:4326":[-180.0,-90.0,180.0000000000001,83.64513],"EPSG:50001":[-2000000.0,-2000000.0,10000000.0,8500000.0],"EPSG:54030":[-17004040.858209416,-8625154.6651,16248305.708955677,8343003.652507055],"EPSG:7399":[-18037455.66495995,-9020047.848073646,17235790.968739517,8751339.20952538],"EPSG:900913":[-20037508.342789244,-242528680.94374272,20037508.342789255,18440002.895114224]},"styles":[{"abstract":"Overlay countries","name":"overlay/polyline","title":"Overlay countries"}]},"wind_speed_hagl_kts":{"dims":{"height_above_ground_level_in_m":{"defaultValue":"10","hasMultipleValues":1,"hidden":true,"name":"height_above_ground_level_in_m","units":"m","values":"10"},"member":{"defaultValue":"1","hasMultipleValues":1,"hidden":false,"name":"member","units":"-","values":"1,2,3,4,5"},"reference_time":{"defaultValue":"2024-06-05T03:00:00Z","hasMultipleValues":1,"hidden":false,"name":"reference_time","units":"ISO8601","values":"2024-06-05T03:00:00Z"},"time":{"defaultValue":"2024-06-05T04:00:00Z","hasMultipleValues":0,"hidden":false,"name":"time","units":"ISO8601","values":"2024-06-05T04:00:00Z/2024-06-07T15:00:00Z/PT1H"}},"layer":{"abstract":"","gridspec":{"bbox":[237556.04779691307,6429395.966709785,1008078.3936105771,7241407.977298031],"cellsizex":154104.4691627328,"cellsizey":-162402.4021176491,"height":5,"projstring":"+proj=merc +a=6378137 +b=6378137 +lat_ts=0.0 +lon_0=0.0 +x_0=0.0 +y_0=0 +k=1.0 +units=m +nadgrids=@null +wktext  +no_defs","width":5},"group":"","isqueryable":1,"latlonbox":[2.1340022857099457,49.902432406618686,9.055722285710363,54.37452297558314],"name":"wind_speed_hagl_kts","nativeepsg":"PROJ4:%2Bproj%3Dmerc%20%2Ba%3D6378137%20%2Bb%3D6378137%20%2Blat_ts%3D0%2E0%20%2Blon_0%3D0%2E0%20%2Bx_0%3D0%2E0%20%2By_0%3D0%20%2Bk%3D1%2E0%20%2Bunits%3Dm%20%2Bnadgrids%3D@null%20%2Bwktext%20%20%2Bno_defs","title":"UWCW_HA43ENS(NL) Wind speed at height above ground level in Knots","variables":[{"label":"Wind speed at height above ground level","units":"kts","variableName":"wind-speed-hagl"}]},"projected_extents":{"CRS:84":[2.1340022857099457,49.902432406618686,9.055722285710363,54.37452297558314],"EPSG:25831":[437811.3655334021,5527784.335255393,934735.1907710517,6042106.724119729],"EPSG:25832":[7141.2223584101885,5527784.271765889,504001.52913632896,6046941.873044835],"EPSG:28992":[-78730.1086434589,212375.7679525322,418554.62119069515,716123.02374393],"EPSG:3067":[-1274464.275777185,5684017.862768228,-659259.1754318473,6314598.569791713],"EPSG:32661":[2152026.007675293,-2632289.9953658665,2729605.075927979,-2031799.0456094583],"EPSG:3411":[2919775.9260751205,-3076944.352398663,3661780.3901171233,-2338373.3575575305],"EPSG:3412":[1251745.5108308387,33196861.728375863,6007392.513716896,38141160.413573585],"EPSG:3575":[-599627.5303498495,-4380831.106729937,-64449.0017876477,-3873941.537594699],"EPSG:3857":[237556.04779691307,6429395.966709785,1008078.3936105771,7241407.977298031],"EPSG:40000":[152943.66969345344,-4660251.504392219,734009.1307122523,-4056135.8607741036],"EPSG:4258":[2.1340022857099457,49.902432406618686,9.055722285710363,54.37452297558314],"EPSG:4326":[2.1340022857099457,49.902432406618686,9.055722285710363,54.37452297558314],"EPSG:50001":[-2000000.0,-2000000.0,10000000.0,8500000.0],"EPSG:54030":[169222.94852299697,5316800.382979992,743044.8942217636,5775068.926668733],"EPSG:7399":[152515.37622983695,5863250.73743419,689689.3479157749,6323585.901325594],"EPSG:900913":[237556.04779691307,6429395.966709785,1008078.3936105771,7241407.977298031],"PROJ4:%2Bproj%3Dmerc%20%2Ba%3D6378137%20%2Bb%3D6378137%20%2Blat_ts%3D0%2E0%20%2Blon_0%3D0%2E0%20%2Bx_0%3D0%2E0%20%2By_0%3D0%20%2Bk%3D1%2E0%20%2Bunits%3Dm%20%2Bnadgrids%3D@null%20%2Bwktext%20%20%2Bno_defs":[237556.04779691307,6429395.966709785,1008078.3936105771,7241407.977298031]},"styles":[{"abstract":"","name":"auto/nearest","title":"auto/nearest"},{"abstract":"","name":"auto/bilinear","title":"auto/bilinear"},{"abstract":"","name":"auto/point","title":"auto/point"},{"abstract":"","name":"auto/barb","title":"auto/barb"}]},"wind_speed_hagl_ms":{"dims":{"height_above_ground_level_in_m":{"defaultValue":"10","hasMultipleValues":1,"hidden":true,"name":"height_above_ground_level_in_m","units":"m","values":"10"},"member":{"defaultValue":"1","hasMultipleValues":1,"hidden":false,"name":"member","units":"-","values":"1,2,3,4,5"},"reference_time":{"defaultValue":"2024-06-05T03:00:00Z","hasMultipleValues":1,"hidden":false,"name":"reference_time","units":"ISO8601","values":"2024-06-05T03:00:00Z"},"time":{"defaultValue":"2024-06-05T04:00:00Z","hasMultipleValues":0,"hidden":false,"name":"time","units":"ISO8601","values":"2024-06-05T04:00:00Z/2024-06-07T15:00:00Z/PT1H"}},"layer":{"abstract":"","gridspec":{"bbox":[237556.04779691307,6429395.966709785,1008078.3936105771,7241407.977298031],"cellsizex":154104.4691627328,"cellsizey":-162402.4021176491,"height":5,"projstring":"+proj=merc +a=6378137 +b=6378137 +lat_ts=0.0 +lon_0=0.0 +x_0=0.0 +y_0=0 +k=1.0 +units=m +nadgrids=@null +wktext  +no_defs","width":5},"group":"","isqueryable":1,"latlonbox":[2.1340022857099457,49.902432406618686,9.055722285710363,54.37452297558314],"name":"wind_speed_hagl_ms","nativeepsg":"PROJ4:%2Bproj%3Dmerc%20%2Ba%3D6378137%20%2Bb%3D6378137%20%2Blat_ts%3D0%2E0%20%2Blon_0%3D0%2E0%20%2Bx_0%3D0%2E0%20%2By_0%3D0%20%2Bk%3D1%2E0%20%2Bunits%3Dm%20%2Bnadgrids%3D@null%20%2Bwktext%20%20%2Bno_defs","title":"UWCW_HA43ENS(NL) Wind speed at height above ground level in ms","variables":[{"label":"Wind speed at height above ground level","units":"kts","variableName":"wind-speed-hagl"}]},"projected_extents":{"CRS:84":[2.1340022857099457,49.902432406618686,9.055722285710363,54.37452297558314],"EPSG:25831":[437811.3655334021,5527784.335255393,934735.1907710517,6042106.724119729],"EPSG:25832":[7141.2223584101885,5527784.271765889,504001.52913632896,6046941.873044835],"EPSG:28992":[-78730.1086434589,212375.7679525322,418554.62119069515,716123.02374393],"EPSG:3067":[-1274464.275777185,5684017.862768228,-659259.1754318473,6314598.569791713],"EPSG:32661":[2152026.007675293,-2632289.9953658665,2729605.075927979,-2031799.0456094583],"EPSG:3411":[2919775.9260751205,-3076944.352398663,3661780.3901171233,-2338373.3575575305],"EPSG:3412":[1251745.5108308387,33196861.728375863,6007392.513716896,38141160.413573585],"EPSG:3575":[-599627.5303498495,-4380831.106729937,-64449.0017876477,-3873941.537594699],"EPSG:3857":[237556.04779691307,6429395.966709785,1008078.3936105771,7241407.977298031],"EPSG:40000":[152943.66969345344,-4660251.504392219,734009.1307122523,-4056135.8607741036],"EPSG:4258":[2.1340022857099457,49.902432406618686,9.055722285710363,54.37452297558314],"EPSG:4326":[2.1340022857099457,49.902432406618686,9.055722285710363,54.37452297558314],"EPSG:50001":[-2000000.0,-2000000.0,10000000.0,8500000.0],"EPSG:54030":[169222.94852299697,5316800.382979992,743044.8942217636,5775068.926668733],"EPSG:7399":[152515.37622983695,5863250.73743419,689689.3479157749,6323585.901325594],"EPSG:900913":[237556.04779691307,6429395.966709785,1008078.3936105771,7241407.977298031],"PROJ4:%2Bproj%3Dmerc%20%2Ba%3D6378137%20%2Bb%3D6378137%20%2Blat_ts%3D0%2E0%20%2Blon_0%3D0%2E0%20%2Bx_0%3D0%2E0%20%2By_0%3D0%20%2Bk%3D1%2E0%20%2Bunits%3Dm%20%2Bnadgrids%3D@null%20%2Bwktext%20%20%2Bno_defs":[237556.04779691307,6429395.966709785,1008078.3936105771,7241407.977298031]},"styles":[{"abstract":"","name":"auto/nearest","title":"auto/nearest"},{"abstract":"","name":"auto/bilinear","title":"auto/bilinear"},{"abstract":"","name":"auto/point","title":"auto/point"},{"abstract":"","name":"auto/barb","title":"auto/barb"}]},"wind_speed_hagl_ms_member_3":{"dims":{"height_above_ground_level_in_m":{"defaultValue":"10","hasMultipleValues":1,"hidden":true,"name":"height_above_ground_level_in_m","units":"m","values":"10"},"member":{"defaultValue":"3","hasMultipleValues":1,"hidden":true,"name":"member","units":"-","values":"3"},"reference_time":{"defaultValue":"2024-06-05T03:00:00Z","hasMultipleValues":1,"hidden":false,"name":"reference_time","units":"ISO8601","values":"2024-06-05T03:00:00Z"},"time":{"defaultValue":"2024-06-05T04:00:00Z","hasMultipleValues":0,"hidden":false,"name":"time","units":"ISO8601","values":"2024-06-05T04:00:00Z/2024-06-07T15:00:00Z/PT1H"}},"layer":{"abstract":"","gridspec":{"bbox":[237556.04779691307,6429395.966709785,1008078.3936105771,7241407.977298031],"cellsizex":154104.4691627328,"cellsizey":-162402.4021176491,"height":5,"projstring":"+proj=merc +a=6378137 +b=6378137 +lat_ts=0.0 +lon_0=0.0 +x_0=0.0 +y_0=0 +k=1.0 +units=m +nadgrids=@null +wktext  +no_defs","width":5},"group":"","isqueryable":1,"latlonbox":[2.1340022857099457,49.902432406618686,9.055722285710363,54.37452297558314],"name":"wind_speed_hagl_ms_member_3","nativeepsg":"PROJ4:%2Bproj%3Dmerc%20%2Ba%3D6378137%20%2Bb%3D6378137%20%2Blat_ts%3D0%2E0%20%2Blon_0%3D0%2E0%20%2Bx_0%3D0%2E0%20%2By_0%3D0%20%2Bk%3D1%2E0%20%2Bunits%3Dm%20%2Bnadgrids%3D@null%20%2Bwktext%20%20%2Bno_defs","title":"UWCW_HA43ENS(NL) Wind speed at height above ground level in ms for member 3","variables":[{"label":"Wind speed at height above ground level","units":"kts","variableName":"wind-speed-hagl"}]},"projected_extents":{"CRS:84":[2.1340022857099457,49.902432406618686,9.055722285710363,54.37452297558314],"EPSG:25831":[437811.3655334021,5527784.335255393,934735.1907710517,6042106.724119729],"EPSG:25832":[7141.2223584101885,5527784.271765889,504001.52913632896,6046941.873044835],"EPSG:28992":[-78730.1086434589,212375.7679525322,418554.62119069515,716123.02374393],"EPSG:3067":[-1274464.275777185,5684017.862768228,-659259.1754318473,6314598.569791713],"EPSG:32661":[2152026.007675293,-2632289.9953658665,2729605.075927979,-2031799.0456094583],"EPSG:3411":[2919775.9260751205,-3076944.352398663,3661780.3901171233,-2338373.3575575305],"EPSG:3412":[1251745.5108308387,33196861.728375863,6007392.513716896,38141160.413573585],"EPSG:3575":[-599627.5303498495,-4380831.106729937,-64449.0017876477,-3873941.537594699],"EPSG:3857":[237556.04779691307,6429395.966709785,1008078.3936105771,7241407.977298031],"EPSG:40000":[152943.66969345344,-4660251.504392219,734009.1307122523,-4056135.8607741036],"EPSG:4258":[2.1340022857099457,49.902432406618686,9.055722285710363,54.37452297558314],"EPSG:4326":[2.1340022857099457,49.902432406618686,9.055722285710363,54.37452297558314],"EPSG:50001":[-2000000.0,-2000000.0,10000000.0,8500000.0],"EPSG:54030":[169222.94852299697,5316800.382979992,743044.8942217636,5775068.926668733],"EPSG:7399":[152515.37622983695,5863250.73743419,689689.3479157749,6323585.901325594],"EPSG:900913":[237556.04779691307,6429395.966709785,1008078.3936105771,7241407.977298031],"PROJ4:%2Bproj%3Dmerc%20%2Ba%3D6378137%20%2Bb%3D6378137%20%2Blat_ts%3D0%2E0%20%2Blon_0%3D0%2E0%20%2Bx_0%3D0%2E0%20%2By_0%3D0%20%2Bk%3D1%2E0%20%2Bunits%3Dm%20%2Bnadgrids%3D@null%20%2Bwktext%20%20%2Bno_defs":[237556.04779691307,6429395.966709785,1008078.3936105771,7241407.977298031]},"styles":[{"abstract":"","name":"auto/nearest","title":"auto/nearest"},{"abstract":"","name":"auto/bilinear","title":"auto/bilinear"},{"abstract":"","name":"auto/point","title":"auto/point"},{"abstract":"","name":"auto/barb","title":"auto/barb"}]},"wind_speed_hagl_ms_wrong_dim_order":{"dims":{"height_above_ground_level_in_m":{"defaultValue":"10","hasMultipleValues":1,"hidden":true,"name":"height_above_ground_level_in_m","units":"m","values":"10"},"member":{"defaultValue":"1","hasMultipleValues":1,"hidden":false,"name":"member","units":"-","values":"1,2,3,4,5"},"reference_time":{"defaultValue":"2024-06-05T03:00:00Z","hasMultipleValues":1,"hidden":false,"name":"reference_time","units":"ISO8601","values":"2024-06-05T03:00:00Z"},"time":{"defaultValue":"2024-06-05T04:00:00Z","hasMultipleValues":0,"hidden":false,"name":"time","units":"ISO8601","values":"2024-06-05T04:00:00Z/2024-06-07T15:00:00Z/PT1H"}},"layer":{"abstract":"","gridspec":{"bbox":[237556.04779691307,6429395.966709785,1008078.3936105771,7241407.977298031],"cellsizex":154104.4691627328,"cellsizey":-162402.4021176491,"height":5,"projstring":"+proj=merc +a=6378137 +b=6378137 +lat_ts=0.0 +lon_0=0.0 +x_0=0.0 +y_0=0 +k=1.0 +units=m +nadgrids=@null +wktext  +no_defs","width":5},"group":"","isqueryable":1,"latlonbox":[2.1340022857099457,49.902432406618686,9.055722285710363,54.37452297558314],"name":"wind_speed_hagl_ms_wrong_dim_order","nativeepsg":"PROJ4:%2Bproj%3Dmerc%20%2Ba%3D6378137%20%2Bb%3D6378137%20%2Blat_ts%3D0%2E0%20%2Blon_0%3D0%2E0%20%2Bx_0%3D0%2E0%20%2By_0%3D0%20%2Bk%3D1%2E0%20%2Bunits%3Dm%20%2Bnadgrids%3D@null%20%2Bwktext%20%20%2Bno_defs","title":"UWCW_HA43ENS(NL) Wind speed at height above ground level in ms","variables":[{"label":"Wind speed at height above ground level","units":"kts","variableName":"wind-speed-hagl"}]},"projected_extents":{"CRS:84":[2.1340022857099457,49.902432406618686,9.055722285710363,54.37452297558314],"EPSG:25831":[437811.3655334021,5527784.335255393,934735.1907710517,6042106.724119729],"EPSG:25832":[7141.2223584101885,5527784.271765889,504001.52913632896,6046941.873044835],"EPSG:28992":[-78730.1086434589,212375.7679525322,418554.62119069515,716123.02374393],"EPSG:3067":[-1274464.275777185,5684017.862768228,-659259.1754318473,6314598.569791713],"EPSG:32661":[2152026.007675293,-2632289.9953658665,2729605.075927979,-2031799.0456094583],"EPSG:3411":[2919775.9260751205,-3076944.352398663,3661780.3901171233,-2338373.3575575305],"EPSG:3412":[1251745.5108308387,33196861.728375863,6007392.513716896,38141160.413573585],"EPSG:3575":[-599627.5303498495,-4380831.106729937,-64449.0017876477,-3873941.537594699],"EPSG:3857":[237556.04779691307,6429395.966709785,1008078.3936105771,7241407.977298031],"EPSG:40000":[152943.66969345344,-4660251.504392219,734009.1307122523,-4056135.8607741036],"EPSG:4258":[2.1340022857099457,49.902432406618686,9.055722285710363,54.37452297558314],"EPSG:4326":[2.1340022857099457,49.902432406618686,9.055722285710363,54.37452297558314],"EPSG:50001":[-2000000.0,-2000000.0,10000000.0,8500000.0],"EPSG:54030":[169222.94852299697,5316800.382979992,743044.8942217636,5775068.926668733],"EPSG:7399":[152515.37622983695,5863250.73743419,689689.3479157749,6323585.901325594],"EPSG:900913":[237556.04779691307,6429395.966709785,1008078.3936105771,7241407.977298031],"PROJ4:%2Bproj%3Dmerc%20%2Ba%3D6378137%20%2Bb%3D6378137%20%2Blat_ts%3D0%2E0%20%2Blon_0%3D0%2E0%20%2Bx_0%3D0%2E0%20%2By_0%3D0%20%2Bk%3D1%2E0%20%2Bunits%3Dm%20%2Bnadgrids%3D@null%20%2Bwktext%20%20%2Bno_defs":[237556.04779691307,6429395.966709785,1008078.3936105771,7241407.977298031]},"styles":[{"abstract":"","name":"auto/nearest","title":"auto/nearest"},{"abstract":"","name":"auto/bilinear","title":"auto/bilinear"},{"abstract":"","name":"auto/point","title":"auto/point"},{"abstract":"","name":"auto/barb","title":"auto/barb"}]}}}