<?xml version="1.0" encoding="UTF-8"?>
<WMS_Capabilities
        version="1.3.0"
        updateSequence="0"
        xmlns="http://www.opengis.net/wms"
        xmlns:xlink="http://www.w3.org/1999/xlink"
        xmlns:xsi="http://www.w3.org/2001/XMLSchema-instance"
        xsi:schemaLocation="http://www.opengis.net/wms http://schemas.opengis.net/wms/1.3.0/capabilities_1_3_0.xsd"

     >
    <Service>
        <Name>WMS</Name>
        <Title>adaguc.testGeoJSONReader_time</Title>
        <Abstract>This service demonstrates how the ADAGUC server can be used to create OGC services.</Abstract>
        <KeywordList>
            <Keyword>view</Keyword>
            <Keyword>infoMapAccessService</Keyword>
            <Keyword>ADAGUCServer version 2.0.38, of Mar 28 2019 11:14:15 </Keyword>
        </KeywordList>
        <OnlineResource xlink:type="simple" xlink:href="DATASET=adaguc.testGeoJSONReader_time&amp;SERVICE=WMS&amp;"/>
        <ContactInformation>
          
        </ContactInformation>
        <Fees>no conditions apply</Fees>
        <AccessConstraints>None</AccessConstraints>
        <MaxWidth>8192</MaxWidth>
        <MaxHeight>8192</MaxHeight>
    </Service>
    <Capability>
        <Request>
            <GetCapabilities>
                <Format>text/xml</Format>
                <DCPType><HTTP><Get><OnlineResource xlink:type="simple" xlink:href="DATASET=adaguc.testGeoJSONReader_time&amp;SERVICE=WMS&amp;"/></Get></HTTP></DCPType>
            </GetCapabilities>
            <GetMap>
                <Format>image/png</Format>
                <Format>image/png;mode=8bit</Format>
                <Format>image/png;mode=8bit_noalpha</Format>
                <Format>image/png;mode=24bit</Format>
                <Format>image/png;mode=32bit</Format>
                <Format>image/gif</Format>
                <Format>image/jpeg</Format>
                <!--<Format>image/webp</Format>-->
                <DCPType><HTTP><Get><OnlineResource xlink:type="simple" xlink:href="DATASET=adaguc.testGeoJSONReader_time&amp;SERVICE=WMS&amp;"/></Get></HTTP></DCPType>
            </GetMap>
            <GetFeatureInfo>
                <Format>image/png</Format>
                <Format>text/plain</Format>
                <Format>text/html</Format>
                <Format>text/xml</Format>
                <Format>application/json</Format>
                <DCPType><HTTP><Get><OnlineResource xlink:type="simple" xlink:href="DATASET=adaguc.testGeoJSONReader_time&amp;SERVICE=WMS&amp;"/></Get></HTTP></DCPType>
            </GetFeatureInfo>
        </Request>
        <Exception>
            <Format>XML</Format>
            <Format>INIMAGE</Format>
            <Format>BLANK</Format>
        </Exception>
        <UserDefinedSymbolization SupportSLD="1" />
<Layer>
<Title>WMS of  adaguc.testGeoJSONReader_time</Title>
<CRS>EPSG:3411</CRS>
<CRS>EPSG:3412</CRS>
<CRS>EPSG:3575</CRS>
<CRS>EPSG:3857</CRS>
<CRS>EPSG:4258</CRS>
<CRS>EPSG:4326</CRS>
<CRS>CRS:84</CRS>
<CRS>EPSG:25831</CRS>
<CRS>EPSG:25832</CRS>
<CRS>EPSG:28992</CRS>
<CRS>EPSG:7399</CRS>
<CRS>EPSG:50001</CRS>
<CRS>EPSG:54030</CRS>
<CRS>EPSG:32661</CRS>
<CRS>EPSG:40000</CRS>
<CRS>EPSG:900913</CRS>
<BoundingBox CRS="EPSG:3411" minx="4160465.295476" miny="-2032778.046650" maxx="5152713.886442" maxy="-1094201.755101" />
<BoundingBox CRS="EPSG:3412" minx="10953720.735868" miny="24551153.424756" maxx="17357839.542316" maxy="31193283.566161" />
<BoundingBox CRS="EPSG:3575" minx="944654.756170" miny="-4915365.778946" maxx="1799149.841794" maxy="-4076333.036397" />
<BoundingBox CRS="EPSG:3857" minx="2504688.542849" miny="5400734.670517" maxx="3443946.746417" maxy="6457400.149532" />
<BoundingBox CRS="EPSG:4258" minx="43.580391" miny="22.500000" maxx="50.064192" maxy="30.937500" />
<BoundingBox CRS="EPSG:4326" minx="43.580391" miny="22.500000" maxx="50.064192" maxy="30.937500" />
<BoundingBox CRS="CRS:84" minx="43.580391" miny="22.500000" maxx="50.064192" maxy="30.937500" />
<BoundingBox CRS="EPSG:25831" minx="1890432.120948" miny="5013834.730166" maxx="2756879.093687" maxy="5930300.473245" />
<BoundingBox CRS="EPSG:25832" minx="1464574.775613" miny="4914677.955950" maxx="2272427.806902" maxy="5780365.618719" />
<BoundingBox CRS="EPSG:28992" minx="1373068.997232" miny="-337349.517275" maxx="2206836.899836" maxy="548917.494040" />
<BoundingBox CRS="EPSG:7399" minx="1709981.705414" miny="5185535.942585" maxx="2537039.886805" maxy="5880192.535616" />
<BoundingBox CRS="EPSG:50001" minx="-2000000.000000" miny="-2000000.000000" maxx="10000000.000000" maxy="8500000.000000" />
<BoundingBox CRS="EPSG:54030" minx="1844087.875547" miny="4655537.216460" maxx="2641501.603111" maxy="5333535.398077" />
<BoundingBox CRS="EPSG:32661" minx="3766180.814882" miny="-3029613.058561" maxx="4798782.508589" maxy="-1958634.440993" />
<BoundingBox CRS="EPSG:40000" minx="1776841.866078" miny="-5059972.895936" maxx="2815676.567997" maxy="-3982529.618705" />
<BoundingBox CRS="EPSG:900913" minx="2504688.542849" miny="5400734.670517" maxx="3443946.746417" maxy="6457400.149532" />
<Layer queryable="1" opaque="1" cascaded="0">
<Name>features</Name>
<Title>Features</Title>
<EX_GeographicBoundingBox>
  <westBoundLongitude>22.500000</westBoundLongitude>
  <eastBoundLongitude>30.937500</eastBoundLongitude>
  <southBoundLatitude>43.580391</southBoundLatitude>
  <northBoundLatitude>50.064192</northBoundLatitude>
</EX_GeographicBoundingBox><BoundingBox CRS="EPSG:3411" minx="4160465.295476" miny="-2032778.046650" maxx="5152713.886442" maxy="-1094201.755101" />
<BoundingBox CRS="EPSG:3412" minx="10953720.735868" miny="24551153.424756" maxx="17357839.542316" maxy="31193283.566161" />
<BoundingBox CRS="EPSG:3575" minx="944654.756170" miny="-4915365.778946" maxx="1799149.841794" maxy="-4076333.036397" />
<BoundingBox CRS="EPSG:3857" minx="2504688.542849" miny="5400734.670517" maxx="3443946.746417" maxy="6457400.149532" />
<BoundingBox CRS="EPSG:4258" minx="43.580391" miny="22.500000" maxx="50.064192" maxy="30.937500" />
<BoundingBox CRS="EPSG:4326" minx="43.580391" miny="22.500000" maxx="50.064192" maxy="30.937500" />
<BoundingBox CRS="CRS:84" minx="43.580391" miny="22.500000" maxx="50.064192" maxy="30.937500" />
<BoundingBox CRS="EPSG:25831" minx="1890432.120948" miny="5013834.730166" maxx="2756879.093687" maxy="5930300.473245" />
<BoundingBox CRS="EPSG:25832" minx="1464574.775613" miny="4914677.955950" maxx="2272427.806902" maxy="5780365.618719" />
<BoundingBox CRS="EPSG:28992" minx="1373068.997232" miny="-337349.517275" maxx="2206836.899836" maxy="548917.494040" />
<BoundingBox CRS="EPSG:7399" minx="1709981.705414" miny="5185535.942585" maxx="2537039.886805" maxy="5880192.535616" />
<BoundingBox CRS="EPSG:50001" minx="-2000000.000000" miny="-2000000.000000" maxx="10000000.000000" maxy="8500000.000000" />
<BoundingBox CRS="EPSG:54030" minx="1844087.875547" miny="4655537.216460" maxx="2641501.603111" maxy="5333535.398077" />
<BoundingBox CRS="EPSG:32661" minx="3766180.814882" miny="-3029613.058561" maxx="4798782.508589" maxy="-1958634.440993" />
<BoundingBox CRS="EPSG:40000" minx="1776841.866078" miny="-5059972.895936" maxx="2815676.567997" maxy="-3982529.618705" />
<BoundingBox CRS="EPSG:900913" minx="2504688.542849" miny="5400734.670517" maxx="3443946.746417" maxy="6457400.149532" />
<BoundingBox CRS="" minx="22.500000" miny="43.580391" maxx="30.937500" maxy="50.064192" />
<Dimension name="time" units="ISO8601" default="2018-12-04T12:10:00Z" multipleValues="1" nearestValue="0" current="1">2018-12-04T12:00:00Z,2018-12-04T12:05:00Z,2018-12-04T12:10:00Z</Dimension>
   <Style>    <Name>features/nearest</Name>    <Title>features/nearest</Title>    <LegendURL width="300" height="400">       <Format>image/png</Format>       <OnlineResource xlink:type="simple" xlink:href="DATASET=adaguc.testGeoJSONReader_time&amp;SERVICE=WMS&amp;&amp;version=1.1.1&amp;service=WMS&amp;request=GetLegendGraphic&amp;layer=features&amp;format=image/png&amp;STYLE=features/nearest"/>    </LegendURL>  </Style></Layer>
    </Layer>
  </Capability>
</WMS_Capabilities>
