<?xml version="1.0" encoding="UTF-8"?>
<WMS_Capabilities
        version="1.3.0"
        updateSequence="0"
        xmlns="http://www.opengis.net/wms"
        xmlns:xlink="http://www.w3.org/1999/xlink"
        xmlns:xsi="http://www.w3.org/2001/XMLSchema-instance"
        xsi:schemaLocation="http://www.opengis.net/wms http://schemas.opengis.net/wms/1.3.0/capabilities_1_3_0.xsd"

     >
    <Service>
        <Name>WMS</Name>
        <Title>adaguc.tests.datapostproc</Title>
        <Abstract>This service demonstrates how the ADAGUC server can be used to create OGC services.</Abstract>
        <KeywordList>
            <Keyword>view</Keyword>
            <Keyword>infoMapAccessService</Keyword>
            <Keyword>ADAGUCServer version 3.1.2, of Jun 30 2025 11:29:01 </Keyword>
        </KeywordList>
        <OnlineResource xlink:type="simple" xlink:href="DATASET=adaguc.tests.datapostproc&amp;SERVICE=WMS&amp;"/>
        <ContactInformation>
          
        </ContactInformation>
        <Fees>no conditions apply</Fees>
        <AccessConstraints>None</AccessConstraints>
        <MaxWidth>8192</MaxWidth>
        <MaxHeight>8192</MaxHeight>
    </Service>
    <Capability>
        <Request>
            <GetCapabilities>
                <Format>text/xml</Format>
                <DCPType><HTTP><Get><OnlineResource xlink:type="simple" xlink:href="DATASET=adaguc.tests.datapostproc&amp;SERVICE=WMS&amp;"/></Get></HTTP></DCPType>
            </GetCapabilities>
            <GetMap>
                <Format>image/png</Format>
                <Format>image/png;mode=8bit</Format>
                <Format>image/png;mode=8bit_noalpha</Format>
                <Format>image/png;mode=24bit</Format>
                <Format>image/png;mode=32bit</Format>
                <Format>image/gif</Format>
                <Format>image/jpeg</Format>
                <!--<Format>image/webp</Format>-->
                <DCPType><HTTP><Get><OnlineResource xlink:type="simple" xlink:href="DATASET=adaguc.tests.datapostproc&amp;SERVICE=WMS&amp;"/></Get></HTTP></DCPType>
            </GetMap>
            <GetFeatureInfo>
                <Format>image/png</Format>
                <Format>text/plain</Format>
                <Format>text/html</Format>
                <Format>text/xml</Format>
                <Format>application/json</Format>
                <DCPType><HTTP><Get><OnlineResource xlink:type="simple" xlink:href="DATASET=adaguc.tests.datapostproc&amp;SERVICE=WMS&amp;"/></Get></HTTP></DCPType>
            </GetFeatureInfo>
        </Request>
        <Exception>
            <Format>XML</Format>
            <Format>INIMAGE</Format>
            <Format>BLANK</Format>
        </Exception>
        <UserDefinedSymbolization SupportSLD="1" />
<Layer>
<Title>WMS of  adaguc.tests.datapostproc</Title>
<CRS>CRS:84</CRS>
<CRS>EPSG:25831</CRS>
<CRS>EPSG:25832</CRS>
<CRS>EPSG:28992</CRS>
<CRS>EPSG:3035</CRS>
<CRS>EPSG:3067</CRS>
<CRS>EPSG:32661</CRS>
<CRS>EPSG:3411</CRS>
<CRS>EPSG:3412</CRS>
<CRS>EPSG:3575</CRS>
<CRS>EPSG:3857</CRS>
<CRS>EPSG:40000</CRS>
<CRS>EPSG:4258</CRS>
<CRS>EPSG:4326</CRS>
<CRS>EPSG:50001</CRS>
<CRS>EPSG:54030</CRS>
<CRS>EPSG:7399</CRS>
<CRS>EPSG:900913</CRS>
<BoundingBox CRS="CRS:84" minx="-90.488892" miny="-180.494446" maxx="89.511108" maxy="179.505554" />
<BoundingBox CRS="EPSG:25831" minx="-15931605.907041" miny="-19720315.591565" maxx="17051580.684528" maxy="19828593.536145" />
<BoundingBox CRS="EPSG:25832" minx="-14709787.414601" miny="-19720736.728277" maxx="17177711.901099" maxy="47405035.658741" />
<BoundingBox CRS="EPSG:28992" minx="-352494887.244074" miny="-527708138.497395" maxx="319428390.883462" maxy="521690003.576207" />
<BoundingBox CRS="EPSG:3035" minx="-8345923.543753" miny="-9395610.119493" maxx="17002297.072989" maxy="15723257.709322" />
<BoundingBox CRS="EPSG:3067" minx="-15931605.907041" miny="-19720315.591565" maxx="17051580.684528" maxy="19828593.536145" />
<BoundingBox CRS="EPSG:32661" minx="-407173329.856895" miny="-406795071.401436" maxx="411420024.012517" maxy="411546161.390658" />
<BoundingBox CRS="EPSG:3411" minx="-399240949.703125" miny="-399607437.540235" maxx="399487065.269510" maxy="398879979.546019" />
<BoundingBox CRS="EPSG:3412" minx="-2868126705.493384" miny="-2870740092.047709" maxx="2869855924.003487" maxy="2865475278.583282" />
<BoundingBox CRS="EPSG:3575" minx="-12712149.336113" miny="-12731583.256617" maxx="12735505.704073" maxy="12723911.899582" />
<BoundingBox CRS="EPSG:3857" minx="-19201993.871211" miny="-22228632.557364" maxx="19982466.888021" maxy="34805382.412607" />
<BoundingBox CRS="EPSG:40000" minx="-411643188.990840" miny="-411262647.285147" maxx="411891372.245993" maxy="412018271.016759" />
<BoundingBox CRS="EPSG:4258" minx="-90.488892" miny="-180.494446" maxx="89.511108" maxy="179.505554" />
<BoundingBox CRS="EPSG:4326" minx="-90.488892" miny="-180.494446" maxx="89.511108" maxy="179.505554" />
<BoundingBox CRS="EPSG:50001" minx="-2000000.000000" miny="-2000000.000000" maxx="10000000.000000" maxy="8500000.000000" />
<BoundingBox CRS="EPSG:54030" minx="-16294244.470419" miny="-8493172.970167" maxx="16956530.805045" maxy="8610630.466538" />
<BoundingBox CRS="EPSG:7399" minx="-17284159.484400" miny="-8898366.230070" maxx="17986681.325950" maxy="9020047.848074" />
<BoundingBox CRS="EPSG:900913" minx="-19201993.871211" miny="-22228632.557364" maxx="19982466.888021" maxy="34805382.412607" />
<Layer queryable="1" opaque="1" cascaded="0">
<Name>output</Name>
<Title>Data at height 2000 minus data at height 8000</Title>
<EX_GeographicBoundingBox>
  <westBoundLongitude>-180.494446</westBoundLongitude>
  <eastBoundLongitude>179.505554</eastBoundLongitude>
  <southBoundLatitude>-90.488892</southBoundLatitude>
  <northBoundLatitude>89.511108</northBoundLatitude>
</EX_GeographicBoundingBox><BoundingBox CRS="CRS:84" minx="-90.488892" miny="-180.494446" maxx="89.511108" maxy="179.505554" />
<BoundingBox CRS="EPSG:25831" minx="-15931605.907041" miny="-19720315.591565" maxx="17051580.684528" maxy="19828593.536145" />
<BoundingBox CRS="EPSG:25832" minx="-14709787.414601" miny="-19720736.728277" maxx="17177711.901099" maxy="47405035.658741" />
<BoundingBox CRS="EPSG:28992" minx="-352494887.244074" miny="-527708138.497395" maxx="319428390.883462" maxy="521690003.576207" />
<BoundingBox CRS="EPSG:3035" minx="-8345923.543753" miny="-9395610.119493" maxx="17002297.072989" maxy="15723257.709322" />
<BoundingBox CRS="EPSG:3067" minx="-15931605.907041" miny="-19720315.591565" maxx="17051580.684528" maxy="19828593.536145" />
<BoundingBox CRS="EPSG:32661" minx="-407173329.856895" miny="-406795071.401436" maxx="411420024.012517" maxy="411546161.390658" />
<BoundingBox CRS="EPSG:3411" minx="-399240949.703125" miny="-399607437.540235" maxx="399487065.269510" maxy="398879979.546019" />
<BoundingBox CRS="EPSG:3412" minx="-2868126705.493384" miny="-2870740092.047709" maxx="2869855924.003487" maxy="2865475278.583282" />
<BoundingBox CRS="EPSG:3575" minx="-12712149.336113" miny="-12731583.256617" maxx="12735505.704073" maxy="12723911.899582" />
<BoundingBox CRS="EPSG:3857" minx="-19201993.871211" miny="-22228632.557364" maxx="19982466.888021" maxy="34805382.412607" />
<BoundingBox CRS="EPSG:40000" minx="-411643188.990840" miny="-411262647.285147" maxx="411891372.245993" maxy="412018271.016759" />
<BoundingBox CRS="EPSG:4258" minx="-90.488892" miny="-180.494446" maxx="89.511108" maxy="179.505554" />
<BoundingBox CRS="EPSG:4326" minx="-90.488892" miny="-180.494446" maxx="89.511108" maxy="179.505554" />
<BoundingBox CRS="EPSG:50001" minx="-2000000.000000" miny="-2000000.000000" maxx="10000000.000000" maxy="8500000.000000" />
<BoundingBox CRS="EPSG:54030" minx="-16294244.470419" miny="-8493172.970167" maxx="16956530.805045" maxy="8610630.466538" />
<BoundingBox CRS="EPSG:7399" minx="-17284159.484400" miny="-8898366.230070" maxx="17986681.325950" maxy="9020047.848074" />
<BoundingBox CRS="EPSG:900913" minx="-19201993.871211" miny="-22228632.557364" maxx="19982466.888021" maxy="34805382.412607" />
<Dimension name="time" units="ISO8601" default="2017-01-01T00:10:00Z" multipleValues="1" nearestValue="0" current="1">2017-01-01T00:00:00Z,2017-01-01T00:05:00Z,2017-01-01T00:10:00Z</Dimension>
<Dimension name="member" units="member number" default="member1" multipleValues="1" nearestValue="0" >member6,member5,member4,member3,member2,member1</Dimension>
   <Style>    <Name>auto/nearest</Name>    <Title>auto/nearest</Title>    <LegendURL width="300" height="400">       <Format>image/png</Format>       <OnlineResource xlink:type="simple" xlink:href="DATASET=adaguc.tests.datapostproc&amp;SERVICE=WMS&amp;&amp;version=1.1.1&amp;service=WMS&amp;request=GetLegendGraphic&amp;layer=output&amp;format=image/png&amp;STYLE=auto/nearest"/>    </LegendURL>  </Style>   <Style>    <Name>auto/bilinear</Name>    <Title>auto/bilinear</Title>    <LegendURL width="300" height="400">       <Format>image/png</Format>       <OnlineResource xlink:type="simple" xlink:href="DATASET=adaguc.tests.datapostproc&amp;SERVICE=WMS&amp;&amp;version=1.1.1&amp;service=WMS&amp;request=GetLegendGraphic&amp;layer=output&amp;format=image/png&amp;STYLE=auto/bilinear"/>    </LegendURL>  </Style>   <Style>    <Name>auto/point</Name>    <Title>auto/point</Title>    <LegendURL width="300" height="400">       <Format>image/png</Format>       <OnlineResource xlink:type="simple" xlink:href="DATASET=adaguc.tests.datapostproc&amp;SERVICE=WMS&amp;&amp;version=1.1.1&amp;service=WMS&amp;request=GetLegendGraphic&amp;layer=output&amp;format=image/png&amp;STYLE=auto/point"/>    </LegendURL>  </Style>   <Style>    <Name>auto/barb</Name>    <Title>auto/barb</Title>    <LegendURL width="300" height="400">       <Format>image/png</Format>       <OnlineResource xlink:type="simple" xlink:href="DATASET=adaguc.tests.datapostproc&amp;SERVICE=WMS&amp;&amp;version=1.1.1&amp;service=WMS&amp;request=GetLegendGraphic&amp;layer=output&amp;format=image/png&amp;STYLE=auto/barb"/>    </LegendURL>  </Style></Layer>
<Layer queryable="1" opaque="1" cascaded="0">
<Name>RAD_NL25_PCP_CM</Name>
<Title>Precipitation Radar NL</Title>
<EX_GeographicBoundingBox>
  <westBoundLongitude>0.000000</westBoundLongitude>
  <eastBoundLongitude>10.856452</eastBoundLongitude>
  <southBoundLatitude>48.895303</southBoundLatitude>
  <northBoundLatitude>55.973600</northBoundLatitude>
</EX_GeographicBoundingBox><BoundingBox CRS="CRS:84" minx="48.895303" miny="0.000000" maxx="55.973600" maxy="10.856452" />
<BoundingBox CRS="EPSG:25831" minx="282182.345906" miny="5433247.394257" maxx="997135.658676" maxy="6207204.592734" />
<BoundingBox CRS="EPSG:25832" minx="-153083.018869" miny="5415817.312926" maxx="617595.626092" maxy="6239769.309880" />
<BoundingBox CRS="EPSG:28992" minx="-236275.338083" miny="106727.731651" maxx="501527.918656" maxy="900797.079725" />
<BoundingBox CRS="EPSG:3035" minx="3597017.556374" miny="2865161.520380" maxx="4375302.161526" maxy="3695560.668100" />
<BoundingBox CRS="EPSG:3067" minx="-1446916.065086" miny="5573856.921621" maxx="-517713.794901" maxy="6537293.852968" />
<BoundingBox CRS="EPSG:32661" minx="2000000.000000" miny="-2703305.597319" maxx="2745713.040381" maxy="-1888346.216710" />
<BoundingBox CRS="EPSG:3411" minx="2682754.743620" miny="-3245034.014141" maxx="3759536.917562" maxy="-2168251.989038" />
<BoundingBox CRS="EPSG:3412" minx="0.000000" miny="32318824.826266" maxx="7413041.166015" maxy="40075258.815074" />
<BoundingBox CRS="EPSG:3575" minx="-770622.801471" miny="-4485814.811314" maxx="56845.766135" maxy="-3684039.443620" />
<BoundingBox CRS="EPSG:3857" minx="0.000000" miny="6257115.219364" maxx="1208534.698398" maxy="7553161.958695" />
<BoundingBox CRS="EPSG:40000" minx="0.000000" miny="-4731695.771951" maxx="750214.326339" maxy="-3911817.119426" />
<BoundingBox CRS="EPSG:4258" minx="48.895303" miny="0.000000" maxx="55.973600" maxy="10.856452" />
<BoundingBox CRS="EPSG:4326" minx="48.895303" miny="0.000000" maxx="55.973600" maxy="10.856452" />
<BoundingBox CRS="EPSG:50001" minx="-2000000.000000" miny="-2000000.000000" maxx="10000000.000000" maxy="8500000.000000" />
<BoundingBox CRS="EPSG:54030" minx="0.000000" miny="5212368.744545" maxx="853649.694601" maxy="5936460.867117" />
<BoundingBox CRS="EPSG:7399" minx="0.000000" miny="5757301.056717" maxx="763611.971696" maxy="6483919.801602" />
<BoundingBox CRS="EPSG:900913" minx="0.000000" miny="6257115.219364" maxx="1208534.698398" maxy="7553161.958695" />
<BoundingBox CRS="PROJ4:%2Bproj%3Dstere%20%2Blat_0%3D90%20%2Blon_0%3D0%20%2Blat_ts%3D60%20%2Ba%3D6378%2E14%20%2Bb%3D6356%2E75%20%2Bx_0%3D0%20y_0%3D0" minx="0.000000" miny="-4415002.985868" maxx="700002.419949" maxy="-3649999.338064" />
<Dimension name="time" units="ISO8601" default="2021-06-22T20:00:00Z" multipleValues="1" nearestValue="0" current="1">2021-06-22T20:00:00Z</Dimension>
   <Style>    <Name>radar/nearest</Name>    <Title>radar/nearest</Title>    <LegendURL width="300" height="400">       <Format>image/png</Format>       <OnlineResource xlink:type="simple" xlink:href="DATASET=adaguc.tests.datapostproc&amp;SERVICE=WMS&amp;&amp;version=1.1.1&amp;service=WMS&amp;request=GetLegendGraphic&amp;layer=RAD_NL25_PCP_CM&amp;format=image/png&amp;STYLE=radar/nearest"/>    </LegendURL>  </Style></Layer>
<Layer queryable="1" opaque="1" cascaded="0">
<Name>testdata</Name>
<Title>Testdata (testdata)</Title>
<EX_GeographicBoundingBox>
  <westBoundLongitude>-27.243262</westBoundLongitude>
  <eastBoundLongitude>32.676474</eastBoundLongitude>
  <southBoundLatitude>37.353267</southBoundLatitude>
  <northBoundLatitude>65.888228</northBoundLatitude>
</EX_GeographicBoundingBox><BoundingBox CRS="CRS:84" minx="37.353267" miny="-27.243262" maxx="65.888228" maxy="32.676474" />
<BoundingBox CRS="EPSG:25831" minx="-1027208.918278" miny="4257313.340443" maxx="2043762.674535" maxy="7377735.559200" />
<BoundingBox CRS="EPSG:25832" minx="-1466672.497489" miny="4259561.094168" maxx="1661151.953190" maxy="7434111.038690" />
<BoundingBox CRS="EPSG:28992" minx="-1500000.013502" miny="-999999.971392" maxx="1500000.013695" maxy="1999999.970643" />
<BoundingBox CRS="EPSG:3035" minx="2295838.493287" miny="1712442.289194" maxx="5435712.495466" maxy="4854629.220149" />
<BoundingBox CRS="EPSG:3067" minx="-3107150.509005" miny="4216726.250381" maxx="783036.427152" maxy="8092286.994278" />
<BoundingBox CRS="EPSG:32661" minx="563088.214526" miny="-4115048.787613" maxx="4171081.663734" maxy="-526949.004322" />
<BoundingBox CRS="EPSG:3411" minx="933738.467048" miny="-5198602.302407" maxx="5505159.473396" maxy="-624860.474641" />
<BoundingBox CRS="EPSG:3412" minx="-22730542.445111" miny="23540323.467699" maxx="28030213.239617" maxy="57270128.565974" />
<BoundingBox CRS="EPSG:3575" minx="-2218769.469677" miny="-5518468.599995" maxx="1133233.008108" maxy="-2440685.041382" />
<BoundingBox CRS="EPSG:3857" minx="-3032706.025370" miny="4488462.769264" maxx="3637528.401374" maxy="9846321.862963" />
<BoundingBox CRS="EPSG:40000" minx="-1445783.122941" miny="-6152041.625092" maxx="2184444.508852" maxy="-2541858.533346" />
<BoundingBox CRS="EPSG:4258" minx="37.352373" miny="-27.248854" maxx="65.890829" maxy="32.682179" />
<BoundingBox CRS="EPSG:4326" minx="37.353267" miny="-27.243262" maxx="65.888228" maxy="32.676474" />
<BoundingBox CRS="EPSG:50001" minx="-2000000.000000" miny="-2000000.000000" maxx="10000000.000000" maxy="8500000.000000" />
<BoundingBox CRS="EPSG:54030" minx="-2010910.349488" miny="3994561.026658" maxx="2383791.664599" maxy="6899708.714622" />
<BoundingBox CRS="EPSG:7399" minx="-1688218.598491" miny="4491365.234972" maxx="1973986.260472" maxy="7420353.104506" />
<BoundingBox CRS="EPSG:900913" minx="-3032706.025370" miny="4488462.769264" maxx="3637528.401374" maxy="9846321.862963" />
   <Style>    <Name>auto/nearest</Name>    <Title>auto/nearest</Title>    <LegendURL width="300" height="400">       <Format>image/png</Format>       <OnlineResource xlink:type="simple" xlink:href="DATASET=adaguc.tests.datapostproc&amp;SERVICE=WMS&amp;&amp;version=1.1.1&amp;service=WMS&amp;request=GetLegendGraphic&amp;layer=testdata&amp;format=image/png&amp;STYLE=auto/nearest"/>    </LegendURL>  </Style>   <Style>    <Name>auto/bilinear</Name>    <Title>auto/bilinear</Title>    <LegendURL width="300" height="400">       <Format>image/png</Format>       <OnlineResource xlink:type="simple" xlink:href="DATASET=adaguc.tests.datapostproc&amp;SERVICE=WMS&amp;&amp;version=1.1.1&amp;service=WMS&amp;request=GetLegendGraphic&amp;layer=testdata&amp;format=image/png&amp;STYLE=auto/bilinear"/>    </LegendURL>  </Style>   <Style>    <Name>auto/point</Name>    <Title>auto/point</Title>    <LegendURL width="300" height="400">       <Format>image/png</Format>       <OnlineResource xlink:type="simple" xlink:href="DATASET=adaguc.tests.datapostproc&amp;SERVICE=WMS&amp;&amp;version=1.1.1&amp;service=WMS&amp;request=GetLegendGraphic&amp;layer=testdata&amp;format=image/png&amp;STYLE=auto/point"/>    </LegendURL>  </Style>   <Style>    <Name>auto/barb</Name>    <Title>auto/barb</Title>    <LegendURL width="300" height="400">       <Format>image/png</Format>       <OnlineResource xlink:type="simple" xlink:href="DATASET=adaguc.tests.datapostproc&amp;SERVICE=WMS&amp;&amp;version=1.1.1&amp;service=WMS&amp;request=GetLegendGraphic&amp;layer=testdata&amp;format=image/png&amp;STYLE=auto/barb"/>    </LegendURL>  </Style></Layer>
    </Layer>
  </Capability>
</WMS_Capabilities>
