SLD parameter value needs to be a url pointed to a .xml file