<?xml version='1.0' encoding="ISO-8859-1" ?>
<CoverageDescription
   version="1.0.0" 
   updateSequence="0" 
   xmlns="http://www.opengis.net/wcs" 
   xmlns:xlink="http://www.w3.org/1999/xlink" 
   xmlns:gml="http://www.opengis.net/gml" 
   xmlns:xsi="http://www.w3.org/2001/XMLSchema-instance"
   xsi:schemaLocation="http://www.opengis.net/wcs http://schemas.opengis.net/wcs/1.0.0/describeCoverage.xsd">
  <CoverageOffering>
  <description>ff</description>
  <name>ff</name>
  <label>Wind Speed at 10m 10 Min Average (ff)</label>
  <uom>m s-1</uom>
  <lonLatEnvelope srsName="urn:ogc:def:crs:OGC:1.3:CRS84">
    <gml:pos>-68.275833 12.130000</gml:pos>
    <gml:pos>7.149322 55.399166</gml:pos>
  </lonLatEnvelope>
  <domainSet>
    <spatialDomain>
        <gml:Envelope srsName="CRS:84">
          <gml:pos>-68.275833 12.130000</gml:pos>
          <gml:pos>7.149322 55.399166</gml:pos>
        </gml:Envelope>
        <gml:Envelope srsName="EPSG:25831">
          <gml:pos>-9906758.676129 1341055.638469</gml:pos>
          <gml:pos>951836.432640 8605856.308089</gml:pos>
        </gml:Envelope>
        <gml:Envelope srsName="EPSG:25832">
          <gml:pos>-11426227.343341 1341612.511753</gml:pos>
          <gml:pos>382800.244818 9034799.679759</gml:pos>
        </gml:Envelope>
        <gml:Envelope srsName="EPSG:28992">
          <gml:pos>-8805606.109966 -4164572.069133</gml:pos>
          <gml:pos>372143.463211 3233625.747402</gml:pos>
        </gml:Envelope>
        <gml:Envelope srsName="EPSG:3035">
          <gml:pos>-3285690.070643 -1119543.780627</gml:pos>
          <gml:pos>4140352.577818 6071044.702106</gml:pos>
        </gml:Envelope>
        <gml:Envelope srsName="EPSG:3067">
          <gml:pos>-13588402.263697 1423498.626368</gml:pos>
          <gml:pos>-747816.881762 12453122.100930</gml:pos>
        </gml:Envelope>
        <gml:Envelope srsName="EPSG:32661">
          <gml:pos>-7498001.230434 -8223848.076474</gml:pos>
          <gml:pos>3272454.133168 535002.459267</gml:pos>
        </gml:Envelope>
        <gml:Envelope srsName="EPSG:3411">
          <gml:pos>-3942117.046146 -9975996.132113</gml:pos>
          <gml:pos>7877215.337643 -2369697.552660</gml:pos>
        </gml:Envelope>
        <gml:Envelope srsName="EPSG:3412">
          <gml:pos>-36574088.915720 5641285.215970</gml:pos>
          <gml:pos>4899857.294031 39369117.726749</gml:pos>
        </gml:Envelope>
        <gml:Envelope srsName="EPSG:3575">
          <gml:pos>-7844965.759495 -8002206.437441</gml:pos>
          <gml:pos>-189084.750364 -772564.105215</gml:pos>
        </gml:Envelope>
        <gml:Envelope srsName="EPSG:3857">
          <gml:pos>-7600430.977505 1360506.839359</gml:pos>
          <gml:pos>795858.888223 7439724.721958</gml:pos>
        </gml:Envelope>
        <gml:Envelope srsName="EPSG:40000">
          <gml:pos>-9555333.229813 -10285561.445145</gml:pos>
          <gml:pos>1280134.942825 -1473840.584239</gml:pos>
        </gml:Envelope>
        <gml:Envelope srsName="EPSG:4258">
          <gml:pos>-68.275833 12.130000</gml:pos>
          <gml:pos>7.149322 55.399166</gml:pos>
        </gml:Envelope>
        <gml:Envelope srsName="EPSG:4326">
          <gml:pos>-68.275833 12.130000</gml:pos>
          <gml:pos>7.149322 55.399166</gml:pos>
        </gml:Envelope>
        <gml:Envelope srsName="EPSG:50001">
          <gml:pos>-2000000.000000 -2000000.000000</gml:pos>
          <gml:pos>10000000.000000 8500000.000000</gml:pos>
        </gml:Envelope>
        <gml:Envelope srsName="EPSG:54030">
          <gml:pos>-6408021.286199 1297326.829390</gml:pos>
          <gml:pos>670998.883042 5878649.483190</gml:pos>
        </gml:Envelope>
        <gml:Envelope srsName="EPSG:7399">
          <gml:pos>-6748084.942175 1495513.911739</gml:pos>
          <gml:pos>706607.743114 6426594.553880</gml:pos>
        </gml:Envelope>
        <gml:Envelope srsName="EPSG:900913">
          <gml:pos>-7600430.977505 1360506.839359</gml:pos>
          <gml:pos>795858.888223 7439724.721958</gml:pos>
        </gml:Envelope>
        <gml:RectifiedGrid dimension="2">
          <gml:limits>
            <gml:GridEnvelope>
              <gml:low>0 0</gml:low>
              <gml:high>999 999</gml:high>
            </gml:GridEnvelope>
          </gml:limits>
          <gml:axisName>x</gml:axisName>
          <gml:axisName>y</gml:axisName>
          <gml:origin>
            <gml:pos>-68.275833 12.130000</gml:pos>
          </gml:origin>
          <gml:offsetVector>37.712578 0</gml:offsetVector>
          <gml:offsetVector>0 21.634583</gml:offsetVector>
        </gml:RectifiedGrid>
      </spatialDomain>
      <temporalDomain>
        <gml:timePosition>2020-12-20T12:30:00Z</gml:timePosition>
      </temporalDomain>
    </domainSet>
    <rangeSet>
      <RangeSet>
        <name>dimensions</name>
        <label>dimensions</label>
        <axisDescription>
          <AxisDescription>
            <name>time</name>
            <label>time</label>
          </AxisDescription>
        </axisDescription>
      </RangeSet>
    </rangeSet>
    <supportedCRSs>
      <requestResponseCRSs>CRS:84</requestResponseCRSs>
      <requestResponseCRSs>EPSG:25831</requestResponseCRSs>
      <requestResponseCRSs>EPSG:25832</requestResponseCRSs>
      <requestResponseCRSs>EPSG:28992</requestResponseCRSs>
      <requestResponseCRSs>EPSG:3035</requestResponseCRSs>
      <requestResponseCRSs>EPSG:3067</requestResponseCRSs>
      <requestResponseCRSs>EPSG:32661</requestResponseCRSs>
      <requestResponseCRSs>EPSG:3411</requestResponseCRSs>
      <requestResponseCRSs>EPSG:3412</requestResponseCRSs>
      <requestResponseCRSs>EPSG:3575</requestResponseCRSs>
      <requestResponseCRSs>EPSG:3857</requestResponseCRSs>
      <requestResponseCRSs>EPSG:40000</requestResponseCRSs>
      <requestResponseCRSs>EPSG:4258</requestResponseCRSs>
      <requestResponseCRSs>EPSG:4326</requestResponseCRSs>
      <requestResponseCRSs>EPSG:50001</requestResponseCRSs>
      <requestResponseCRSs>EPSG:54030</requestResponseCRSs>
      <requestResponseCRSs>EPSG:7399</requestResponseCRSs>
      <requestResponseCRSs>EPSG:900913</requestResponseCRSs>
      <nativeCRSs></nativeCRSs>
    </supportedCRSs>
    <supportedFormats nativeFormat="NetCDF4">
      <formats>GeoTIFF</formats>
      <formats>AAIGRID</formats>
      <formats>netcdf</formats>
      <formats>NetCDF3</formats>
      <formats>NetCDF4</formats>
      <formats>aaigrid</formats>
      <formats>geotiff</formats>
    </supportedFormats>
    <supportedInterpolations default="nearest neighbor">
      <interpolationMethod>nearest neighbor</interpolationMethod>
    </supportedInterpolations>
</CoverageOffering>
  <CoverageOffering>
  <description>dd</description>
  <name>dd</name>
  <label>Wind Direction 10 Min Average (dd)</label>
  <uom>degree</uom>
  <lonLatEnvelope srsName="urn:ogc:def:crs:OGC:1.3:CRS84">
    <gml:pos>-68.275833 12.130000</gml:pos>
    <gml:pos>7.149322 55.399166</gml:pos>
  </lonLatEnvelope>
  <domainSet>
    <spatialDomain>
        <gml:Envelope srsName="CRS:84">
          <gml:pos>-68.275833 12.130000</gml:pos>
          <gml:pos>7.149322 55.399166</gml:pos>
        </gml:Envelope>
        <gml:Envelope srsName="EPSG:25831">
          <gml:pos>-9906758.676129 1341055.638469</gml:pos>
          <gml:pos>951836.432640 8605856.308089</gml:pos>
        </gml:Envelope>
        <gml:Envelope srsName="EPSG:25832">
          <gml:pos>-11426227.343341 1341612.511753</gml:pos>
          <gml:pos>382800.244818 9034799.679759</gml:pos>
        </gml:Envelope>
        <gml:Envelope srsName="EPSG:28992">
          <gml:pos>-8805606.109966 -4164572.069133</gml:pos>
          <gml:pos>372143.463211 3233625.747402</gml:pos>
        </gml:Envelope>
        <gml:Envelope srsName="EPSG:3035">
          <gml:pos>-3285690.070643 -1119543.780627</gml:pos>
          <gml:pos>4140352.577818 6071044.702106</gml:pos>
        </gml:Envelope>
        <gml:Envelope srsName="EPSG:3067">
          <gml:pos>-13588402.263697 1423498.626368</gml:pos>
          <gml:pos>-747816.881762 12453122.100930</gml:pos>
        </gml:Envelope>
        <gml:Envelope srsName="EPSG:32661">
          <gml:pos>-7498001.230434 -8223848.076474</gml:pos>
          <gml:pos>3272454.133168 535002.459267</gml:pos>
        </gml:Envelope>
        <gml:Envelope srsName="EPSG:3411">
          <gml:pos>-3942117.046146 -9975996.132113</gml:pos>
          <gml:pos>7877215.337643 -2369697.552660</gml:pos>
        </gml:Envelope>
        <gml:Envelope srsName="EPSG:3412">
          <gml:pos>-36574088.915720 5641285.215970</gml:pos>
          <gml:pos>4899857.294031 39369117.726749</gml:pos>
        </gml:Envelope>
        <gml:Envelope srsName="EPSG:3575">
          <gml:pos>-7844965.759495 -8002206.437441</gml:pos>
          <gml:pos>-189084.750364 -772564.105215</gml:pos>
        </gml:Envelope>
        <gml:Envelope srsName="EPSG:3857">
          <gml:pos>-7600430.977505 1360506.839359</gml:pos>
          <gml:pos>795858.888223 7439724.721958</gml:pos>
        </gml:Envelope>
        <gml:Envelope srsName="EPSG:40000">
          <gml:pos>-9555333.229813 -10285561.445145</gml:pos>
          <gml:pos>1280134.942825 -1473840.584239</gml:pos>
        </gml:Envelope>
        <gml:Envelope srsName="EPSG:4258">
          <gml:pos>-68.275833 12.130000</gml:pos>
          <gml:pos>7.149322 55.399166</gml:pos>
        </gml:Envelope>
        <gml:Envelope srsName="EPSG:4326">
          <gml:pos>-68.275833 12.130000</gml:pos>
          <gml:pos>7.149322 55.399166</gml:pos>
        </gml:Envelope>
        <gml:Envelope srsName="EPSG:50001">
          <gml:pos>-2000000.000000 -2000000.000000</gml:pos>
          <gml:pos>10000000.000000 8500000.000000</gml:pos>
        </gml:Envelope>
        <gml:Envelope srsName="EPSG:54030">
          <gml:pos>-6408021.286199 1297326.829390</gml:pos>
          <gml:pos>670998.883042 5878649.483190</gml:pos>
        </gml:Envelope>
        <gml:Envelope srsName="EPSG:7399">
          <gml:pos>-6748084.942175 1495513.911739</gml:pos>
          <gml:pos>706607.743114 6426594.553880</gml:pos>
        </gml:Envelope>
        <gml:Envelope srsName="EPSG:900913">
          <gml:pos>-7600430.977505 1360506.839359</gml:pos>
          <gml:pos>795858.888223 7439724.721958</gml:pos>
        </gml:Envelope>
        <gml:RectifiedGrid dimension="2">
          <gml:limits>
            <gml:GridEnvelope>
              <gml:low>0 0</gml:low>
              <gml:high>999 999</gml:high>
            </gml:GridEnvelope>
          </gml:limits>
          <gml:axisName>x</gml:axisName>
          <gml:axisName>y</gml:axisName>
          <gml:origin>
            <gml:pos>-68.275833 12.130000</gml:pos>
          </gml:origin>
          <gml:offsetVector>37.712578 0</gml:offsetVector>
          <gml:offsetVector>0 21.634583</gml:offsetVector>
        </gml:RectifiedGrid>
      </spatialDomain>
      <temporalDomain>
        <gml:timePosition>2020-12-20T12:30:00Z</gml:timePosition>
      </temporalDomain>
    </domainSet>
    <rangeSet>
      <RangeSet>
        <name>dimensions</name>
        <label>dimensions</label>
        <axisDescription>
          <AxisDescription>
            <name>time</name>
            <label>time</label>
          </AxisDescription>
        </axisDescription>
      </RangeSet>
    </rangeSet>
    <supportedCRSs>
      <requestResponseCRSs>CRS:84</requestResponseCRSs>
      <requestResponseCRSs>EPSG:25831</requestResponseCRSs>
      <requestResponseCRSs>EPSG:25832</requestResponseCRSs>
      <requestResponseCRSs>EPSG:28992</requestResponseCRSs>
      <requestResponseCRSs>EPSG:3035</requestResponseCRSs>
      <requestResponseCRSs>EPSG:3067</requestResponseCRSs>
      <requestResponseCRSs>EPSG:32661</requestResponseCRSs>
      <requestResponseCRSs>EPSG:3411</requestResponseCRSs>
      <requestResponseCRSs>EPSG:3412</requestResponseCRSs>
      <requestResponseCRSs>EPSG:3575</requestResponseCRSs>
      <requestResponseCRSs>EPSG:3857</requestResponseCRSs>
      <requestResponseCRSs>EPSG:40000</requestResponseCRSs>
      <requestResponseCRSs>EPSG:4258</requestResponseCRSs>
      <requestResponseCRSs>EPSG:4326</requestResponseCRSs>
      <requestResponseCRSs>EPSG:50001</requestResponseCRSs>
      <requestResponseCRSs>EPSG:54030</requestResponseCRSs>
      <requestResponseCRSs>EPSG:7399</requestResponseCRSs>
      <requestResponseCRSs>EPSG:900913</requestResponseCRSs>
      <nativeCRSs></nativeCRSs>
    </supportedCRSs>
    <supportedFormats nativeFormat="NetCDF4">
      <formats>GeoTIFF</formats>
      <formats>AAIGRID</formats>
      <formats>netcdf</formats>
      <formats>NetCDF3</formats>
      <formats>NetCDF4</formats>
      <formats>aaigrid</formats>
      <formats>geotiff</formats>
    </supportedFormats>
    <supportedInterpolations default="nearest neighbor">
      <interpolationMethod>nearest neighbor</interpolationMethod>
    </supportedInterpolations>
</CoverageOffering>
  <CoverageOffering>
  <description>ta</description>
  <name>ta</name>
  <label>Air Temperature 1 Min Average (ta)</label>
  <uom>degrees Celsius</uom>
  <lonLatEnvelope srsName="urn:ogc:def:crs:OGC:1.3:CRS84">
    <gml:pos>-68.275833 12.130000</gml:pos>
    <gml:pos>7.149322 55.399166</gml:pos>
  </lonLatEnvelope>
  <domainSet>
    <spatialDomain>
        <gml:Envelope srsName="CRS:84">
          <gml:pos>-68.275833 12.130000</gml:pos>
          <gml:pos>7.149322 55.399166</gml:pos>
        </gml:Envelope>
        <gml:Envelope srsName="EPSG:25831">
          <gml:pos>-9906758.676129 1341055.638469</gml:pos>
          <gml:pos>951836.432640 8605856.308089</gml:pos>
        </gml:Envelope>
        <gml:Envelope srsName="EPSG:25832">
          <gml:pos>-11426227.343341 1341612.511753</gml:pos>
          <gml:pos>382800.244818 9034799.679759</gml:pos>
        </gml:Envelope>
        <gml:Envelope srsName="EPSG:28992">
          <gml:pos>-8805606.109966 -4164572.069133</gml:pos>
          <gml:pos>372143.463211 3233625.747402</gml:pos>
        </gml:Envelope>
        <gml:Envelope srsName="EPSG:3035">
          <gml:pos>-3285690.070643 -1119543.780627</gml:pos>
          <gml:pos>4140352.577818 6071044.702106</gml:pos>
        </gml:Envelope>
        <gml:Envelope srsName="EPSG:3067">
          <gml:pos>-13588402.263697 1423498.626368</gml:pos>
          <gml:pos>-747816.881762 12453122.100930</gml:pos>
        </gml:Envelope>
        <gml:Envelope srsName="EPSG:32661">
          <gml:pos>-7498001.230434 -8223848.076474</gml:pos>
          <gml:pos>3272454.133168 535002.459267</gml:pos>
        </gml:Envelope>
        <gml:Envelope srsName="EPSG:3411">
          <gml:pos>-3942117.046146 -9975996.132113</gml:pos>
          <gml:pos>7877215.337643 -2369697.552660</gml:pos>
        </gml:Envelope>
        <gml:Envelope srsName="EPSG:3412">
          <gml:pos>-36574088.915720 5641285.215970</gml:pos>
          <gml:pos>4899857.294031 39369117.726749</gml:pos>
        </gml:Envelope>
        <gml:Envelope srsName="EPSG:3575">
          <gml:pos>-7844965.759495 -8002206.437441</gml:pos>
          <gml:pos>-189084.750364 -772564.105215</gml:pos>
        </gml:Envelope>
        <gml:Envelope srsName="EPSG:3857">
          <gml:pos>-7600430.977505 1360506.839359</gml:pos>
          <gml:pos>795858.888223 7439724.721958</gml:pos>
        </gml:Envelope>
        <gml:Envelope srsName="EPSG:40000">
          <gml:pos>-9555333.229813 -10285561.445145</gml:pos>
          <gml:pos>1280134.942825 -1473840.584239</gml:pos>
        </gml:Envelope>
        <gml:Envelope srsName="EPSG:4258">
          <gml:pos>-68.275833 12.130000</gml:pos>
          <gml:pos>7.149322 55.399166</gml:pos>
        </gml:Envelope>
        <gml:Envelope srsName="EPSG:4326">
          <gml:pos>-68.275833 12.130000</gml:pos>
          <gml:pos>7.149322 55.399166</gml:pos>
        </gml:Envelope>
        <gml:Envelope srsName="EPSG:50001">
          <gml:pos>-2000000.000000 -2000000.000000</gml:pos>
          <gml:pos>10000000.000000 8500000.000000</gml:pos>
        </gml:Envelope>
        <gml:Envelope srsName="EPSG:54030">
          <gml:pos>-6408021.286199 1297326.829390</gml:pos>
          <gml:pos>670998.883042 5878649.483190</gml:pos>
        </gml:Envelope>
        <gml:Envelope srsName="EPSG:7399">
          <gml:pos>-6748084.942175 1495513.911739</gml:pos>
          <gml:pos>706607.743114 6426594.553880</gml:pos>
        </gml:Envelope>
        <gml:Envelope srsName="EPSG:900913">
          <gml:pos>-7600430.977505 1360506.839359</gml:pos>
          <gml:pos>795858.888223 7439724.721958</gml:pos>
        </gml:Envelope>
        <gml:RectifiedGrid dimension="2">
          <gml:limits>
            <gml:GridEnvelope>
              <gml:low>0 0</gml:low>
              <gml:high>999 999</gml:high>
            </gml:GridEnvelope>
          </gml:limits>
          <gml:axisName>x</gml:axisName>
          <gml:axisName>y</gml:axisName>
          <gml:origin>
            <gml:pos>-68.275833 12.130000</gml:pos>
          </gml:origin>
          <gml:offsetVector>37.712578 0</gml:offsetVector>
          <gml:offsetVector>0 21.634583</gml:offsetVector>
        </gml:RectifiedGrid>
      </spatialDomain>
      <temporalDomain>
        <gml:timePosition>2020-12-20T12:30:00Z</gml:timePosition>
      </temporalDomain>
    </domainSet>
    <rangeSet>
      <RangeSet>
        <name>dimensions</name>
        <label>dimensions</label>
        <axisDescription>
          <AxisDescription>
            <name>time</name>
            <label>time</label>
          </AxisDescription>
        </axisDescription>
      </RangeSet>
    </rangeSet>
    <supportedCRSs>
      <requestResponseCRSs>CRS:84</requestResponseCRSs>
      <requestResponseCRSs>EPSG:25831</requestResponseCRSs>
      <requestResponseCRSs>EPSG:25832</requestResponseCRSs>
      <requestResponseCRSs>EPSG:28992</requestResponseCRSs>
      <requestResponseCRSs>EPSG:3035</requestResponseCRSs>
      <requestResponseCRSs>EPSG:3067</requestResponseCRSs>
      <requestResponseCRSs>EPSG:32661</requestResponseCRSs>
      <requestResponseCRSs>EPSG:3411</requestResponseCRSs>
      <requestResponseCRSs>EPSG:3412</requestResponseCRSs>
      <requestResponseCRSs>EPSG:3575</requestResponseCRSs>
      <requestResponseCRSs>EPSG:3857</requestResponseCRSs>
      <requestResponseCRSs>EPSG:40000</requestResponseCRSs>
      <requestResponseCRSs>EPSG:4258</requestResponseCRSs>
      <requestResponseCRSs>EPSG:4326</requestResponseCRSs>
      <requestResponseCRSs>EPSG:50001</requestResponseCRSs>
      <requestResponseCRSs>EPSG:54030</requestResponseCRSs>
      <requestResponseCRSs>EPSG:7399</requestResponseCRSs>
      <requestResponseCRSs>EPSG:900913</requestResponseCRSs>
      <nativeCRSs></nativeCRSs>
    </supportedCRSs>
    <supportedFormats nativeFormat="NetCDF4">
      <formats>GeoTIFF</formats>
      <formats>AAIGRID</formats>
      <formats>netcdf</formats>
      <formats>NetCDF3</formats>
      <formats>NetCDF4</formats>
      <formats>aaigrid</formats>
      <formats>geotiff</formats>
    </supportedFormats>
    <supportedInterpolations default="nearest neighbor">
      <interpolationMethod>nearest neighbor</interpolationMethod>
    </supportedInterpolations>
</CoverageOffering>
</CoverageDescription>
