<?xml version='1.0' encoding="ISO-8859-1" ?>
<CoverageDescription
   version="1.0.0" 
   updateSequence="0" 
   xmlns="http://www.opengis.net/wcs" 
   xmlns:xlink="http://www.w3.org/1999/xlink" 
   xmlns:gml="http://www.opengis.net/gml" 
   xmlns:xsi="http://www.w3.org/2001/XMLSchema-instance"
   xsi:schemaLocation="http://www.opengis.net/wcs http://schemas.opengis.net/wcs/1.0.0/describeCoverage.xsd">
  <CoverageOffering>
  <description>data</description>
  <name>data</name>
  <label>data</label>
  <uom></uom>
  <lonLatEnvelope srsName="urn:ogc:def:crs:OGC:1.3:CRS84">
    <gml:pos>-175.000000 -95.000000</gml:pos>
    <gml:pos>185.000000 85.000000</gml:pos>
        <gml:TimePeriod>
          <gml:begin>2024-01-01T00:00:00Z</gml:begin>
          <gml:end>2024-07-15T00:00:00Z</gml:end>
          <gml:duration>P2D</gml:duration>
        </gml:TimePeriod>
  </lonLatEnvelope>
  <domainSet>
    <spatialDomain>
        <gml:Envelope srsName="CRS:84">
          <gml:pos>-175.000000 -95.000000</gml:pos>
          <gml:pos>185.000000 85.000000</gml:pos>
        </gml:Envelope>
        <gml:Envelope srsName="EPSG:25831">
          <gml:pos>-15525733.593319 -19664133.594210</gml:pos>
          <gml:pos>17120498.212243 19885331.913357</gml:pos>
        </gml:Envelope>
        <gml:Envelope srsName="EPSG:25832">
          <gml:pos>-15446685.388670 -19663523.006985</gml:pos>
          <gml:pos>16446685.388670 19885128.053335</gml:pos>
        </gml:Envelope>
        <gml:Envelope srsName="EPSG:28992">
          <gml:pos>-288940224.722197 -561625982.106351</gml:pos>
          <gml:pos>266207703.868375 1005853853.334681</gml:pos>
        </gml:Envelope>
        <gml:Envelope srsName="EPSG:3067">
          <gml:pos>-15525733.593319 -19664133.594210</gml:pos>
          <gml:pos>17120498.212243 19885331.913357</gml:pos>
        </gml:Envelope>
        <gml:Envelope srsName="EPSG:32661">
          <gml:pos>-476720074.926217 -477304033.059373</gml:pos>
          <gml:pos>481304033.059373 480720074.926217</gml:pos>
        </gml:Envelope>
        <gml:Envelope srsName="EPSG:3411">
          <gml:pos>-467744480.581090 -467459543.281553</gml:pos>
          <gml:pos>466605078.535150 467459543.281553</gml:pos>
        </gml:Envelope>
        <gml:Envelope srsName="EPSG:3412">
          <gml:pos>-280152792.512996 -280152792.512996</gml:pos>
          <gml:pos>280494531.893237 280494531.893237</gml:pos>
        </gml:Envelope>
        <gml:Envelope srsName="EPSG:3575">
          <gml:pos>-12735668.795456 -12735668.795456</gml:pos>
          <gml:pos>12720152.344808 12720152.344808</gml:pos>
        </gml:Envelope>
        <gml:Envelope srsName="EPSG:3857">
          <gml:pos>-19480910.888823 -23232576.780082</gml:pos>
          <gml:pos>19703549.870409 19971868.880409</gml:pos>
        </gml:Envelope>
        <gml:Envelope srsName="EPSG:40000">
          <gml:pos>-481609733.326174 -482197216.357518</gml:pos>
          <gml:pos>482197216.357518 481609733.326174</gml:pos>
        </gml:Envelope>
        <gml:Envelope srsName="EPSG:4258">
          <gml:pos>-175.000000 -95.000000</gml:pos>
          <gml:pos>185.000000 85.000000</gml:pos>
        </gml:Envelope>
        <gml:Envelope srsName="EPSG:4326">
          <gml:pos>-175.000000 -95.000000</gml:pos>
          <gml:pos>185.000000 85.000000</gml:pos>
        </gml:Envelope>
        <gml:Envelope srsName="EPSG:50001">
          <gml:pos>-2000000.000000 -2000000.000000</gml:pos>
          <gml:pos>10000000.000000 8500000.000000</gml:pos>
        </gml:Envelope>
        <gml:Envelope srsName="EPSG:54030">
          <gml:pos>-16532317.502283 -8516243.829905</gml:pos>
          <gml:pos>16721258.273737 8419013.706324</gml:pos>
        </gml:Envelope>
        <gml:Envelope srsName="EPSG:7399">
          <gml:pos>-17537334.096874 -8921410.650524</gml:pos>
          <gml:pos>17737760.772267 8824978.852257</gml:pos>
        </gml:Envelope>
        <gml:Envelope srsName="EPSG:900913">
          <gml:pos>-19480910.888823 -23232576.780082</gml:pos>
          <gml:pos>19703549.870409 19971868.880409</gml:pos>
        </gml:Envelope>
        <gml:RectifiedGrid dimension="2">
          <gml:limits>
            <gml:GridEnvelope>
              <gml:low>0 0</gml:low>
              <gml:high>35 17</gml:high>
            </gml:GridEnvelope>
          </gml:limits>
          <gml:axisName>x</gml:axisName>
          <gml:axisName>y</gml:axisName>
          <gml:origin>
            <gml:pos>-175.000000 -95.000000</gml:pos>
          </gml:origin>
          <gml:offsetVector>10.000000 0</gml:offsetVector>
          <gml:offsetVector>0 10.000000</gml:offsetVector>
        </gml:RectifiedGrid>
      </spatialDomain>
      <temporalDomain>
        <gml:TimePeriod>
          <gml:begin>2024-01-01T00:00:00Z</gml:begin>
          <gml:end>2024-07-15T00:00:00Z</gml:end>
          <gml:duration>P2D</gml:duration>
        </gml:TimePeriod>
      </temporalDomain>
    </domainSet>
    <rangeSet>
      <RangeSet>
        <name>dimensions</name>
        <label>dimensions</label>
        <axisDescription>
          <AxisDescription>
            <name>time</name>
            <label>time</label>
            <values>
              <interval>
                <min>2024-01-01T00:00:00Z</min>
                <max>2024-07-15T00:00:00Z</max>
                <res>P2D</res>
              </interval>
            </values>
          </AxisDescription>
        </axisDescription>
        <axisDescription>
          <AxisDescription>
            <name>height</name>
            <label>height</label>
            <values>
              <interval>
                <min>0</min>
                <max>4</max>
              </interval>
              <singleValue>0</singleValue>
              <singleValue>1</singleValue>
              <singleValue>2</singleValue>
              <singleValue>3</singleValue>
              <singleValue>4</singleValue>
            </values>
          </AxisDescription>
        </axisDescription>
      </RangeSet>
    </rangeSet>
    <supportedCRSs>
      <requestResponseCRSs>CRS:84</requestResponseCRSs>
      <requestResponseCRSs>EPSG:25831</requestResponseCRSs>
      <requestResponseCRSs>EPSG:25832</requestResponseCRSs>
      <requestResponseCRSs>EPSG:28992</requestResponseCRSs>
      <requestResponseCRSs>EPSG:3067</requestResponseCRSs>
      <requestResponseCRSs>EPSG:32661</requestResponseCRSs>
      <requestResponseCRSs>EPSG:3411</requestResponseCRSs>
      <requestResponseCRSs>EPSG:3412</requestResponseCRSs>
      <requestResponseCRSs>EPSG:3575</requestResponseCRSs>
      <requestResponseCRSs>EPSG:3857</requestResponseCRSs>
      <requestResponseCRSs>EPSG:40000</requestResponseCRSs>
      <requestResponseCRSs>EPSG:4258</requestResponseCRSs>
      <requestResponseCRSs>EPSG:4326</requestResponseCRSs>
      <requestResponseCRSs>EPSG:50001</requestResponseCRSs>
      <requestResponseCRSs>EPSG:54030</requestResponseCRSs>
      <requestResponseCRSs>EPSG:7399</requestResponseCRSs>
      <requestResponseCRSs>EPSG:900913</requestResponseCRSs>
      <nativeCRSs>EPSG:4326</nativeCRSs>
    </supportedCRSs>
    <supportedFormats nativeFormat="NetCDF4">
      <formats>GeoTIFF</formats>
      <formats>AAIGRID</formats>
      <formats>netcdf</formats>
      <formats>NetCDF3</formats>
      <formats>NetCDF4</formats>
      <formats>aaigrid</formats>
      <formats>geotiff</formats>
    </supportedFormats>
    <supportedInterpolations default="nearest neighbor">
      <interpolationMethod>nearest neighbor</interpolationMethod>
    </supportedInterpolations>
</CoverageOffering>
</CoverageDescription>
