<?xml version='1.0' encoding="ISO-8859-1" ?>
<CoverageDescription
   version="1.0.0" 
   updateSequence="0" 
   xmlns="http://www.opengis.net/wcs" 
   xmlns:xlink="http://www.w3.org/1999/xlink" 
   xmlns:gml="http://www.opengis.net/gml" 
   xmlns:xsi="http://www.w3.org/2001/XMLSchema-instance"
   xsi:schemaLocation="http://www.opengis.net/wcs http://schemas.opengis.net/wcs/1.0.0/describeCoverage.xsd">
  <CoverageOffering>
  <description>data</description>
  <name>data</name>
  <label>data</label>
  <uom></uom>
  <lonLatEnvelope srsName="urn:ogc:def:crs:OGC:1.3:CRS84">
    <gml:pos>-177.500000 -92.500000</gml:pos>
    <gml:pos>182.500000 87.500000</gml:pos>
        <gml:TimePeriod>
          <gml:begin>2024-01-01T00:00:00Z</gml:begin>
          <gml:end>2024-07-28T00:00:00Z</gml:end>
          <gml:duration>P1D</gml:duration>
        </gml:TimePeriod>
  </lonLatEnvelope>
  <domainSet>
    <spatialDomain>
        <gml:Envelope srsName="EPSG:3411">
          <gml:pos>-934752295.351214 -933897657.529952</gml:pos>
          <gml:pos>935322198.568163 935607193.582759</gml:pos>
        </gml:Envelope>
        <gml:Envelope srsName="EPSG:3412">
          <gml:pos>-561309613.991027 -560796725.035447</gml:pos>
          <gml:pos>560283992.310811 561138633.645077</gml:pos>
        </gml:Envelope>
        <gml:Envelope srsName="EPSG:3575">
          <gml:pos>-12736546.916317 -12717148.538095</gml:pos>
          <gml:pos>12728786.383025 12740427.774036</gml:pos>
        </gml:Envelope>
        <gml:Envelope srsName="EPSG:3857">
          <gml:pos>-19759209.615806 -27654657.553919</gml:pos>
          <gml:pos>19425251.143426 24395894.014051</gml:pos>
        </gml:Envelope>
        <gml:Envelope srsName="EPSG:4258">
          <gml:pos>-177.500000 -92.500000</gml:pos>
          <gml:pos>182.500000 87.500000</gml:pos>
        </gml:Envelope>
        <gml:Envelope srsName="EPSG:4326">
          <gml:pos>-177.500000 -92.500000</gml:pos>
          <gml:pos>182.500000 87.500000</gml:pos>
        </gml:Envelope>
        <gml:Envelope srsName="CRS:84">
          <gml:pos>-177.500000 -92.500000</gml:pos>
          <gml:pos>182.500000 87.500000</gml:pos>
        </gml:Envelope>
        <gml:Envelope srsName="EPSG:25831">
          <gml:pos>-16130665.820500 -19940662.730257</gml:pos>
          <gml:pos>16773561.425558 19609055.102676</gml:pos>
        </gml:Envelope>
        <gml:Envelope srsName="EPSG:25832">
          <gml:pos>-16036501.605628 -19940645.777523</gml:pos>
          <gml:pos>16923493.804105 60690754.770073</gml:pos>
        </gml:Envelope>
        <gml:Envelope srsName="EPSG:28992">
          <gml:pos>-472960753.832483 -309441675.885504</gml:pos>
          <gml:pos>848274888.059136 305071541.647454</gml:pos>
        </gml:Envelope>
        <gml:Envelope srsName="EPSG:7399">
          <gml:pos>-17789120.971417 -8980925.065185</gml:pos>
          <gml:pos>17488459.771900 8942711.608087</gml:pos>
        </gml:Envelope>
        <gml:Envelope srsName="EPSG:50001">
          <gml:pos>-2000000.000000 -2000000.000000</gml:pos>
          <gml:pos>10000000.000000 8500000.000000</gml:pos>
        </gml:Envelope>
        <gml:Envelope srsName="EPSG:54030">
          <gml:pos>-16769347.747524 -8576525.559211</gml:pos>
          <gml:pos>16485922.151792 8537587.027768</gml:pos>
        </gml:Envelope>
        <gml:Envelope srsName="EPSG:32661">
          <gml:pos>-956875261.313672 -956583178.620243</gml:pos>
          <gml:pos>959123209.982084 959999102.204602</gml:pos>
        </gml:Envelope>
        <gml:Envelope srsName="EPSG:40000">
          <gml:pos>-964663240.758221 -964369394.990184</gml:pos>
          <gml:pos>962900613.664068 963781792.962376</gml:pos>
        </gml:Envelope>
        <gml:Envelope srsName="EPSG:900913">
          <gml:pos>-19759209.615806 -27654657.553919</gml:pos>
          <gml:pos>19425251.143426 24395894.014051</gml:pos>
        </gml:Envelope>
        <gml:Envelope srsName="EPSG:3067">
          <gml:pos>-16130665.820500 -19940662.730257</gml:pos>
          <gml:pos>16773561.425558 19609055.102676</gml:pos>
        </gml:Envelope>
        <gml:Envelope srsName="EPSG:4326">
          <gml:pos>-177.500000 -92.500000</gml:pos>
          <gml:pos>182.500000 87.500000</gml:pos>
        </gml:Envelope>
        <gml:RectifiedGrid dimension="2">
          <gml:limits>
            <gml:GridEnvelope>
              <gml:low>0 0</gml:low>
              <gml:high>71 35</gml:high>
            </gml:GridEnvelope>
          </gml:limits>
          <gml:axisName>x</gml:axisName>
          <gml:axisName>y</gml:axisName>
          <gml:origin>
            <gml:pos>-177.500000 -92.500000</gml:pos>
          </gml:origin>
          <gml:offsetVector>5.000000 0</gml:offsetVector>
          <gml:offsetVector>0 5.000000</gml:offsetVector>
        </gml:RectifiedGrid>
      </spatialDomain>
      <temporalDomain>
        <gml:TimePeriod>
          <gml:begin>2024-01-01T00:00:00Z</gml:begin>
          <gml:end>2024-07-28T00:00:00Z</gml:end>
          <gml:duration>P1D</gml:duration>
        </gml:TimePeriod>
      </temporalDomain>
    </domainSet>
    <rangeSet>
      <RangeSet>
        <name>dimensions</name>
        <label>dimensions</label>
        <axisDescription>
          <AxisDescription>
            <name>time</name>
            <label>time</label>
            <values>
              <interval>
                <min>2024-01-01T00:00:00Z</min>
                <max>2024-07-28T00:00:00Z</max>
                <res>P1D</res>
              </interval>
            </values>
          </AxisDescription>
        </axisDescription>
      </RangeSet>
    </rangeSet>
    <supportedCRSs>
      <requestResponseCRSs>EPSG:3411</requestResponseCRSs>
      <requestResponseCRSs>EPSG:3412</requestResponseCRSs>
      <requestResponseCRSs>EPSG:3575</requestResponseCRSs>
      <requestResponseCRSs>EPSG:3857</requestResponseCRSs>
      <requestResponseCRSs>EPSG:4258</requestResponseCRSs>
      <requestResponseCRSs>EPSG:4326</requestResponseCRSs>
      <requestResponseCRSs>CRS:84</requestResponseCRSs>
      <requestResponseCRSs>EPSG:25831</requestResponseCRSs>
      <requestResponseCRSs>EPSG:25832</requestResponseCRSs>
      <requestResponseCRSs>EPSG:28992</requestResponseCRSs>
      <requestResponseCRSs>EPSG:7399</requestResponseCRSs>
      <requestResponseCRSs>EPSG:50001</requestResponseCRSs>
      <requestResponseCRSs>EPSG:54030</requestResponseCRSs>
      <requestResponseCRSs>EPSG:32661</requestResponseCRSs>
      <requestResponseCRSs>EPSG:40000</requestResponseCRSs>
      <requestResponseCRSs>EPSG:900913</requestResponseCRSs>
      <requestResponseCRSs>EPSG:3067</requestResponseCRSs>
      <requestResponseCRSs>EPSG:4326</requestResponseCRSs>
      <nativeCRSs>EPSG:4326</nativeCRSs>
    </supportedCRSs>
    <supportedFormats nativeFormat="NetCDF4">
      <formats>GeoTIFF</formats>
      <formats>AAIGRID</formats>
      <formats>netcdf</formats>
      <formats>NetCDF3</formats>
      <formats>NetCDF4</formats>
      <formats>aaigrid</formats>
      <formats>geotiff</formats>
    </supportedFormats>
    <supportedInterpolations default="nearest neighbor">
      <interpolationMethod>nearest neighbor</interpolationMethod>
    </supportedInterpolations>
</CoverageOffering>
</CoverageDescription>
