<?xml version='1.0' encoding="ISO-8859-1" ?>
<CoverageDescription
   version="1.0.0" 
   updateSequence="0" 
   xmlns="http://www.opengis.net/wcs" 
   xmlns:xlink="http://www.w3.org/1999/xlink" 
   xmlns:gml="http://www.opengis.net/gml" 
   xmlns:xsi="http://www.w3.org/2001/XMLSchema-instance"
   xsi:schemaLocation="http://www.opengis.net/wcs http://schemas.opengis.net/wcs/1.0.0/describeCoverage.xsd">
  <CoverageOffering>
  <description>data</description>
  <name>data</name>
  <label>data (data)</label>
  <uom>km</uom>
  <lonLatEnvelope srsName="urn:ogc:def:crs:OGC:1.3:CRS84">
    <gml:pos>-180.494446 -90.488892</gml:pos>
    <gml:pos>179.505554 89.511108</gml:pos>
  </lonLatEnvelope>
  <domainSet>
    <spatialDomain>
        <gml:Envelope srsName="CRS:84">
          <gml:pos>-180.494446 -90.488892</gml:pos>
          <gml:pos>179.505554 89.511108</gml:pos>
        </gml:Envelope>
        <gml:Envelope srsName="EPSG:25831">
          <gml:pos>-15931605.907041 -19720315.591565</gml:pos>
          <gml:pos>17051580.684528 19828593.536145</gml:pos>
        </gml:Envelope>
        <gml:Envelope srsName="EPSG:25832">
          <gml:pos>-14709787.414601 -19720736.728277</gml:pos>
          <gml:pos>17177711.901099 47405035.658741</gml:pos>
        </gml:Envelope>
        <gml:Envelope srsName="EPSG:28992">
          <gml:pos>-352494887.244074 -527708138.497395</gml:pos>
          <gml:pos>319428390.883462 521690003.576207</gml:pos>
        </gml:Envelope>
        <gml:Envelope srsName="EPSG:3067">
          <gml:pos>-15931605.907041 -19720315.591565</gml:pos>
          <gml:pos>17051580.684528 19828593.536145</gml:pos>
        </gml:Envelope>
        <gml:Envelope srsName="EPSG:32661">
          <gml:pos>-407173329.856895 -406795071.401436</gml:pos>
          <gml:pos>411420024.012517 411546161.390658</gml:pos>
        </gml:Envelope>
        <gml:Envelope srsName="EPSG:3411">
          <gml:pos>-399240949.703125 -399607437.540235</gml:pos>
          <gml:pos>399487065.269510 398879979.546019</gml:pos>
        </gml:Envelope>
        <gml:Envelope srsName="EPSG:3412">
          <gml:pos>-2868126705.493384 -2870740092.047709</gml:pos>
          <gml:pos>2869855924.003487 2865475278.583282</gml:pos>
        </gml:Envelope>
        <gml:Envelope srsName="EPSG:3575">
          <gml:pos>-12712149.336113 -12731583.256617</gml:pos>
          <gml:pos>12735505.704073 12723911.899582</gml:pos>
        </gml:Envelope>
        <gml:Envelope srsName="EPSG:3857">
          <gml:pos>-19201993.871211 -22228632.557364</gml:pos>
          <gml:pos>19982466.888021 34805382.412607</gml:pos>
        </gml:Envelope>
        <gml:Envelope srsName="EPSG:40000">
          <gml:pos>-411643188.990840 -411262647.285147</gml:pos>
          <gml:pos>411891372.245993 412018271.016759</gml:pos>
        </gml:Envelope>
        <gml:Envelope srsName="EPSG:4258">
          <gml:pos>-180.494446 -90.488892</gml:pos>
          <gml:pos>179.505554 89.511108</gml:pos>
        </gml:Envelope>
        <gml:Envelope srsName="EPSG:4326">
          <gml:pos>-180.494446 -90.488892</gml:pos>
          <gml:pos>179.505554 89.511108</gml:pos>
        </gml:Envelope>
        <gml:Envelope srsName="EPSG:50001">
          <gml:pos>-2000000.000000 -2000000.000000</gml:pos>
          <gml:pos>10000000.000000 8500000.000000</gml:pos>
        </gml:Envelope>
        <gml:Envelope srsName="EPSG:54030">
          <gml:pos>-16294244.470419 -8493172.970167</gml:pos>
          <gml:pos>16956530.805045 8610630.466538</gml:pos>
        </gml:Envelope>
        <gml:Envelope srsName="EPSG:7399">
          <gml:pos>-17284159.484400 -8898366.230070</gml:pos>
          <gml:pos>17986681.325950 9020047.848074</gml:pos>
        </gml:Envelope>
        <gml:Envelope srsName="EPSG:900913">
          <gml:pos>-19201993.871211 -22228632.557364</gml:pos>
          <gml:pos>19982466.888021 34805382.412607</gml:pos>
        </gml:Envelope>
        <gml:RectifiedGrid dimension="2">
          <gml:limits>
            <gml:GridEnvelope>
              <gml:low>0 0</gml:low>
              <gml:high>359 179</gml:high>
            </gml:GridEnvelope>
          </gml:limits>
          <gml:axisName>x</gml:axisName>
          <gml:axisName>y</gml:axisName>
          <gml:origin>
            <gml:pos>-180.494446 89.511108</gml:pos>
          </gml:origin>
          <gml:offsetVector>1.000000 0</gml:offsetVector>
          <gml:offsetVector>0 -1.000000</gml:offsetVector>
        </gml:RectifiedGrid>
      </spatialDomain>
      <temporalDomain>
        <gml:timePosition>2017-01-01T00:15:00Z</gml:timePosition>
        <gml:timePosition>2017-01-01T00:20:00Z</gml:timePosition>
        <gml:timePosition>2017-01-01T00:25:00Z</gml:timePosition>
      </temporalDomain>
    </domainSet>
    <rangeSet>
      <RangeSet>
        <name>dimensions</name>
        <label>dimensions</label>
        <axisDescription>
          <AxisDescription>
            <name>time</name>
            <label>time</label>
            <values>
              <interval>
                <min>2017-01-01T00:15:00Z</min>
                <max>2017-01-01T00:25:00Z</max>
              </interval>
            </values>
          </AxisDescription>
        </axisDescription>
        <axisDescription>
          <AxisDescription>
            <name>member</name>
            <label>member</label>
            <values>
              <interval>
                <min>member1</min>
                <max>member6</max>
              </interval>
              <singleValue>member1</singleValue>
              <singleValue>member2</singleValue>
              <singleValue>member3</singleValue>
              <singleValue>member4</singleValue>
              <singleValue>member5</singleValue>
              <singleValue>member6</singleValue>
            </values>
          </AxisDescription>
        </axisDescription>
        <axisDescription>
          <AxisDescription>
            <name>height</name>
            <label>height</label>
            <values>
              <interval>
                <min>1000</min>
                <max>9000</max>
              </interval>
              <singleValue>1000</singleValue>
              <singleValue>2000</singleValue>
              <singleValue>3000</singleValue>
              <singleValue>4000</singleValue>
              <singleValue>5000</singleValue>
              <singleValue>6000</singleValue>
              <singleValue>7000</singleValue>
              <singleValue>8000</singleValue>
              <singleValue>9000</singleValue>
            </values>
          </AxisDescription>
        </axisDescription>
      </RangeSet>
    </rangeSet>
    <supportedCRSs>
      <requestResponseCRSs>CRS:84</requestResponseCRSs>
      <requestResponseCRSs>EPSG:25831</requestResponseCRSs>
      <requestResponseCRSs>EPSG:25832</requestResponseCRSs>
      <requestResponseCRSs>EPSG:28992</requestResponseCRSs>
      <requestResponseCRSs>EPSG:3067</requestResponseCRSs>
      <requestResponseCRSs>EPSG:32661</requestResponseCRSs>
      <requestResponseCRSs>EPSG:3411</requestResponseCRSs>
      <requestResponseCRSs>EPSG:3412</requestResponseCRSs>
      <requestResponseCRSs>EPSG:3575</requestResponseCRSs>
      <requestResponseCRSs>EPSG:3857</requestResponseCRSs>
      <requestResponseCRSs>EPSG:40000</requestResponseCRSs>
      <requestResponseCRSs>EPSG:4258</requestResponseCRSs>
      <requestResponseCRSs>EPSG:4326</requestResponseCRSs>
      <requestResponseCRSs>EPSG:50001</requestResponseCRSs>
      <requestResponseCRSs>EPSG:54030</requestResponseCRSs>
      <requestResponseCRSs>EPSG:7399</requestResponseCRSs>
      <requestResponseCRSs>EPSG:900913</requestResponseCRSs>
      <nativeCRSs>EPSG:4326</nativeCRSs>
    </supportedCRSs>
    <supportedFormats nativeFormat="NetCDF4">
      <formats>GeoTIFF</formats>
      <formats>AAIGRID</formats>
      <formats>netcdf</formats>
      <formats>NetCDF3</formats>
      <formats>NetCDF4</formats>
      <formats>aaigrid</formats>
      <formats>geotiff</formats>
    </supportedFormats>
    <supportedInterpolations default="nearest neighbor">
      <interpolationMethod>nearest neighbor</interpolationMethod>
    </supportedInterpolations>
</CoverageOffering>
</CoverageDescription>
