<?xml version='1.0' encoding="ISO-8859-1" ?>
<CoverageDescription
   version="1.0.0" 
   updateSequence="0" 
   xmlns="http://www.opengis.net/wcs" 
   xmlns:xlink="http://www.w3.org/1999/xlink" 
   xmlns:gml="http://www.opengis.net/gml" 
   xmlns:xsi="http://www.w3.org/2001/XMLSchema-instance"
   xsi:schemaLocation="http://www.opengis.net/wcs http://schemas.opengis.net/wcs/1.0.0/describeCoverage.xsd">
  <CoverageOffering>
  <description>data</description>
  <name>data</name>
  <label>data</label>
  <uom></uom>
  <lonLatEnvelope srsName="urn:ogc:def:crs:OGC:1.3:CRS84">
    <gml:pos>-177.500000 -92.500000</gml:pos>
    <gml:pos>182.500000 87.500000</gml:pos>
  </lonLatEnvelope>
  <domainSet>
    <spatialDomain>
        <gml:Envelope srsName="CRS:84">
          <gml:pos>-177.500000 -92.500000</gml:pos>
          <gml:pos>182.500000 87.500000</gml:pos>
        </gml:Envelope>
        <gml:Envelope srsName="EPSG:25831">
          <gml:pos>-16130665.820500 -19940662.730257</gml:pos>
          <gml:pos>16773561.425558 19609055.102676</gml:pos>
        </gml:Envelope>
        <gml:Envelope srsName="EPSG:25832">
          <gml:pos>-16036501.605628 -19940645.777523</gml:pos>
          <gml:pos>16923493.804105 60690754.770073</gml:pos>
        </gml:Envelope>
        <gml:Envelope srsName="EPSG:28992">
          <gml:pos>-472960753.832483 -309441675.885504</gml:pos>
          <gml:pos>848274888.059136 305071541.647454</gml:pos>
        </gml:Envelope>
        <gml:Envelope srsName="EPSG:3035">
          <gml:pos>-8285820.933363 -9492723.297857</gml:pos>
          <gml:pos>16925278.032765 15904766.486809</gml:pos>
        </gml:Envelope>
        <gml:Envelope srsName="EPSG:3067">
          <gml:pos>-16130665.820500 -19940662.730257</gml:pos>
          <gml:pos>16773561.425558 19609055.102676</gml:pos>
        </gml:Envelope>
        <gml:Envelope srsName="EPSG:32661">
          <gml:pos>-956875261.313672 -956583178.620243</gml:pos>
          <gml:pos>959123209.982084 959999102.204602</gml:pos>
        </gml:Envelope>
        <gml:Envelope srsName="EPSG:3411">
          <gml:pos>-934752295.351214 -933897657.529952</gml:pos>
          <gml:pos>935322198.568163 935607193.582759</gml:pos>
        </gml:Envelope>
        <gml:Envelope srsName="EPSG:3412">
          <gml:pos>-561309613.991027 -560796725.035447</gml:pos>
          <gml:pos>560283992.310811 561138633.645077</gml:pos>
        </gml:Envelope>
        <gml:Envelope srsName="EPSG:3575">
          <gml:pos>-12736546.916317 -12717148.538095</gml:pos>
          <gml:pos>12728786.383025 12740427.774036</gml:pos>
        </gml:Envelope>
        <gml:Envelope srsName="EPSG:3857">
          <gml:pos>-19759209.615806 -27654657.553919</gml:pos>
          <gml:pos>19425251.143426 24395894.014051</gml:pos>
        </gml:Envelope>
        <gml:Envelope srsName="EPSG:40000">
          <gml:pos>-964663240.758221 -964369394.990184</gml:pos>
          <gml:pos>962900613.664068 963781792.962376</gml:pos>
        </gml:Envelope>
        <gml:Envelope srsName="EPSG:4258">
          <gml:pos>-177.500000 -92.500000</gml:pos>
          <gml:pos>182.500000 87.500000</gml:pos>
        </gml:Envelope>
        <gml:Envelope srsName="EPSG:4326">
          <gml:pos>-177.500000 -92.500000</gml:pos>
          <gml:pos>182.500000 87.500000</gml:pos>
        </gml:Envelope>
        <gml:Envelope srsName="EPSG:50001">
          <gml:pos>-2000000.000000 -2000000.000000</gml:pos>
          <gml:pos>10000000.000000 8500000.000000</gml:pos>
        </gml:Envelope>
        <gml:Envelope srsName="EPSG:54030">
          <gml:pos>-16769347.747524 -8576525.559211</gml:pos>
          <gml:pos>16485922.151792 8537587.027768</gml:pos>
        </gml:Envelope>
        <gml:Envelope srsName="EPSG:7399">
          <gml:pos>-17789120.971417 -8980925.065185</gml:pos>
          <gml:pos>17488459.771900 8942711.608087</gml:pos>
        </gml:Envelope>
        <gml:Envelope srsName="EPSG:900913">
          <gml:pos>-19759209.615806 -27654657.553919</gml:pos>
          <gml:pos>19425251.143426 24395894.014051</gml:pos>
        </gml:Envelope>
        <gml:RectifiedGrid dimension="2">
          <gml:limits>
            <gml:GridEnvelope>
              <gml:low>0 0</gml:low>
              <gml:high>71 35</gml:high>
            </gml:GridEnvelope>
          </gml:limits>
          <gml:axisName>x</gml:axisName>
          <gml:axisName>y</gml:axisName>
          <gml:origin>
            <gml:pos>-177.500000 -92.500000</gml:pos>
          </gml:origin>
          <gml:offsetVector>5.000000 0</gml:offsetVector>
          <gml:offsetVector>0 5.000000</gml:offsetVector>
        </gml:RectifiedGrid>
      </spatialDomain>
      <temporalDomain>
        <gml:timePosition>2023-12-31T19:58:17Z</gml:timePosition>
        <gml:timePosition>2023-12-31T22:59:38Z</gml:timePosition>
        <gml:timePosition>2024-01-01T00:00:00Z</gml:timePosition>
        <gml:timePosition>2024-01-01T00:22:29Z</gml:timePosition>
        <gml:timePosition>2024-01-01T01:04:33Z</gml:timePosition>
        <gml:timePosition>2024-01-01T01:55:23Z</gml:timePosition>
        <gml:timePosition>2024-01-01T03:35:39Z</gml:timePosition>
        <gml:timePosition>2024-01-01T04:22:02Z</gml:timePosition>
        <gml:timePosition>2024-01-01T04:44:09Z</gml:timePosition>
        <gml:timePosition>2024-01-01T05:33:41Z</gml:timePosition>
        <gml:timePosition>2024-01-01T06:48:15Z</gml:timePosition>
        <gml:timePosition>2024-01-01T07:18:25Z</gml:timePosition>
        <gml:timePosition>2024-01-01T12:08:55Z</gml:timePosition>
        <gml:timePosition>2024-01-01T17:58:10Z</gml:timePosition>
        <gml:timePosition>2024-01-01T21:15:02Z</gml:timePosition>
        <gml:timePosition>2024-01-02T02:58:07Z</gml:timePosition>
        <gml:timePosition>2024-01-02T04:11:55Z</gml:timePosition>
        <gml:timePosition>2024-01-02T06:04:17Z</gml:timePosition>
        <gml:timePosition>2024-01-02T06:26:45Z</gml:timePosition>
        <gml:timePosition>2024-01-02T12:20:09Z</gml:timePosition>
        <gml:timePosition>2024-01-02T14:05:01Z</gml:timePosition>
        <gml:timePosition>2024-01-02T20:08:18Z</gml:timePosition>
        <gml:timePosition>2024-01-02T22:01:38Z</gml:timePosition>
        <gml:timePosition>2024-01-03T01:07:16Z</gml:timePosition>
        <gml:timePosition>2024-01-03T13:01:59Z</gml:timePosition>
        <gml:timePosition>2024-01-03T21:15:33Z</gml:timePosition>
        <gml:timePosition>2024-01-04T04:28:03Z</gml:timePosition>
        <gml:timePosition>2024-01-04T08:31:01Z</gml:timePosition>
        <gml:timePosition>2024-01-04T19:13:47Z</gml:timePosition>
        <gml:timePosition>2024-01-04T22:17:18Z</gml:timePosition>
        <gml:timePosition>2024-01-04T22:26:31Z</gml:timePosition>
        <gml:timePosition>2024-01-05T01:03:40Z</gml:timePosition>
        <gml:timePosition>2024-01-05T05:06:22Z</gml:timePosition>
        <gml:timePosition>2024-01-05T10:25:47Z</gml:timePosition>
        <gml:timePosition>2024-01-05T11:28:13Z</gml:timePosition>
        <gml:timePosition>2024-01-05T11:35:18Z</gml:timePosition>
        <gml:timePosition>2024-01-05T20:27:31Z</gml:timePosition>
        <gml:timePosition>2024-01-05T22:20:09Z</gml:timePosition>
        <gml:timePosition>2024-01-06T06:36:26Z</gml:timePosition>
        <gml:timePosition>2024-01-06T14:14:29Z</gml:timePosition>
        <gml:timePosition>2024-01-06T15:54:37Z</gml:timePosition>
        <gml:timePosition>2024-01-06T18:11:12Z</gml:timePosition>
        <gml:timePosition>2024-01-06T19:28:33Z</gml:timePosition>
        <gml:timePosition>2024-01-06T19:41:13Z</gml:timePosition>
        <gml:timePosition>2024-01-07T02:00:43Z</gml:timePosition>
        <gml:timePosition>2024-01-07T02:25:24Z</gml:timePosition>
        <gml:timePosition>2024-01-07T04:29:18Z</gml:timePosition>
        <gml:timePosition>2024-01-07T07:24:59Z</gml:timePosition>
        <gml:timePosition>2024-01-07T08:30:55Z</gml:timePosition>
        <gml:timePosition>2024-01-07T12:42:22Z</gml:timePosition>
        <gml:timePosition>2024-01-07T16:36:13Z</gml:timePosition>
        <gml:timePosition>2024-01-07T17:54:37Z</gml:timePosition>
        <gml:timePosition>2024-01-08T02:06:08Z</gml:timePosition>
        <gml:timePosition>2024-01-08T04:45:10Z</gml:timePosition>
        <gml:timePosition>2024-01-08T05:31:24Z</gml:timePosition>
        <gml:timePosition>2024-01-08T09:29:18Z</gml:timePosition>
        <gml:timePosition>2024-01-08T16:38:43Z</gml:timePosition>
        <gml:timePosition>2024-01-08T18:54:05Z</gml:timePosition>
        <gml:timePosition>2024-01-09T01:33:12Z</gml:timePosition>
        <gml:timePosition>2024-01-09T02:02:09Z</gml:timePosition>
        <gml:timePosition>2024-01-09T07:25:14Z</gml:timePosition>
        <gml:timePosition>2024-01-09T08:53:07Z</gml:timePosition>
        <gml:timePosition>2024-01-09T17:17:43Z</gml:timePosition>
        <gml:timePosition>2024-01-09T20:38:48Z</gml:timePosition>
        <gml:timePosition>2024-01-10T01:50:27Z</gml:timePosition>
        <gml:timePosition>2024-01-10T03:02:00Z</gml:timePosition>
        <gml:timePosition>2024-01-10T10:19:00Z</gml:timePosition>
        <gml:timePosition>2024-01-10T15:28:29Z</gml:timePosition>
        <gml:timePosition>2024-01-10T18:01:05Z</gml:timePosition>
        <gml:timePosition>2024-01-10T19:15:25Z</gml:timePosition>
        <gml:timePosition>2024-01-10T19:21:28Z</gml:timePosition>
        <gml:timePosition>2024-01-10T19:51:27Z</gml:timePosition>
        <gml:timePosition>2024-01-10T20:30:02Z</gml:timePosition>
        <gml:timePosition>2024-01-10T20:33:32Z</gml:timePosition>
        <gml:timePosition>2024-01-10T21:33:48Z</gml:timePosition>
        <gml:timePosition>2024-01-10T21:56:36Z</gml:timePosition>
        <gml:timePosition>2024-01-10T22:10:26Z</gml:timePosition>
        <gml:timePosition>2024-01-10T22:39:11Z</gml:timePosition>
        <gml:timePosition>2024-01-11T00:14:36Z</gml:timePosition>
        <gml:timePosition>2024-01-11T02:32:50Z</gml:timePosition>
        <gml:timePosition>2024-01-11T04:21:43Z</gml:timePosition>
        <gml:timePosition>2024-01-11T04:43:27Z</gml:timePosition>
        <gml:timePosition>2024-01-11T06:26:18Z</gml:timePosition>
        <gml:timePosition>2024-01-11T06:54:39Z</gml:timePosition>
        <gml:timePosition>2024-01-11T07:18:32Z</gml:timePosition>
        <gml:timePosition>2024-01-11T07:48:28Z</gml:timePosition>
        <gml:timePosition>2024-01-11T08:42:31Z</gml:timePosition>
        <gml:timePosition>2024-01-11T08:45:09Z</gml:timePosition>
        <gml:timePosition>2024-01-11T16:11:56Z</gml:timePosition>
        <gml:timePosition>2024-01-12T03:50:22Z</gml:timePosition>
        <gml:timePosition>2024-01-12T06:38:32Z</gml:timePosition>
        <gml:timePosition>2024-01-12T06:47:52Z</gml:timePosition>
        <gml:timePosition>2024-01-12T08:12:32Z</gml:timePosition>
        <gml:timePosition>2024-01-12T11:49:09Z</gml:timePosition>
        <gml:timePosition>2024-01-12T13:18:51Z</gml:timePosition>
        <gml:timePosition>2024-01-12T16:58:23Z</gml:timePosition>
        <gml:timePosition>2024-01-12T19:25:32Z</gml:timePosition>
        <gml:timePosition>2024-01-12T21:44:00Z</gml:timePosition>
        <gml:timePosition>2024-01-12T21:48:52Z</gml:timePosition>
        <gml:timePosition>2024-01-12T22:37:33Z</gml:timePosition>
        <gml:timePosition>2024-01-13T06:16:38Z</gml:timePosition>
        <gml:timePosition>2024-01-13T07:31:52Z</gml:timePosition>
        <gml:timePosition>2024-01-13T08:51:07Z</gml:timePosition>
        <gml:timePosition>2024-01-13T15:07:40Z</gml:timePosition>
        <gml:timePosition>2024-01-13T15:28:39Z</gml:timePosition>
        <gml:timePosition>2024-01-13T15:42:23Z</gml:timePosition>
        <gml:timePosition>2024-01-13T16:24:33Z</gml:timePosition>
        <gml:timePosition>2024-01-13T16:45:24Z</gml:timePosition>
        <gml:timePosition>2024-01-14T01:21:24Z</gml:timePosition>
        <gml:timePosition>2024-01-14T02:14:01Z</gml:timePosition>
        <gml:timePosition>2024-01-14T02:34:10Z</gml:timePosition>
        <gml:timePosition>2024-01-14T03:34:34Z</gml:timePosition>
        <gml:timePosition>2024-01-14T08:11:00Z</gml:timePosition>
        <gml:timePosition>2024-01-14T08:58:28Z</gml:timePosition>
        <gml:timePosition>2024-01-14T11:40:01Z</gml:timePosition>
        <gml:timePosition>2024-01-14T12:14:33Z</gml:timePosition>
        <gml:timePosition>2024-01-14T13:02:41Z</gml:timePosition>
        <gml:timePosition>2024-01-14T19:14:08Z</gml:timePosition>
        <gml:timePosition>2024-01-15T06:48:19Z</gml:timePosition>
        <gml:timePosition>2024-01-15T17:30:44Z</gml:timePosition>
        <gml:timePosition>2024-01-15T22:22:47Z</gml:timePosition>
        <gml:timePosition>2024-01-16T01:17:38Z</gml:timePosition>
        <gml:timePosition>2024-01-16T13:06:39Z</gml:timePosition>
        <gml:timePosition>2024-01-16T14:12:04Z</gml:timePosition>
        <gml:timePosition>2024-01-16T14:41:39Z</gml:timePosition>
        <gml:timePosition>2024-01-16T15:10:10Z</gml:timePosition>
        <gml:timePosition>2024-01-16T15:21:40Z</gml:timePosition>
        <gml:timePosition>2024-01-16T16:10:55Z</gml:timePosition>
        <gml:timePosition>2024-01-16T20:05:15Z</gml:timePosition>
        <gml:timePosition>2024-01-16T21:20:07Z</gml:timePosition>
        <gml:timePosition>2024-01-16T22:36:44Z</gml:timePosition>
        <gml:timePosition>2024-01-16T23:14:04Z</gml:timePosition>
        <gml:timePosition>2024-01-17T02:07:21Z</gml:timePosition>
        <gml:timePosition>2024-01-17T02:08:57Z</gml:timePosition>
        <gml:timePosition>2024-01-17T02:33:54Z</gml:timePosition>
        <gml:timePosition>2024-01-17T06:28:57Z</gml:timePosition>
        <gml:timePosition>2024-01-17T06:30:40Z</gml:timePosition>
        <gml:timePosition>2024-01-17T09:10:58Z</gml:timePosition>
        <gml:timePosition>2024-01-17T11:50:36Z</gml:timePosition>
        <gml:timePosition>2024-01-17T12:06:03Z</gml:timePosition>
        <gml:timePosition>2024-01-17T14:36:09Z</gml:timePosition>
        <gml:timePosition>2024-01-17T15:17:01Z</gml:timePosition>
        <gml:timePosition>2024-01-17T15:37:42Z</gml:timePosition>
        <gml:timePosition>2024-01-17T15:39:43Z</gml:timePosition>
        <gml:timePosition>2024-01-17T16:37:33Z</gml:timePosition>
        <gml:timePosition>2024-01-17T18:28:01Z</gml:timePosition>
        <gml:timePosition>2024-01-17T21:56:30Z</gml:timePosition>
        <gml:timePosition>2024-01-18T00:57:10Z</gml:timePosition>
        <gml:timePosition>2024-01-18T03:46:48Z</gml:timePosition>
        <gml:timePosition>2024-01-18T07:00:10Z</gml:timePosition>
        <gml:timePosition>2024-01-18T08:33:13Z</gml:timePosition>
        <gml:timePosition>2024-01-18T14:09:10Z</gml:timePosition>
        <gml:timePosition>2024-01-18T20:55:21Z</gml:timePosition>
        <gml:timePosition>2024-01-18T22:19:54Z</gml:timePosition>
        <gml:timePosition>2024-01-19T08:06:11Z</gml:timePosition>
        <gml:timePosition>2024-01-19T09:52:10Z</gml:timePosition>
        <gml:timePosition>2024-01-19T10:00:31Z</gml:timePosition>
        <gml:timePosition>2024-01-19T10:28:11Z</gml:timePosition>
        <gml:timePosition>2024-01-19T11:27:51Z</gml:timePosition>
        <gml:timePosition>2024-01-19T17:56:58Z</gml:timePosition>
        <gml:timePosition>2024-01-19T21:40:57Z</gml:timePosition>
        <gml:timePosition>2024-01-20T03:50:48Z</gml:timePosition>
        <gml:timePosition>2024-01-20T05:31:14Z</gml:timePosition>
        <gml:timePosition>2024-01-20T16:03:30Z</gml:timePosition>
        <gml:timePosition>2024-01-20T23:59:02Z</gml:timePosition>
        <gml:timePosition>2024-01-21T06:53:44Z</gml:timePosition>
        <gml:timePosition>2024-01-21T10:42:53Z</gml:timePosition>
        <gml:timePosition>2024-01-21T14:33:51Z</gml:timePosition>
        <gml:timePosition>2024-01-21T15:57:27Z</gml:timePosition>
        <gml:timePosition>2024-01-21T16:00:03Z</gml:timePosition>
        <gml:timePosition>2024-01-21T17:33:38Z</gml:timePosition>
        <gml:timePosition>2024-01-21T21:28:16Z</gml:timePosition>
        <gml:timePosition>2024-01-21T23:39:49Z</gml:timePosition>
        <gml:timePosition>2024-01-22T01:48:35Z</gml:timePosition>
        <gml:timePosition>2024-01-22T05:59:05Z</gml:timePosition>
        <gml:timePosition>2024-01-22T11:09:57Z</gml:timePosition>
        <gml:timePosition>2024-01-22T11:18:44Z</gml:timePosition>
        <gml:timePosition>2024-01-22T12:59:34Z</gml:timePosition>
        <gml:timePosition>2024-01-22T13:11:23Z</gml:timePosition>
        <gml:timePosition>2024-01-22T14:10:01Z</gml:timePosition>
        <gml:timePosition>2024-01-22T14:53:29Z</gml:timePosition>
        <gml:timePosition>2024-01-22T23:22:37Z</gml:timePosition>
        <gml:timePosition>2024-01-23T03:21:45Z</gml:timePosition>
        <gml:timePosition>2024-01-23T05:08:18Z</gml:timePosition>
        <gml:timePosition>2024-01-23T08:14:35Z</gml:timePosition>
        <gml:timePosition>2024-01-23T09:58:01Z</gml:timePosition>
        <gml:timePosition>2024-01-23T10:49:24Z</gml:timePosition>
        <gml:timePosition>2024-01-23T14:49:55Z</gml:timePosition>
        <gml:timePosition>2024-01-23T14:59:27Z</gml:timePosition>
        <gml:timePosition>2024-01-23T19:48:12Z</gml:timePosition>
        <gml:timePosition>2024-01-23T21:13:31Z</gml:timePosition>
        <gml:timePosition>2024-01-23T22:30:02Z</gml:timePosition>
        <gml:timePosition>2024-01-24T01:01:02Z</gml:timePosition>
        <gml:timePosition>2024-01-24T02:04:08Z</gml:timePosition>
        <gml:timePosition>2024-01-24T05:01:18Z</gml:timePosition>
        <gml:timePosition>2024-01-24T06:12:37Z</gml:timePosition>
        <gml:timePosition>2024-01-24T06:21:46Z</gml:timePosition>
        <gml:timePosition>2024-01-24T07:00:24Z</gml:timePosition>
        <gml:timePosition>2024-01-24T07:34:57Z</gml:timePosition>
        <gml:timePosition>2024-01-24T07:39:03Z</gml:timePosition>
        <gml:timePosition>2024-01-24T10:32:54Z</gml:timePosition>
        <gml:timePosition>2024-01-24T16:40:13Z</gml:timePosition>
        <gml:timePosition>2024-01-24T21:48:14Z</gml:timePosition>
        <gml:timePosition>2024-01-24T22:09:20Z</gml:timePosition>
        <gml:timePosition>2024-01-24T22:41:08Z</gml:timePosition>
        <gml:timePosition>2024-01-25T04:37:46Z</gml:timePosition>
        <gml:timePosition>2024-01-25T07:03:42Z</gml:timePosition>
        <gml:timePosition>2024-01-25T15:44:55Z</gml:timePosition>
        <gml:timePosition>2024-01-25T16:13:03Z</gml:timePosition>
        <gml:timePosition>2024-01-25T20:58:34Z</gml:timePosition>
      </temporalDomain>
    </domainSet>
    <rangeSet>
      <RangeSet>
        <name>dimensions</name>
        <label>dimensions</label>
        <axisDescription>
          <AxisDescription>
            <name>time</name>
            <label>time</label>
            <values>
              <interval>
                <min>2023-12-31T19:58:17Z</min>
                <max>2024-01-25T20:58:34Z</max>
              </interval>
            </values>
          </AxisDescription>
        </axisDescription>
      </RangeSet>
    </rangeSet>
    <supportedCRSs>
      <requestResponseCRSs>CRS:84</requestResponseCRSs>
      <requestResponseCRSs>EPSG:25831</requestResponseCRSs>
      <requestResponseCRSs>EPSG:25832</requestResponseCRSs>
      <requestResponseCRSs>EPSG:28992</requestResponseCRSs>
      <requestResponseCRSs>EPSG:3035</requestResponseCRSs>
      <requestResponseCRSs>EPSG:3067</requestResponseCRSs>
      <requestResponseCRSs>EPSG:32661</requestResponseCRSs>
      <requestResponseCRSs>EPSG:3411</requestResponseCRSs>
      <requestResponseCRSs>EPSG:3412</requestResponseCRSs>
      <requestResponseCRSs>EPSG:3575</requestResponseCRSs>
      <requestResponseCRSs>EPSG:3857</requestResponseCRSs>
      <requestResponseCRSs>EPSG:40000</requestResponseCRSs>
      <requestResponseCRSs>EPSG:4258</requestResponseCRSs>
      <requestResponseCRSs>EPSG:4326</requestResponseCRSs>
      <requestResponseCRSs>EPSG:50001</requestResponseCRSs>
      <requestResponseCRSs>EPSG:54030</requestResponseCRSs>
      <requestResponseCRSs>EPSG:7399</requestResponseCRSs>
      <requestResponseCRSs>EPSG:900913</requestResponseCRSs>
      <nativeCRSs>EPSG:4326</nativeCRSs>
    </supportedCRSs>
    <supportedFormats nativeFormat="NetCDF4">
      <formats>GeoTIFF</formats>
      <formats>AAIGRID</formats>
      <formats>netcdf</formats>
      <formats>NetCDF3</formats>
      <formats>NetCDF4</formats>
      <formats>aaigrid</formats>
      <formats>geotiff</formats>
    </supportedFormats>
    <supportedInterpolations default="nearest neighbor">
      <interpolationMethod>nearest neighbor</interpolationMethod>
    </supportedInterpolations>
</CoverageOffering>
</CoverageDescription>
