[{"name":"air_temperature_hagl","standard_name":"air_temperature","units":"C","point":{"SRS":"EPSG:4326","coords":"5.355490,52.608292"},"dims":["reference_time","member","time"],"data":{"2024-05-23T00:00:00Z":{"1":{"2024-05-23T01:00:00Z":"11.731110","2024-05-23T02:00:00Z":"11.489655","2024-05-23T03:00:00Z":"11.678619","2024-05-23T04:00:00Z":"12.459625","2024-05-23T05:00:00Z":"12.636139","2024-05-23T06:00:00Z":"13.199860","2024-05-23T07:00:00Z":"13.860504","2024-05-23T08:00:00Z":"15.182770","2024-05-23T09:00:00Z":"15.115631","2024-05-23T10:00:00Z":"15.284088","2024-05-23T11:00:00Z":"16.428619","2024-05-23T12:00:00Z":"16.858307","2024-05-23T13:00:00Z":"17.631500","2024-05-23T14:00:00Z":"18.456207","2024-05-23T15:00:00Z":"18.530670","2024-05-23T16:00:00Z":"17.701813","2024-05-23T17:00:00Z":"17.377106","2024-05-23T18:00:00Z":"16.860748","2024-05-23T19:00:00Z":"15.910553","2024-05-23T20:00:00Z":"14.103912","2024-05-23T21:00:00Z":"12.252594","2024-05-23T22:00:00Z":"11.207428","2024-05-23T23:00:00Z":"10.153717","2024-05-24T00:00:00Z":"9.585114","2024-05-24T01:00:00Z":"9.417145","2024-05-24T02:00:00Z":"9.215729","2024-05-24T03:00:00Z":"9.655670","2024-05-24T04:00:00Z":"9.706207","2024-05-24T05:00:00Z":"10.882721","2024-05-24T06:00:00Z":"13.142487","2024-05-24T07:00:00Z":"14.652496","2024-05-24T08:00:00Z":"16.407867","2024-05-24T09:00:00Z":"17.209137","2024-05-24T10:00:00Z":"17.433990","2024-05-24T11:00:00Z":"17.165924","2024-05-24T12:00:00Z":"16.586578","2024-05-24T13:00:00Z":"15.496979","2024-05-24T14:00:00Z":"15.477448","2024-05-24T15:00:00Z":"15.351227","2024-05-24T16:00:00Z":"15.226471","2024-05-24T17:00:00Z":"15.143219","2024-05-24T18:00:00Z":"14.837067","2024-05-24T19:00:00Z":"14.696686","2024-05-24T20:00:00Z":"14.441071","2024-05-24T21:00:00Z":"14.232819","2024-05-24T22:00:00Z":"13.595367","2024-05-24T23:00:00Z":"13.740631","2024-05-25T00:00:00Z":"13.973297","2024-05-25T01:00:00Z":"14.089508","2024-05-25T02:00:00Z":"13.901031","2024-05-25T03:00:00Z":"13.890533","2024-05-25T04:00:00Z":"14.278961","2024-05-25T05:00:00Z":"14.797760","2024-05-25T06:00:00Z":"14.825104","2024-05-25T07:00:00Z":"15.172272","2024-05-25T08:00:00Z":"15.083649","2024-05-25T09:00:00Z":"15.672516","2024-05-25T10:00:00Z":"17.478912","2024-05-25T11:00:00Z":"17.803619","2024-05-25T12:00:00Z":"16.959869"},"2":{"2024-05-23T01:00:00Z":"12.115875","2024-05-23T02:00:00Z":"11.522125","2024-05-23T03:00:00Z":"11.658112","2024-05-23T04:00:00Z":"12.157867","2024-05-23T05:00:00Z":"12.952545","2024-05-23T06:00:00Z":"13.574371","2024-05-23T07:00:00Z":"13.519928","2024-05-23T08:00:00Z":"13.541656","2024-05-23T09:00:00Z":"14.333649","2024-05-23T10:00:00Z":"15.074860","2024-05-23T11:00:00Z":"16.111725","2024-05-23T12:00:00Z":"15.930573","2024-05-23T13:00:00Z":"16.547272","2024-05-23T14:00:00Z":"17.838287","2024-05-23T15:00:00Z":"17.696442","2024-05-23T16:00:00Z":"17.286285","2024-05-23T17:00:00Z":"17.216705","2024-05-23T18:00:00Z":"16.685455","2024-05-23T19:00:00Z":"15.877106","2024-05-23T20:00:00Z":"14.274078","2024-05-23T21:00:00Z":"12.796783","2024-05-23T22:00:00Z":"11.781403","2024-05-23T23:00:00Z":"11.396637","2024-05-24T00:00:00Z":"10.858551","2024-05-24T01:00:00Z":"10.975983","2024-05-24T02:00:00Z":"11.887848","2024-05-24T03:00:00Z":"11.106354","2024-05-24T04:00:00Z":"10.731842","2024-05-24T05:00:00Z":"11.431305","2024-05-24T06:00:00Z":"13.101959","2024-05-24T07:00:00Z":"14.684723","2024-05-24T08:00:00Z":"15.962555","2024-05-24T09:00:00Z":"16.678619","2024-05-24T10:00:00Z":"16.245758","2024-05-24T11:00:00Z":"15.276764","2024-05-24T12:00:00Z":"14.962067","2024-05-24T13:00:00Z":"15.052399","2024-05-24T14:00:00Z":"14.752106","2024-05-24T15:00:00Z":"14.294098","2024-05-24T16:00:00Z":"14.316315","2024-05-24T17:00:00Z":"14.666901","2024-05-24T18:00:00Z":"14.346832","2024-05-24T19:00:00Z":"14.344635","2024-05-24T20:00:00Z":"14.022369","2024-05-24T21:00:00Z":"13.947418","2024-05-24T22:00:00Z":"14.140533","2024-05-24T23:00:00Z":"14.072174","2024-05-25T00:00:00Z":"13.838531","2024-05-25T01:00:00Z":"13.695465","2024-05-25T02:00:00Z":"13.544830","2024-05-25T03:00:00Z":"13.422272","2024-05-25T04:00:00Z":"13.371979","2024-05-25T05:00:00Z":"13.459625","2024-05-25T06:00:00Z":"14.097321","2024-05-25T07:00:00Z":"14.281647","2024-05-25T08:00:00Z":"14.325592","2024-05-25T09:00:00Z":"14.265045","2024-05-25T10:00:00Z":"14.315338","2024-05-25T11:00:00Z":"14.480621","2024-05-25T12:00:00Z":"14.863434"},"3":{"2024-05-23T01:00:00Z":"14.188873","2024-05-23T02:00:00Z":"13.616608","2024-05-23T03:00:00Z":"12.511139","2024-05-23T04:00:00Z":"13.008942","2024-05-23T05:00:00Z":"13.057526","2024-05-23T06:00:00Z":"13.282623","2024-05-23T07:00:00Z":"13.594391","2024-05-23T08:00:00Z":"14.214752","2024-05-23T09:00:00Z":"14.373444","2024-05-23T10:00:00Z":"14.818268","2024-05-23T11:00:00Z":"16.120026","2024-05-23T12:00:00Z":"16.362701","2024-05-23T13:00:00Z":"17.825348","2024-05-23T14:00:00Z":"17.685944","2024-05-23T15:00:00Z":"17.931549","2024-05-23T16:00:00Z":"17.885651","2024-05-23T17:00:00Z":"17.625153","2024-05-23T18:00:00Z":"17.017731","2024-05-23T19:00:00Z":"15.878082","2024-05-23T20:00:00Z":"14.270905","2024-05-23T21:00:00Z":"12.983063","2024-05-23T22:00:00Z":"12.663483","2024-05-23T23:00:00Z":"12.168365","2024-05-24T00:00:00Z":"11.970367","2024-05-24T01:00:00Z":"11.751862","2024-05-24T02:00:00Z":"11.044098","2024-05-24T03:00:00Z":"10.138336","2024-05-24T04:00:00Z":"9.793121","2024-05-24T05:00:00Z":"11.018707","2024-05-24T06:00:00Z":"13.209137","2024-05-24T07:00:00Z":"15.991852","2024-05-24T08:00:00Z":"17.525787","2024-05-24T09:00:00Z":"18.403229","2024-05-24T10:00:00Z":"18.928619","2024-05-24T11:00:00Z":"18.936432","2024-05-24T12:00:00Z":"15.725006","2024-05-24T13:00:00Z":"15.991852","2024-05-24T14:00:00Z":"15.838776","2024-05-24T15:00:00Z":"16.055084","2024-05-24T16:00:00Z":"15.923004","2024-05-24T17:00:00Z":"15.912750","2024-05-24T18:00:00Z":"15.886139","2024-05-24T19:00:00Z":"15.065338","2024-05-24T20:00:00Z":"14.422028","2024-05-24T21:00:00Z":"14.493561","2024-05-24T22:00:00Z":"14.252838","2024-05-24T23:00:00Z":"14.561188","2024-05-25T00:00:00Z":"14.327789","2024-05-25T01:00:00Z":"14.449615","2024-05-25T02:00:00Z":"14.545074","2024-05-25T03:00:00Z":"14.533600","2024-05-25T04:00:00Z":"14.404449","2024-05-25T05:00:00Z":"14.611481","2024-05-25T06:00:00Z":"14.528473","2024-05-25T07:00:00Z":"15.283844","2024-05-25T08:00:00Z":"15.304108","2024-05-25T09:00:00Z":"15.239166","2024-05-25T10:00:00Z":"15.687164","2024-05-25T11:00:00Z":"16.946442","2024-05-25T12:00:00Z":"17.749420"},"4":{"2024-05-23T01:00:00Z":"13.527740","2024-05-23T02:00:00Z":"13.639801","2024-05-23T03:00:00Z":"13.235748","2024-05-23T04:00:00Z":"13.274078","2024-05-23T05:00:00Z":"13.406647","2024-05-23T06:00:00Z":"13.309235","2024-05-23T07:00:00Z":"13.523346","2024-05-23T08:00:00Z":"13.673981","2024-05-23T09:00:00Z":"13.953033","2024-05-23T10:00:00Z":"14.911774","2024-05-23T11:00:00Z":"16.397369","2024-05-23T12:00:00Z":"16.793610","2024-05-23T13:00:00Z":"17.448883","2024-05-23T14:00:00Z":"17.078522","2024-05-23T15:00:00Z":"17.704987","2024-05-23T16:00:00Z":"17.104889","2024-05-23T17:00:00Z":"17.478668","2024-05-23T18:00:00Z":"17.046295","2024-05-23T19:00:00Z":"16.276520","2024-05-23T20:00:00Z":"14.985992","2024-05-23T21:00:00Z":"13.684723","2024-05-23T22:00:00Z":"13.066315","2024-05-23T23:00:00Z":"12.532623","2024-05-24T00:00:00Z":"11.923004","2024-05-24T01:00:00Z":"11.756744","2024-05-24T02:00:00Z":"11.451080","2024-05-24T03:00:00Z":"10.996002","2024-05-24T04:00:00Z":"10.875885","2024-05-24T05:00:00Z":"11.856354","2024-05-24T06:00:00Z":"13.921783","2024-05-24T07:00:00Z":"15.750641","2024-05-24T08:00:00Z":"16.890289","2024-05-24T09:00:00Z":"17.864166","2024-05-24T10:00:00Z":"17.870026","2024-05-24T11:00:00Z":"18.103912","2024-05-24T12:00:00Z":"16.081940","2024-05-24T13:00:00Z":"15.426178","2024-05-24T14:00:00Z":"15.116119","2024-05-24T15:00:00Z":"15.389313","2024-05-24T16:00:00Z":"15.464996","2024-05-24T17:00:00Z":"14.986725","2024-05-24T18:00:00Z":"15.041168","2024-05-24T19:00:00Z":"15.013580","2024-05-24T20:00:00Z":"14.971100","2024-05-24T21:00:00Z":"14.851471","2024-05-24T22:00:00Z":"14.711090","2024-05-24T23:00:00Z":"14.592194","2024-05-25T00:00:00Z":"14.341949","2024-05-25T01:00:00Z":"14.400055","2024-05-25T02:00:00Z":"14.355133","2024-05-25T03:00:00Z":"14.169098","2024-05-25T04:00:00Z":"13.881989","2024-05-25T05:00:00Z":"14.010895","2024-05-25T06:00:00Z":"14.411530","2024-05-25T07:00:00Z":"14.665924","2024-05-25T08:00:00Z":"14.782135","2024-05-25T09:00:00Z":"14.521393","2024-05-25T10:00:00Z":"14.486725","2024-05-25T11:00:00Z":"14.476471","2024-05-25T12:00:00Z":"15.060699"},"5":{"2024-05-23T01:00:00Z":"12.477936","2024-05-23T02:00:00Z":"11.482574","2024-05-23T03:00:00Z":"11.088776","2024-05-23T04:00:00Z":"11.990631","2024-05-23T05:00:00Z":"12.518463","2024-05-23T06:00:00Z":"12.619293","2024-05-23T07:00:00Z":"13.250641","2024-05-23T08:00:00Z":"13.870514","2024-05-23T09:00:00Z":"13.818756","2024-05-23T10:00:00Z":"16.003326","2024-05-23T11:00:00Z":"15.706207","2024-05-23T12:00:00Z":"15.863678","2024-05-23T13:00:00Z":"15.961578","2024-05-23T14:00:00Z":"16.403473","2024-05-23T15:00:00Z":"17.429352","2024-05-23T16:00:00Z":"17.695709","2024-05-23T17:00:00Z":"17.128326","2024-05-23T18:00:00Z":"16.793365","2024-05-23T19:00:00Z":"15.914459","2024-05-23T20:00:00Z":"13.902008","2024-05-23T21:00:00Z":"12.056549","2024-05-23T22:00:00Z":"11.106110","2024-05-23T23:00:00Z":"10.743317","2024-05-24T00:00:00Z":"9.834869","2024-05-24T01:00:00Z":"9.181061","2024-05-24T02:00:00Z":"8.629303","2024-05-24T03:00:00Z":"8.637115","2024-05-24T04:00:00Z":"9.073395","2024-05-24T05:00:00Z":"10.426910","2024-05-24T06:00:00Z":"12.645660","2024-05-24T07:00:00Z":"15.382477","2024-05-24T08:00:00Z":"14.472809","2024-05-24T09:00:00Z":"15.058746","2024-05-24T10:00:00Z":"14.807281","2024-05-24T11:00:00Z":"15.117828","2024-05-24T12:00:00Z":"15.197418","2024-05-24T13:00:00Z":"15.442047","2024-05-24T14:00:00Z":"15.365875","2024-05-24T15:00:00Z":"14.632721","2024-05-24T16:00:00Z":"14.251129","2024-05-24T17:00:00Z":"14.112457","2024-05-24T18:00:00Z":"13.634430","2024-05-24T19:00:00Z":"13.267242","2024-05-24T20:00:00Z":"13.163483","2024-05-24T21:00:00Z":"12.873199","2024-05-24T22:00:00Z":"12.727448","2024-05-24T23:00:00Z":"12.714508","2024-05-25T00:00:00Z":"12.593414","2024-05-25T01:00:00Z":"12.491364","2024-05-25T02:00:00Z":"12.314606","2024-05-25T03:00:00Z":"12.799957","2024-05-25T04:00:00Z":"12.909576","2024-05-25T05:00:00Z":"12.983063","2024-05-25T06:00:00Z":"13.332428","2024-05-25T07:00:00Z":"13.743073","2024-05-25T08:00:00Z":"13.697662","2024-05-25T09:00:00Z":"14.032135","2024-05-25T10:00:00Z":"14.065582","2024-05-25T11:00:00Z":"14.044342","2024-05-25T12:00:00Z":"14.099518"}}}}]
