[{"name":"speed_component","layername":"wind-hagl","variablename":"speed_component","standard_name":"wind_speed","feature_name":"wind_speed_0","units":"kts","point":{"SRS":"EPSG:4326","coords":"6.196999,46.231497"},"dims":["reference_time","wind_at_10m","time"],"data":{"2024-09-05T00:00:00Z":{"10":{"2024-09-05T20:00:00Z":"8.570917"}}}},{"name":"direction_component","layername":"wind-hagl","variablename":"direction_component","standard_name":"wind_direction","feature_name":"wind_direction_1","units":"degrees","point":{"SRS":"EPSG:4326","coords":"6.196999,46.231497"},"dims":["reference_time","wind_at_10m","time"],"data":{"2024-09-05T00:00:00Z":{"10":{"2024-09-05T20:00:00Z":"294.309814"}}}},{"name":"eastward_component","layername":"wind-hagl","variablename":"eastward_component","standard_name":"eastward_wind","feature_name":"eastward_wind_2","units":"kts","point":{"SRS":"EPSG:4326","coords":"6.196999,46.231497"},"dims":["reference_time","wind_at_10m","time"],"data":{"2024-09-05T00:00:00Z":{"10":{"2024-09-05T20:00:00Z":"7.810957"}}}},{"name":"northward_component","layername":"wind-hagl","variablename":"northward_component","standard_name":"northward_wind","feature_name":"northward_wind_3","units":"kts","point":{"SRS":"EPSG:4326","coords":"6.196999,46.231497"},"dims":["reference_time","wind_at_10m","time"],"data":{"2024-09-05T00:00:00Z":{"10":{"2024-09-05T20:00:00Z":"-3.528395"}}}},{"name":"x-wind-hagl","layername":"wind-hagl","variablename":"x-wind-hagl","standard_name":"x_wind","feature_name":"x_wind_4","units":"kts","point":{"SRS":"EPSG:4326","coords":"6.196999,46.231497"},"dims":["reference_time","wind_at_10m","time"],"data":{"2024-09-05T00:00:00Z":{"10":{"2024-09-05T20:00:00Z":"8.519178"}}}},{"name":"y-wind-hagl","layername":"wind-hagl","variablename":"y-wind-hagl","standard_name":"y_wind","feature_name":"y_wind_5","units":"kts","point":{"SRS":"EPSG:4326","coords":"6.196999,46.231497"},"dims":["reference_time","wind_at_10m","time"],"data":{"2024-09-05T00:00:00Z":{"10":{"2024-09-05T20:00:00Z":"-0.940331"}}}}]