[{"name":"air_temperature_pl","standard_name":"air_temperature","units":"C","point":{"SRS":"EPSG:4326","coords":"4.586712,52.159352"},"dims":["reference_time","pressure_level_in_hpa","time"],"data":{"2024-07-11T05:00:00Z":{"500":{"2024-07-11T06:00:00Z":"-15.693634","2024-07-11T07:00:00Z":"-15.945038"},"700":{"2024-07-11T06:00:00Z":"1.987701","2024-07-11T07:00:00Z":"1.963531"},"850":{"2024-07-11T06:00:00Z":"5.069244","2024-07-11T07:00:00Z":"4.952545"},"925":{"2024-07-11T06:00:00Z":"10.240143","2024-07-11T07:00:00Z":"9.853424"}}}}]
