[{"name":"RAD_NL25_ETH_NA_GRID","standard_name":"image1.image_data","units":"HEIGHT_[KM]","point":{"SRS":"EPSG:4326","coords":"5.680000,50.890000"},"dims":"time","data":{"2020-04-30T13:15:00Z":"4.606290"}}]
