[{"name":"wind_speed_hagl_ms","standard_name":"wind_speed","units":"m/s","point":{"SRS":"EPSG:4326","coords":"4.586712,52.159352"},"dims":["reference_time","member","time"],"data":{"2024-06-05T03:00:00Z":{"1":{"2024-06-05T04:00:00Z":"2.261303","2024-06-05T05:00:00Z":"2.742685","2024-06-05T06:00:00Z":"2.878410","2024-06-05T07:00:00Z":"3.324719","2024-06-05T08:00:00Z":"3.711176","2024-06-05T09:00:00Z":"4.347552","2024-06-05T10:00:00Z":"4.649341","2024-06-05T11:00:00Z":"4.504175","2024-06-05T12:00:00Z":"4.252627","2024-06-05T13:00:00Z":"4.995256","2024-06-05T14:00:00Z":"5.326931","2024-06-05T15:00:00Z":"4.592751","2024-06-05T16:00:00Z":"3.861574","2024-06-05T17:00:00Z":"4.413232","2024-06-05T18:00:00Z":"3.953693","2024-06-05T19:00:00Z":"3.489965","2024-06-05T20:00:00Z":"2.543442","2024-06-05T21:00:00Z":"2.198199","2024-06-05T22:00:00Z":"1.012760","2024-06-05T23:00:00Z":"2.575290","2024-06-06T00:00:00Z":"1.587451","2024-06-06T01:00:00Z":"1.039358","2024-06-06T02:00:00Z":"1.230336","2024-06-06T03:00:00Z":"2.143300","2024-06-06T04:00:00Z":"2.579754","2024-06-06T05:00:00Z":"2.710888","2024-06-06T06:00:00Z":"2.234856","2024-06-06T07:00:00Z":"2.882167","2024-06-06T08:00:00Z":"4.075457","2024-06-06T09:00:00Z":"4.374666","2024-06-06T10:00:00Z":"3.601810","2024-06-06T11:00:00Z":"3.492903","2024-06-06T12:00:00Z":"3.955916","2024-06-06T13:00:00Z":"4.337093","2024-06-06T14:00:00Z":"3.709897","2024-06-06T15:00:00Z":"4.039372","2024-06-06T16:00:00Z":"3.606111","2024-06-06T17:00:00Z":"3.359656","2024-06-06T18:00:00Z":"2.664274","2024-06-06T19:00:00Z":"3.057393","2024-06-06T20:00:00Z":"2.173508","2024-06-06T21:00:00Z":"1.538658","2024-06-06T22:00:00Z":"1.720149","2024-06-06T23:00:00Z":"1.888472","2024-06-07T00:00:00Z":"1.689005","2024-06-07T01:00:00Z":"1.748965","2024-06-07T02:00:00Z":"1.786957","2024-06-07T03:00:00Z":"1.735754","2024-06-07T04:00:00Z":"1.434995","2024-06-07T05:00:00Z":"2.142847","2024-06-07T06:00:00Z":"2.578690","2024-06-07T07:00:00Z":"2.912983","2024-06-07T08:00:00Z":"3.625766","2024-06-07T09:00:00Z":"3.559167","2024-06-07T10:00:00Z":"3.755929","2024-06-07T11:00:00Z":"3.837767","2024-06-07T12:00:00Z":"4.237658","2024-06-07T13:00:00Z":"4.285661","2024-06-07T14:00:00Z":"4.318417","2024-06-07T15:00:00Z":"4.580793"},"2":{"2024-06-05T04:00:00Z":"1.128491","2024-06-05T05:00:00Z":"1.851470","2024-06-05T06:00:00Z":"2.597217","2024-06-05T07:00:00Z":"3.091317","2024-06-05T08:00:00Z":"2.840333","2024-06-05T09:00:00Z":"3.390368","2024-06-05T10:00:00Z":"4.059909","2024-06-05T11:00:00Z":"3.663645","2024-06-05T12:00:00Z":"3.853730","2024-06-05T13:00:00Z":"4.377913","2024-06-05T14:00:00Z":"4.474060","2024-06-05T15:00:00Z":"4.656978","2024-06-05T16:00:00Z":"3.913419","2024-06-05T17:00:00Z":"3.793300","2024-06-05T18:00:00Z":"3.044150","2024-06-05T19:00:00Z":"1.751328","2024-06-05T20:00:00Z":"1.441969","2024-06-05T21:00:00Z":"1.940836","2024-06-05T22:00:00Z":"2.567760","2024-06-05T23:00:00Z":"2.506629","2024-06-06T00:00:00Z":"1.977967","2024-06-06T01:00:00Z":"1.576468","2024-06-06T02:00:00Z":"1.251548","2024-06-06T03:00:00Z":"2.508192","2024-06-06T04:00:00Z":"2.578636","2024-06-06T05:00:00Z":"2.796519","2024-06-06T06:00:00Z":"3.137087","2024-06-06T07:00:00Z":"2.688728","2024-06-06T08:00:00Z":"2.292264","2024-06-06T09:00:00Z":"2.099662","2024-06-06T10:00:00Z":"1.873930","2024-06-06T11:00:00Z":"2.813569","2024-06-06T12:00:00Z":"3.624934","2024-06-06T13:00:00Z":"3.450934","2024-06-06T14:00:00Z":"3.834602","2024-06-06T15:00:00Z":"3.772040","2024-06-06T16:00:00Z":"3.850877","2024-06-06T17:00:00Z":"3.584612","2024-06-06T18:00:00Z":"3.170065","2024-06-06T19:00:00Z":"2.936557","2024-06-06T20:00:00Z":"2.199873","2024-06-06T21:00:00Z":"1.462277","2024-06-06T22:00:00Z":"1.353007","2024-06-06T23:00:00Z":"1.361385","2024-06-07T00:00:00Z":"1.780494","2024-06-07T01:00:00Z":"1.715171","2024-06-07T02:00:00Z":"2.154892","2024-06-07T03:00:00Z":"2.192499","2024-06-07T04:00:00Z":"2.098596","2024-06-07T05:00:00Z":"2.190909","2024-06-07T06:00:00Z":"2.302175","2024-06-07T07:00:00Z":"2.270589","2024-06-07T08:00:00Z":"2.752076","2024-06-07T09:00:00Z":"3.546186","2024-06-07T10:00:00Z":"4.636012","2024-06-07T11:00:00Z":"4.972678","2024-06-07T12:00:00Z":"4.626513","2024-06-07T13:00:00Z":"4.856412","2024-06-07T14:00:00Z":"5.398664","2024-06-07T15:00:00Z":"4.956262"},"3":{"2024-06-05T04:00:00Z":"1.518921","2024-06-05T05:00:00Z":"2.615193","2024-06-05T06:00:00Z":"2.393271","2024-06-05T07:00:00Z":"2.518174","2024-06-05T08:00:00Z":"3.773948","2024-06-05T09:00:00Z":"4.052835","2024-06-05T10:00:00Z":"4.246375","2024-06-05T11:00:00Z":"4.323509","2024-06-05T12:00:00Z":"4.158585","2024-06-05T13:00:00Z":"4.413292","2024-06-05T14:00:00Z":"5.409787","2024-06-05T15:00:00Z":"4.932378","2024-06-05T16:00:00Z":"4.175245","2024-06-05T17:00:00Z":"3.631276","2024-06-05T18:00:00Z":"2.645866","2024-06-05T19:00:00Z":"2.454188","2024-06-05T20:00:00Z":"1.918347","2024-06-05T21:00:00Z":"1.910486","2024-06-05T22:00:00Z":"1.443695","2024-06-05T23:00:00Z":"1.851208","2024-06-06T00:00:00Z":"1.532616","2024-06-06T01:00:00Z":"1.556639","2024-06-06T02:00:00Z":"1.906949","2024-06-06T03:00:00Z":"2.235004","2024-06-06T04:00:00Z":"2.633792","2024-06-06T05:00:00Z":"2.526321","2024-06-06T06:00:00Z":"2.728549","2024-06-06T07:00:00Z":"3.169784","2024-06-06T08:00:00Z":"2.542103","2024-06-06T09:00:00Z":"3.379066","2024-06-06T10:00:00Z":"1.434736","2024-06-06T11:00:00Z":"2.241674","2024-06-06T12:00:00Z":"3.321058","2024-06-06T13:00:00Z":"3.640645","2024-06-06T14:00:00Z":"3.701440","2024-06-06T15:00:00Z":"3.505634","2024-06-06T16:00:00Z":"2.964322","2024-06-06T17:00:00Z":"2.580004","2024-06-06T18:00:00Z":"2.667708","2024-06-06T19:00:00Z":"1.654386","2024-06-06T20:00:00Z":"0.771928","2024-06-06T21:00:00Z":"0.386080","2024-06-06T22:00:00Z":"0.899063","2024-06-06T23:00:00Z":"1.688546","2024-06-07T00:00:00Z":"1.766198","2024-06-07T01:00:00Z":"3.296199","2024-06-07T02:00:00Z":"3.261740","2024-06-07T03:00:00Z":"2.964982","2024-06-07T04:00:00Z":"2.896165","2024-06-07T05:00:00Z":"2.763503","2024-06-07T06:00:00Z":"3.429693","2024-06-07T07:00:00Z":"3.391454","2024-06-07T08:00:00Z":"3.463441","2024-06-07T09:00:00Z":"4.184698","2024-06-07T10:00:00Z":"4.582363","2024-06-07T11:00:00Z":"4.663467","2024-06-07T12:00:00Z":"5.306462","2024-06-07T13:00:00Z":"5.780840","2024-06-07T14:00:00Z":"5.951759","2024-06-07T15:00:00Z":"5.896741"},"4":{"2024-06-05T04:00:00Z":"1.655254","2024-06-05T05:00:00Z":"1.798940","2024-06-05T06:00:00Z":"2.489951","2024-06-05T07:00:00Z":"3.588858","2024-06-05T08:00:00Z":"3.872165","2024-06-05T09:00:00Z":"3.925557","2024-06-05T10:00:00Z":"4.221944","2024-06-05T11:00:00Z":"3.977438","2024-06-05T12:00:00Z":"4.174551","2024-06-05T13:00:00Z":"4.343385","2024-06-05T14:00:00Z":"4.946260","2024-06-05T15:00:00Z":"4.034189","2024-06-05T16:00:00Z":"3.916887","2024-06-05T17:00:00Z":"3.433747","2024-06-05T18:00:00Z":"3.096903","2024-06-05T19:00:00Z":"2.249483","2024-06-05T20:00:00Z":"1.830001","2024-06-05T21:00:00Z":"1.579593","2024-06-05T22:00:00Z":"0.922024","2024-06-05T23:00:00Z":"2.298349","2024-06-06T00:00:00Z":"1.796542","2024-06-06T01:00:00Z":"1.500030","2024-06-06T02:00:00Z":"0.988349","2024-06-06T03:00:00Z":"1.098956","2024-06-06T04:00:00Z":"1.269947","2024-06-06T05:00:00Z":"1.670589","2024-06-06T06:00:00Z":"1.891844","2024-06-06T07:00:00Z":"2.061201","2024-06-06T08:00:00Z":"2.645748","2024-06-06T09:00:00Z":"2.772641","2024-06-06T10:00:00Z":"3.517638","2024-06-06T11:00:00Z":"3.713865","2024-06-06T12:00:00Z":"3.447658","2024-06-06T13:00:00Z":"3.234671","2024-06-06T14:00:00Z":"3.260834","2024-06-06T15:00:00Z":"3.887287","2024-06-06T16:00:00Z":"3.952613","2024-06-06T17:00:00Z":"3.537358","2024-06-06T18:00:00Z":"2.870285","2024-06-06T19:00:00Z":"2.116499","2024-06-06T20:00:00Z":"1.370816","2024-06-06T21:00:00Z":"1.292911","2024-06-06T22:00:00Z":"0.622833","2024-06-06T23:00:00Z":"1.485152","2024-06-07T00:00:00Z":"1.528756","2024-06-07T01:00:00Z":"2.073561","2024-06-07T02:00:00Z":"2.031594","2024-06-07T03:00:00Z":"1.939824","2024-06-07T04:00:00Z":"2.585833","2024-06-07T05:00:00Z":"3.086826","2024-06-07T06:00:00Z":"3.287763","2024-06-07T07:00:00Z":"3.322508","2024-06-07T08:00:00Z":"3.789427","2024-06-07T09:00:00Z":"5.000007","2024-06-07T10:00:00Z":"4.995486","2024-06-07T11:00:00Z":"4.734564","2024-06-07T12:00:00Z":"5.087199","2024-06-07T13:00:00Z":"5.175865","2024-06-07T14:00:00Z":"5.406571","2024-06-07T15:00:00Z":"4.837795"},"5":{"2024-06-05T04:00:00Z":"2.111237","2024-06-05T05:00:00Z":"3.530748","2024-06-05T06:00:00Z":"3.528483","2024-06-05T07:00:00Z":"3.739960","2024-06-05T08:00:00Z":"4.156112","2024-06-05T09:00:00Z":"4.618766","2024-06-05T10:00:00Z":"4.723802","2024-06-05T11:00:00Z":"4.176527","2024-06-05T12:00:00Z":"4.420346","2024-06-05T13:00:00Z":"5.130036","2024-06-05T14:00:00Z":"5.280112","2024-06-05T15:00:00Z":"5.248568","2024-06-05T16:00:00Z":"3.749533","2024-06-05T17:00:00Z":"3.803358","2024-06-05T18:00:00Z":"2.681111","2024-06-05T19:00:00Z":"2.365393","2024-06-05T20:00:00Z":"2.038861","2024-06-05T21:00:00Z":"2.174806","2024-06-05T22:00:00Z":"2.205389","2024-06-05T23:00:00Z":"3.158326","2024-06-06T00:00:00Z":"2.305671","2024-06-06T01:00:00Z":"1.612980","2024-06-06T02:00:00Z":"2.289307","2024-06-06T03:00:00Z":"2.551171","2024-06-06T04:00:00Z":"2.074782","2024-06-06T05:00:00Z":"1.588058","2024-06-06T06:00:00Z":"2.006897","2024-06-06T07:00:00Z":"3.117372","2024-06-06T08:00:00Z":"3.147297","2024-06-06T09:00:00Z":"3.685434","2024-06-06T10:00:00Z":"4.414134","2024-06-06T11:00:00Z":"0.293495","2024-06-06T12:00:00Z":"4.160997","2024-06-06T13:00:00Z":"4.214394","2024-06-06T14:00:00Z":"4.155031","2024-06-06T15:00:00Z":"4.147195","2024-06-06T16:00:00Z":"3.834271","2024-06-06T17:00:00Z":"3.718807","2024-06-06T18:00:00Z":"2.842515","2024-06-06T19:00:00Z":"2.081945","2024-06-06T20:00:00Z":"2.140587","2024-06-06T21:00:00Z":"1.424358","2024-06-06T22:00:00Z":"0.730504","2024-06-06T23:00:00Z":"1.183683","2024-06-07T00:00:00Z":"1.505759","2024-06-07T01:00:00Z":"1.924710","2024-06-07T02:00:00Z":"2.179118","2024-06-07T03:00:00Z":"2.092598","2024-06-07T04:00:00Z":"2.670656","2024-06-07T05:00:00Z":"2.237233","2024-06-07T06:00:00Z":"2.213213","2024-06-07T07:00:00Z":"2.498310","2024-06-07T08:00:00Z":"3.762235","2024-06-07T09:00:00Z":"3.953748","2024-06-07T10:00:00Z":"3.122644","2024-06-07T11:00:00Z":"3.995547","2024-06-07T12:00:00Z":"5.118149","2024-06-07T13:00:00Z":"5.447961","2024-06-07T14:00:00Z":"5.475470","2024-06-07T15:00:00Z":"4.975615"}}}}]
