{"adaguc_tests_uwcwdini_windcomponents":{"wind-hagl":{"dims":{"reference_time":{"cdfName":"forecast_reference_time","defaultValue":"2024-09-05T00:00:00Z","hasMultipleValues":1,"hidden":false,"serviceName":"reference_time","type":"dimtype_none","units":"ISO8601","values":"2024-09-05T00:00:00Z"},"time":{"cdfName":"time","defaultValue":"2024-09-07T12:00:00Z","hasMultipleValues":0,"hidden":false,"serviceName":"time","type":"dimtype_none","units":"ISO8601","values":"2024-09-05T01:00:00Z/2024-09-07T12:00:00Z/PT1H"},"wind_at_10m":{"cdfName":"wind_at_10m","defaultValue":"10","hasMultipleValues":1,"hidden":false,"serviceName":"wind_at_10m","type":"dimtype_none","units":"1","values":"10"}},"layer":{"abstract":"","collection":"","enable_edr":true,"gridspec":{"bbox":[-13.525000000000002,14.575,20.275,-13.625],"cellsizex":4.225,"cellsizey":4.0285714285714285,"height":7,"projstring":"+proj=ob_tran +o_proj=longlat +lon_0=-8.0 +o_lat_p=35.0 +o_lon_p=0.0 +a=6367470 +e=0 +no_defs","width":8},"hidden":false,"isqueryable":1,"latlonbox":[-42.157490363460354,37.70950892362008,38.83196915193493,69.57499950438519],"layername":"wind-hagl","nativeepsg":"PROJ4:%2Bproj%3Dob_tran%20%2Bo_proj%3Dlonglat%20%2Blon_0%3D%2D8%2E0%20%2Bo_lat_p%3D35%2E0%20%2Bo_lon_p%3D0%2E0%20%2Ba%3D6367470%20%2Be%3D0%20%2Bno_defs","title":"Wind 10m flags","variables":[{"label":"Wind speed","standard_name":"wind_speed","units":"kts","variableName":"speed_component"},{"label":"Wind direction","standard_name":"wind_direction","units":"degrees","variableName":"direction_component"},{"label":"eastward_wind","standard_name":"eastward_wind","units":"kts","variableName":"eastward_component"},{"label":"northward_wind","standard_name":"northward_wind","units":"kts","variableName":"northward_component"},{"label":"Wind x-component at height above ground level","standard_name":"x_wind","units":"kts","variableName":"x-wind-hagl"},{"label":"Wind y-component at height above ground level","standard_name":"y_wind","units":"kts","variableName":"y-wind-hagl"}],"wmsgroup":""}}}}