<?xml version="1.0" encoding="UTF-8"?>
<WMS_Capabilities
        version="1.3.0"
        updateSequence="0"
        xmlns="http://www.opengis.net/wms"
        xmlns:xlink="http://www.w3.org/1999/xlink"
        xmlns:xsi="http://www.w3.org/2001/XMLSchema-instance"
        xsi:schemaLocation="http://www.opengis.net/wms http://schemas.opengis.net/wms/1.3.0/capabilities_1_3_0.xsd"

     >
    <Service>
        <Name>WMS</Name>
        <Title>adaguc.tests.arcus_harmonie_sorted_model_levels</Title>
        <Abstract>This service demonstrates how the ADAGUC server can be used to create OGC services.</Abstract>
        <KeywordList>
            <Keyword>view</Keyword>
            <Keyword>infoMapAccessService</Keyword>
            <Keyword>ADAGUCServer version 3.1.2, of Jun 30 2025 11:29:01 </Keyword>
        </KeywordList>
        <OnlineResource xlink:type="simple" xlink:href="DATASET=adaguc.tests.arcus_harmonie_sorted_model_levels&amp;SERVICE=WMS&amp;"/>
        <ContactInformation>
          
        </ContactInformation>
        <Fees>no conditions apply</Fees>
        <AccessConstraints>None</AccessConstraints>
        <MaxWidth>8192</MaxWidth>
        <MaxHeight>8192</MaxHeight>
    </Service>
    <Capability>
        <Request>
            <GetCapabilities>
                <Format>text/xml</Format>
                <DCPType><HTTP><Get><OnlineResource xlink:type="simple" xlink:href="DATASET=adaguc.tests.arcus_harmonie_sorted_model_levels&amp;SERVICE=WMS&amp;"/></Get></HTTP></DCPType>
            </GetCapabilities>
            <GetMap>
                <Format>image/png</Format>
                <Format>image/png;mode=8bit</Format>
                <Format>image/png;mode=8bit_noalpha</Format>
                <Format>image/png;mode=24bit</Format>
                <Format>image/png;mode=32bit</Format>
                <Format>image/gif</Format>
                <Format>image/jpeg</Format>
                <!--<Format>image/webp</Format>-->
                <DCPType><HTTP><Get><OnlineResource xlink:type="simple" xlink:href="DATASET=adaguc.tests.arcus_harmonie_sorted_model_levels&amp;SERVICE=WMS&amp;"/></Get></HTTP></DCPType>
            </GetMap>
            <GetFeatureInfo>
                <Format>image/png</Format>
                <Format>text/plain</Format>
                <Format>text/html</Format>
                <Format>text/xml</Format>
                <Format>application/json</Format>
                <DCPType><HTTP><Get><OnlineResource xlink:type="simple" xlink:href="DATASET=adaguc.tests.arcus_harmonie_sorted_model_levels&amp;SERVICE=WMS&amp;"/></Get></HTTP></DCPType>
            </GetFeatureInfo>
        </Request>
        <Exception>
            <Format>XML</Format>
            <Format>INIMAGE</Format>
            <Format>BLANK</Format>
        </Exception>
        <UserDefinedSymbolization SupportSLD="1" />
<Layer>
<Title>WMS of  adaguc.tests.arcus_harmonie_sorted_model_levels</Title>
<CRS>CRS:84</CRS>
<CRS>EPSG:25831</CRS>
<CRS>EPSG:25832</CRS>
<CRS>EPSG:28992</CRS>
<CRS>EPSG:3035</CRS>
<CRS>EPSG:3067</CRS>
<CRS>EPSG:32661</CRS>
<CRS>EPSG:3411</CRS>
<CRS>EPSG:3412</CRS>
<CRS>EPSG:3575</CRS>
<CRS>EPSG:3857</CRS>
<CRS>EPSG:40000</CRS>
<CRS>EPSG:4258</CRS>
<CRS>EPSG:4326</CRS>
<CRS>EPSG:50001</CRS>
<CRS>EPSG:54030</CRS>
<CRS>EPSG:7399</CRS>
<CRS>EPSG:900913</CRS>
<CRS>PROJ4:%2Bproj%3Dlonglat%20%2Bellps%3DWGS84%20%2Bdatum%3DWGS84%20%2Bno_defs</CRS>
<BoundingBox CRS="CRS:84" minx="48.991000" miny="-0.014500" maxx="56.011000" maxy="11.295500" />
<BoundingBox CRS="EPSG:25831" minx="279486.181295" miny="5426455.295658" maxx="1106564.235337" maxy="6238397.008695" />
<BoundingBox CRS="EPSG:25832" minx="-159076.876180" miny="5426455.835211" maxx="667922.720949" maxy="6244030.589292" />
<BoundingBox CRS="EPSG:28992" minx="-240356.718422" miny="110966.965686" maxx="587386.577109" maxy="907716.266185" />
<BoundingBox CRS="EPSG:3035" minx="3590473.522941" miny="2875312.852130" maxx="4415832.798743" maxy="3699811.756282" />
<BoundingBox CRS="EPSG:3067" minx="-1463498.983078" miny="5546449.239554" maxx="-474452.673273" maxy="6541622.309508" />
<BoundingBox CRS="EPSG:32661" minx="1998797.905458" miny="-2749996.025036" maxx="2930377.601350" maxy="-1808590.961851" />
<BoundingBox CRS="EPSG:3411" minx="2678953.931008" miny="-3278077.377054" maxx="3855679.674073" maxy="-2102870.594756" />
<BoundingBox CRS="EPSG:3412" minx="-10153.773965" miny="32170157.134147" maxx="7858652.989460" maxy="40121957.372894" />
<BoundingBox CRS="EPSG:3575" minx="-778454.897448" miny="-4476517.292347" maxx="101208.769638" maxy="-3679953.333308" />
<BoundingBox CRS="EPSG:3857" minx="-1614.132617" miny="6273334.420261" maxx="1257409.308255" maxy="7560605.756670" />
<BoundingBox CRS="EPSG:40000" minx="-1209.350646" miny="-4778668.033236" maxx="935993.562727" maxy="-3831580.444518" />
<BoundingBox CRS="EPSG:4258" minx="48.991000" miny="-0.014500" maxx="56.011000" maxy="11.295500" />
<BoundingBox CRS="EPSG:4326" minx="48.991000" miny="-0.014500" maxx="56.011000" maxy="11.295500" />
<BoundingBox CRS="EPSG:50001" minx="-2000000.000000" miny="-2000000.000000" maxx="10000000.000000" maxy="8500000.000000" />
<BoundingBox CRS="EPSG:54030" minx="-1197.220328" miny="5222308.942734" maxx="932634.635340" maxy="5940218.262293" />
<BoundingBox CRS="EPSG:7399" minx="-1117.353231" miny="5767402.687526" maxx="870418.166689" maxy="6487641.412002" />
<BoundingBox CRS="EPSG:900913" minx="-1614.132617" miny="6273334.420261" maxx="1257409.308255" maxy="7560605.756670" />
<BoundingBox CRS="PROJ4:%2Bproj%3Dlonglat%20%2Bellps%3DWGS84%20%2Bdatum%3DWGS84%20%2Bno_defs" minx="-0.014500" miny="48.991000" maxx="11.295500" maxy="56.011000" />
<Layer queryable="1" opaque="1" cascaded="0">
<Name>air-temperature-ml</Name>
<Title>air-temperature-ml</Title>
<EX_GeographicBoundingBox>
  <westBoundLongitude>-0.014500</westBoundLongitude>
  <eastBoundLongitude>11.295500</eastBoundLongitude>
  <southBoundLatitude>48.991000</southBoundLatitude>
  <northBoundLatitude>56.011000</northBoundLatitude>
</EX_GeographicBoundingBox><BoundingBox CRS="CRS:84" minx="48.991000" miny="-0.014500" maxx="56.011000" maxy="11.295500" />
<BoundingBox CRS="EPSG:25831" minx="279486.181295" miny="5426455.295658" maxx="1106564.235337" maxy="6238397.008695" />
<BoundingBox CRS="EPSG:25832" minx="-159076.876180" miny="5426455.835211" maxx="667922.720949" maxy="6244030.589292" />
<BoundingBox CRS="EPSG:28992" minx="-240356.718422" miny="110966.965686" maxx="587386.577109" maxy="907716.266185" />
<BoundingBox CRS="EPSG:3035" minx="3590473.522941" miny="2875312.852130" maxx="4415832.798743" maxy="3699811.756282" />
<BoundingBox CRS="EPSG:3067" minx="-1463498.983078" miny="5546449.239554" maxx="-474452.673273" maxy="6541622.309508" />
<BoundingBox CRS="EPSG:32661" minx="1998797.905458" miny="-2749996.025036" maxx="2930377.601350" maxy="-1808590.961851" />
<BoundingBox CRS="EPSG:3411" minx="2678953.931008" miny="-3278077.377054" maxx="3855679.674073" maxy="-2102870.594756" />
<BoundingBox CRS="EPSG:3412" minx="-10153.773965" miny="32170157.134147" maxx="7858652.989460" maxy="40121957.372894" />
<BoundingBox CRS="EPSG:3575" minx="-778454.897448" miny="-4476517.292347" maxx="101208.769638" maxy="-3679953.333308" />
<BoundingBox CRS="EPSG:3857" minx="-1614.132617" miny="6273334.420261" maxx="1257409.308255" maxy="7560605.756670" />
<BoundingBox CRS="EPSG:40000" minx="-1209.350646" miny="-4778668.033236" maxx="935993.562727" maxy="-3831580.444518" />
<BoundingBox CRS="EPSG:4258" minx="48.991000" miny="-0.014500" maxx="56.011000" maxy="11.295500" />
<BoundingBox CRS="EPSG:4326" minx="48.991000" miny="-0.014500" maxx="56.011000" maxy="11.295500" />
<BoundingBox CRS="EPSG:50001" minx="-2000000.000000" miny="-2000000.000000" maxx="10000000.000000" maxy="8500000.000000" />
<BoundingBox CRS="EPSG:54030" minx="-1197.220328" miny="5222308.942734" maxx="932634.635340" maxy="5940218.262293" />
<BoundingBox CRS="EPSG:7399" minx="-1117.353231" miny="5767402.687526" maxx="870418.166689" maxy="6487641.412002" />
<BoundingBox CRS="EPSG:900913" minx="-1614.132617" miny="6273334.420261" maxx="1257409.308255" maxy="7560605.756670" />
<BoundingBox CRS="PROJ4:%2Bproj%3Dlonglat%20%2Bellps%3DWGS84%20%2Bdatum%3DWGS84%20%2Bno_defs" minx="-0.014500" miny="48.991000" maxx="11.295500" maxy="56.011000" />
<Dimension name="time" units="ISO8601" default="2024-12-23T13:00:00Z" multipleValues="1" nearestValue="0" current="1">2024-12-23T13:00:00Z</Dimension>
<Dimension name="reference_time" units="ISO8601" default="2024-12-22T06:00:00Z" multipleValues="1" nearestValue="0" current="1">2024-12-22T06:00:00Z</Dimension>
<Dimension name="model_level_number" units="hPa" default="90" multipleValues="1" nearestValue="0" >1,2,3,4,5,6,7,8,9,10,11,12,13,14,15,16,17,18,19,20,21,22,23,24,25,26,27,28,29,30,31,32,33,34,35,36,37,38,39,40,41,42,43,44,45,46,47,48,49,50,51,52,53,54,55,56,57,58,59,60,61,62,63,64,65,66,67,68,69,70,71,72,73,74,75,76,77,78,79,80,81,82,83,84,85,86,87,88,89,90</Dimension>
   <Style>    <Name>auto/nearest</Name>    <Title>auto/nearest</Title>    <LegendURL width="300" height="400">       <Format>image/png</Format>       <OnlineResource xlink:type="simple" xlink:href="DATASET=adaguc.tests.arcus_harmonie_sorted_model_levels&amp;SERVICE=WMS&amp;&amp;version=1.1.1&amp;service=WMS&amp;request=GetLegendGraphic&amp;layer=air-temperature-ml&amp;format=image/png&amp;STYLE=auto/nearest"/>    </LegendURL>  </Style>   <Style>    <Name>auto/bilinear</Name>    <Title>auto/bilinear</Title>    <LegendURL width="300" height="400">       <Format>image/png</Format>       <OnlineResource xlink:type="simple" xlink:href="DATASET=adaguc.tests.arcus_harmonie_sorted_model_levels&amp;SERVICE=WMS&amp;&amp;version=1.1.1&amp;service=WMS&amp;request=GetLegendGraphic&amp;layer=air-temperature-ml&amp;format=image/png&amp;STYLE=auto/bilinear"/>    </LegendURL>  </Style>   <Style>    <Name>auto/point</Name>    <Title>auto/point</Title>    <LegendURL width="300" height="400">       <Format>image/png</Format>       <OnlineResource xlink:type="simple" xlink:href="DATASET=adaguc.tests.arcus_harmonie_sorted_model_levels&amp;SERVICE=WMS&amp;&amp;version=1.1.1&amp;service=WMS&amp;request=GetLegendGraphic&amp;layer=air-temperature-ml&amp;format=image/png&amp;STYLE=auto/point"/>    </LegendURL>  </Style>   <Style>    <Name>auto/barb</Name>    <Title>auto/barb</Title>    <LegendURL width="300" height="400">       <Format>image/png</Format>       <OnlineResource xlink:type="simple" xlink:href="DATASET=adaguc.tests.arcus_harmonie_sorted_model_levels&amp;SERVICE=WMS&amp;&amp;version=1.1.1&amp;service=WMS&amp;request=GetLegendGraphic&amp;layer=air-temperature-ml&amp;format=image/png&amp;STYLE=auto/barb"/>    </LegendURL>  </Style></Layer>
    </Layer>
  </Capability>
</WMS_Capabilities>
