[{"name":"wind_speed_hagl_kts","standard_name":"wind_speed","units":"kts","long_name":"Wind speed at height above ground level","point":{"SRS":"EPSG:4326","coords":"4.586712,52.159352"},"dims":["reference_time","member","time"],"data":{"2024-06-05T03:00:00Z":{"1":{"2024-06-05T04:00:00Z":"15.775339","2024-06-05T05:00:00Z":"13.186327","2024-06-05T06:00:00Z":"12.148685","2024-06-05T07:00:00Z":"11.422233","2024-06-05T08:00:00Z":"12.151334","2024-06-05T09:00:00Z":"13.556991","2024-06-05T10:00:00Z":"13.626903","2024-06-05T11:00:00Z":"13.102591","2024-06-05T12:00:00Z":"13.564163","2024-06-05T13:00:00Z":"13.855365","2024-06-05T14:00:00Z":"12.779479","2024-06-05T15:00:00Z":"13.051289","2024-06-05T16:00:00Z":"11.943702","2024-06-05T17:00:00Z":"14.067699","2024-06-05T18:00:00Z":"16.305511","2024-06-05T19:00:00Z":"15.129247","2024-06-05T20:00:00Z":"17.833668","2024-06-05T21:00:00Z":"5.988266","2024-06-05T22:00:00Z":"5.733473","2024-06-05T23:00:00Z":"9.234309","2024-06-06T00:00:00Z":"9.640969","2024-06-06T01:00:00Z":"10.206911","2024-06-06T02:00:00Z":"9.524495","2024-06-06T03:00:00Z":"7.843515","2024-06-06T04:00:00Z":"9.621808","2024-06-06T05:00:00Z":"10.715986","2024-06-06T06:00:00Z":"14.214528","2024-06-06T07:00:00Z":"14.578615","2024-06-06T08:00:00Z":"12.798328","2024-06-06T09:00:00Z":"13.425311","2024-06-06T10:00:00Z":"13.246885","2024-06-06T11:00:00Z":"12.560773","2024-06-06T12:00:00Z":"11.292111","2024-06-06T13:00:00Z":"10.014587","2024-06-06T14:00:00Z":"9.921475","2024-06-06T15:00:00Z":"9.398050","2024-06-06T16:00:00Z":"7.673230","2024-06-06T17:00:00Z":"7.104860","2024-06-06T18:00:00Z":"9.042298","2024-06-06T19:00:00Z":"10.206733","2024-06-06T20:00:00Z":"8.259920","2024-06-06T21:00:00Z":"9.150825","2024-06-06T22:00:00Z":"9.872501","2024-06-06T23:00:00Z":"9.594595","2024-06-07T00:00:00Z":"8.148282","2024-06-07T01:00:00Z":"6.628129","2024-06-07T02:00:00Z":"5.793499","2024-06-07T03:00:00Z":"6.387124","2024-06-07T04:00:00Z":"6.289490","2024-06-07T05:00:00Z":"8.162366","2024-06-07T06:00:00Z":"10.870751","2024-06-07T07:00:00Z":"10.259370","2024-06-07T08:00:00Z":"11.127177","2024-06-07T09:00:00Z":"13.184858","2024-06-07T10:00:00Z":"13.864242","2024-06-07T11:00:00Z":"13.186084","2024-06-07T12:00:00Z":"14.209383","2024-06-07T13:00:00Z":"12.761018","2024-06-07T14:00:00Z":"11.750229","2024-06-07T15:00:00Z":"11.909986"},"2":{"2024-06-05T04:00:00Z":"14.177457","2024-06-05T05:00:00Z":"13.748013","2024-06-05T06:00:00Z":"12.880287","2024-06-05T07:00:00Z":"10.904521","2024-06-05T08:00:00Z":"10.662515","2024-06-05T09:00:00Z":"11.602332","2024-06-05T10:00:00Z":"12.521426","2024-06-05T11:00:00Z":"10.844682","2024-06-05T12:00:00Z":"10.853186","2024-06-05T13:00:00Z":"11.847744","2024-06-05T14:00:00Z":"13.638008","2024-06-05T15:00:00Z":"11.526724","2024-06-05T16:00:00Z":"12.414762","2024-06-05T17:00:00Z":"12.992332","2024-06-05T18:00:00Z":"12.398211","2024-06-05T19:00:00Z":"12.410094","2024-06-05T20:00:00Z":"12.468608","2024-06-05T21:00:00Z":"13.106050","2024-06-05T22:00:00Z":"12.492663","2024-06-05T23:00:00Z":"13.438204","2024-06-06T00:00:00Z":"10.822325","2024-06-06T01:00:00Z":"8.665218","2024-06-06T02:00:00Z":"7.984543","2024-06-06T03:00:00Z":"8.873175","2024-06-06T04:00:00Z":"8.981706","2024-06-06T05:00:00Z":"9.700053","2024-06-06T06:00:00Z":"11.750085","2024-06-06T07:00:00Z":"10.036147","2024-06-06T08:00:00Z":"6.797575","2024-06-06T09:00:00Z":"8.103659","2024-06-06T10:00:00Z":"7.952743","2024-06-06T11:00:00Z":"7.608274","2024-06-06T12:00:00Z":"11.474478","2024-06-06T13:00:00Z":"9.834647","2024-06-06T14:00:00Z":"8.971938","2024-06-06T15:00:00Z":"9.705935","2024-06-06T16:00:00Z":"8.558808","2024-06-06T17:00:00Z":"9.197673","2024-06-06T18:00:00Z":"11.772402","2024-06-06T19:00:00Z":"9.633631","2024-06-06T20:00:00Z":"6.889479","2024-06-06T21:00:00Z":"6.662973","2024-06-06T22:00:00Z":"6.651658","2024-06-06T23:00:00Z":"6.863153","2024-06-07T00:00:00Z":"6.292601","2024-06-07T01:00:00Z":"6.900211","2024-06-07T02:00:00Z":"7.511339","2024-06-07T03:00:00Z":"7.884658","2024-06-07T04:00:00Z":"7.504484","2024-06-07T05:00:00Z":"5.904223","2024-06-07T06:00:00Z":"5.759703","2024-06-07T07:00:00Z":"9.744061","2024-06-07T08:00:00Z":"9.426420","2024-06-07T09:00:00Z":"11.713764","2024-06-07T10:00:00Z":"14.283373","2024-06-07T11:00:00Z":"13.893240","2024-06-07T12:00:00Z":"15.069743","2024-06-07T13:00:00Z":"14.927683","2024-06-07T14:00:00Z":"15.698315","2024-06-07T15:00:00Z":"15.804984"},"3":{"2024-06-05T04:00:00Z":"15.064298","2024-06-05T05:00:00Z":"13.444876","2024-06-05T06:00:00Z":"10.524542","2024-06-05T07:00:00Z":"11.767483","2024-06-05T08:00:00Z":"11.981489","2024-06-05T09:00:00Z":"12.975502","2024-06-05T10:00:00Z":"13.704595","2024-06-05T11:00:00Z":"12.156369","2024-06-05T12:00:00Z":"12.128559","2024-06-05T13:00:00Z":"14.724837","2024-06-05T14:00:00Z":"14.494846","2024-06-05T15:00:00Z":"13.540847","2024-06-05T16:00:00Z":"12.973444","2024-06-05T17:00:00Z":"11.985965","2024-06-05T18:00:00Z":"12.507686","2024-06-05T19:00:00Z":"13.591278","2024-06-05T20:00:00Z":"14.419475","2024-06-05T21:00:00Z":"9.227962","2024-06-05T22:00:00Z":"8.437981","2024-06-05T23:00:00Z":"9.674655","2024-06-06T00:00:00Z":"11.161530","2024-06-06T01:00:00Z":"10.624082","2024-06-06T02:00:00Z":"10.077599","2024-06-06T03:00:00Z":"9.538286","2024-06-06T04:00:00Z":"10.045145","2024-06-06T05:00:00Z":"12.562605","2024-06-06T06:00:00Z":"11.598359","2024-06-06T07:00:00Z":"7.867397","2024-06-06T08:00:00Z":"8.570641","2024-06-06T09:00:00Z":"14.745354","2024-06-06T10:00:00Z":"9.037910","2024-06-06T11:00:00Z":"8.902707","2024-06-06T12:00:00Z":"7.327840","2024-06-06T13:00:00Z":"10.271216","2024-06-06T14:00:00Z":"10.131567","2024-06-06T15:00:00Z":"8.004573","2024-06-06T16:00:00Z":"7.075718","2024-06-06T17:00:00Z":"7.049203","2024-06-06T18:00:00Z":"7.831542","2024-06-06T19:00:00Z":"7.014715","2024-06-06T20:00:00Z":"5.522041","2024-06-06T21:00:00Z":"5.765871","2024-06-06T22:00:00Z":"8.066827","2024-06-06T23:00:00Z":"8.209140","2024-06-07T00:00:00Z":"7.916838","2024-06-07T01:00:00Z":"10.086275","2024-06-07T02:00:00Z":"10.571925","2024-06-07T03:00:00Z":"12.746217","2024-06-07T04:00:00Z":"13.699579","2024-06-07T05:00:00Z":"13.412661","2024-06-07T06:00:00Z":"13.945034","2024-06-07T07:00:00Z":"14.385236","2024-06-07T08:00:00Z":"15.171848","2024-06-07T09:00:00Z":"16.029358","2024-06-07T10:00:00Z":"17.291368","2024-06-07T11:00:00Z":"16.419809","2024-06-07T12:00:00Z":"17.552574","2024-06-07T13:00:00Z":"19.035599","2024-06-07T14:00:00Z":"20.487310","2024-06-07T15:00:00Z":"20.500654"},"4":{"2024-06-05T04:00:00Z":"17.094126","2024-06-05T05:00:00Z":"15.108000","2024-06-05T06:00:00Z":"12.172432","2024-06-05T07:00:00Z":"12.672259","2024-06-05T08:00:00Z":"12.548790","2024-06-05T09:00:00Z":"13.176720","2024-06-05T10:00:00Z":"13.699147","2024-06-05T11:00:00Z":"12.409177","2024-06-05T12:00:00Z":"12.321745","2024-06-05T13:00:00Z":"13.025494","2024-06-05T14:00:00Z":"12.206019","2024-06-05T15:00:00Z":"12.753424","2024-06-05T16:00:00Z":"12.959686","2024-06-05T17:00:00Z":"12.977999","2024-06-05T18:00:00Z":"13.419597","2024-06-05T19:00:00Z":"13.618079","2024-06-05T20:00:00Z":"12.538492","2024-06-05T21:00:00Z":"6.792562","2024-06-05T22:00:00Z":"8.749178","2024-06-05T23:00:00Z":"9.176256","2024-06-06T00:00:00Z":"8.416839","2024-06-06T01:00:00Z":"6.477930","2024-06-06T02:00:00Z":"4.230346","2024-06-06T03:00:00Z":"4.162952","2024-06-06T04:00:00Z":"6.434303","2024-06-06T05:00:00Z":"8.263912","2024-06-06T06:00:00Z":"9.597811","2024-06-06T07:00:00Z":"8.426495","2024-06-06T08:00:00Z":"9.190424","2024-06-06T09:00:00Z":"8.821765","2024-06-06T10:00:00Z":"6.272503","2024-06-06T11:00:00Z":"6.557984","2024-06-06T12:00:00Z":"6.198307","2024-06-06T13:00:00Z":"7.670111","2024-06-06T14:00:00Z":"8.547883","2024-06-06T15:00:00Z":"9.389374","2024-06-06T16:00:00Z":"9.721526","2024-06-06T17:00:00Z":"7.973026","2024-06-06T18:00:00Z":"9.889436","2024-06-06T19:00:00Z":"8.617492","2024-06-06T20:00:00Z":"10.543653","2024-06-06T21:00:00Z":"9.556487","2024-06-06T22:00:00Z":"5.909586","2024-06-06T23:00:00Z":"6.430423","2024-06-07T00:00:00Z":"6.289890","2024-06-07T01:00:00Z":"6.668704","2024-06-07T02:00:00Z":"9.054737","2024-06-07T03:00:00Z":"10.244022","2024-06-07T04:00:00Z":"12.727946","2024-06-07T05:00:00Z":"12.797430","2024-06-07T06:00:00Z":"12.763150","2024-06-07T07:00:00Z":"10.966561","2024-06-07T08:00:00Z":"12.369006","2024-06-07T09:00:00Z":"14.089739","2024-06-07T10:00:00Z":"15.687445","2024-06-07T11:00:00Z":"16.656712","2024-06-07T12:00:00Z":"16.930979","2024-06-07T13:00:00Z":"16.337891","2024-06-07T14:00:00Z":"15.105752","2024-06-07T15:00:00Z":"14.403069"},"5":{"2024-06-05T04:00:00Z":"16.435844","2024-06-05T05:00:00Z":"14.582842","2024-06-05T06:00:00Z":"12.808009","2024-06-05T07:00:00Z":"12.146058","2024-06-05T08:00:00Z":"12.398939","2024-06-05T09:00:00Z":"13.034891","2024-06-05T10:00:00Z":"13.671418","2024-06-05T11:00:00Z":"12.347487","2024-06-05T12:00:00Z":"12.033710","2024-06-05T13:00:00Z":"12.670484","2024-06-05T14:00:00Z":"13.551236","2024-06-05T15:00:00Z":"13.376813","2024-06-05T16:00:00Z":"11.497190","2024-06-05T17:00:00Z":"11.820535","2024-06-05T18:00:00Z":"11.874239","2024-06-05T19:00:00Z":"12.886568","2024-06-05T20:00:00Z":"13.626674","2024-06-05T21:00:00Z":"13.697248","2024-06-05T22:00:00Z":"10.500712","2024-06-05T23:00:00Z":"10.995174","2024-06-06T00:00:00Z":"11.721790","2024-06-06T01:00:00Z":"9.646514","2024-06-06T02:00:00Z":"9.195387","2024-06-06T03:00:00Z":"8.398839","2024-06-06T04:00:00Z":"8.889044","2024-06-06T05:00:00Z":"11.119388","2024-06-06T06:00:00Z":"11.078627","2024-06-06T07:00:00Z":"12.404479","2024-06-06T08:00:00Z":"11.948768","2024-06-06T09:00:00Z":"12.293593","2024-06-06T10:00:00Z":"21.610289","2024-06-06T11:00:00Z":"6.616676","2024-06-06T12:00:00Z":"8.426758","2024-06-06T13:00:00Z":"8.287236","2024-06-06T14:00:00Z":"8.733924","2024-06-06T15:00:00Z":"8.344196","2024-06-06T16:00:00Z":"7.622150","2024-06-06T17:00:00Z":"6.690156","2024-06-06T18:00:00Z":"5.185051","2024-06-06T19:00:00Z":"4.101505","2024-06-06T20:00:00Z":"5.454391","2024-06-06T21:00:00Z":"3.291716","2024-06-06T22:00:00Z":"3.401118","2024-06-06T23:00:00Z":"5.308752","2024-06-07T00:00:00Z":"6.555393","2024-06-07T01:00:00Z":"8.095206","2024-06-07T02:00:00Z":"9.586113","2024-06-07T03:00:00Z":"9.989513","2024-06-07T04:00:00Z":"10.624804","2024-06-07T05:00:00Z":"11.024176","2024-06-07T06:00:00Z":"6.669259","2024-06-07T07:00:00Z":"4.432869","2024-06-07T08:00:00Z":"5.595791","2024-06-07T09:00:00Z":"4.880474","2024-06-07T10:00:00Z":"6.508883","2024-06-07T11:00:00Z":"11.414544","2024-06-07T12:00:00Z":"12.023529","2024-06-07T13:00:00Z":"12.977262","2024-06-07T14:00:00Z":"12.601112","2024-06-07T15:00:00Z":"11.420217"}}}}]
