[{"name":"wind_speed_hagl_ms_wrong_dim_order","layername":"wind_speed_hagl_ms_wrong_dim_order","variablename":"wind-speed-hagl","standard_name":"wind_speed","units":"m/s","point":{"SRS":"EPSG:4326","coords":"4.586712,52.159352"},"dims":["reference_time","member","time"],"data":{"2024-06-05T03:00:00Z":{"1":{"2024-06-05T04:00:00Z":"8.115536","2024-06-05T05:00:00Z":"6.783633","2024-06-05T06:00:00Z":"6.249824","2024-06-05T07:00:00Z":"5.876104","2024-06-05T08:00:00Z":"6.251186","2024-06-05T09:00:00Z":"6.974319","2024-06-05T10:00:00Z":"7.010284","2024-06-05T11:00:00Z":"6.740555","2024-06-05T12:00:00Z":"6.978008","2024-06-05T13:00:00Z":"7.127815","2024-06-05T14:00:00Z":"6.574332","2024-06-05T15:00:00Z":"6.714163","2024-06-05T16:00:00Z":"6.144371","2024-06-05T17:00:00Z":"7.237050","2024-06-05T18:00:00Z":"8.388280","2024-06-05T19:00:00Z":"7.783157","2024-06-05T20:00:00Z":"9.174431","2024-06-05T21:00:00Z":"3.080630","2024-06-05T22:00:00Z":"2.949553","2024-06-05T23:00:00Z":"4.750539","2024-06-06T00:00:00Z":"4.959743","2024-06-06T01:00:00Z":"5.250889","2024-06-06T02:00:00Z":"4.899824","2024-06-06T03:00:00Z":"4.035053","2024-06-06T04:00:00Z":"4.949886","2024-06-06T05:00:00Z":"5.512780","2024-06-06T06:00:00Z":"7.312585","2024-06-06T07:00:00Z":"7.499888","2024-06-06T08:00:00Z":"6.584029","2024-06-06T09:00:00Z":"6.906577","2024-06-06T10:00:00Z":"6.814787","2024-06-06T11:00:00Z":"6.461820","2024-06-06T12:00:00Z":"5.809164","2024-06-06T13:00:00Z":"5.151949","2024-06-06T14:00:00Z":"5.104048","2024-06-06T15:00:00Z":"4.834775","2024-06-06T16:00:00Z":"3.947450","2024-06-06T17:00:00Z":"3.655056","2024-06-06T18:00:00Z":"4.651760","2024-06-06T19:00:00Z":"5.250797","2024-06-06T20:00:00Z":"4.249270","2024-06-06T21:00:00Z":"4.707591","2024-06-06T22:00:00Z":"5.078853","2024-06-06T23:00:00Z":"4.935886","2024-06-07T00:00:00Z":"4.191838","2024-06-07T01:00:00Z":"3.409804","2024-06-07T02:00:00Z":"2.980434","2024-06-07T03:00:00Z":"3.285820","2024-06-07T04:00:00Z":"3.235593","2024-06-07T05:00:00Z":"4.199084","2024-06-07T06:00:00Z":"5.592398","2024-06-07T07:00:00Z":"5.277876","2024-06-07T08:00:00Z":"5.724315","2024-06-07T09:00:00Z":"6.782877","2024-06-07T10:00:00Z":"7.132382","2024-06-07T11:00:00Z":"6.783508","2024-06-07T12:00:00Z":"7.309938","2024-06-07T13:00:00Z":"6.564835","2024-06-07T14:00:00Z":"6.044840","2024-06-07T15:00:00Z":"6.127026"},"2":{"2024-06-05T04:00:00Z":"7.293514","2024-06-05T05:00:00Z":"7.072589","2024-06-05T06:00:00Z":"6.626192","2024-06-05T07:00:00Z":"5.609770","2024-06-05T08:00:00Z":"5.485271","2024-06-05T09:00:00Z":"5.968755","2024-06-05T10:00:00Z":"6.441578","2024-06-05T11:00:00Z":"5.578986","2024-06-05T12:00:00Z":"5.583361","2024-06-05T13:00:00Z":"6.095006","2024-06-05T14:00:00Z":"7.015998","2024-06-05T15:00:00Z":"5.929859","2024-06-05T16:00:00Z":"6.386705","2024-06-05T17:00:00Z":"6.683833","2024-06-05T18:00:00Z":"6.378191","2024-06-05T19:00:00Z":"6.384304","2024-06-05T20:00:00Z":"6.414406","2024-06-05T21:00:00Z":"6.742334","2024-06-05T22:00:00Z":"6.426781","2024-06-05T23:00:00Z":"6.913209","2024-06-06T00:00:00Z":"5.567485","2024-06-06T01:00:00Z":"4.457773","2024-06-06T02:00:00Z":"4.107604","2024-06-06T03:00:00Z":"4.564755","2024-06-06T04:00:00Z":"4.620589","2024-06-06T05:00:00Z":"4.990138","2024-06-06T06:00:00Z":"6.044766","2024-06-06T07:00:00Z":"5.163040","2024-06-06T08:00:00Z":"3.496974","2024-06-06T09:00:00Z":"4.168882","2024-06-06T10:00:00Z":"4.091244","2024-06-06T11:00:00Z":"3.914034","2024-06-06T12:00:00Z":"5.902981","2024-06-06T13:00:00Z":"5.059380","2024-06-06T14:00:00Z":"4.615564","2024-06-06T15:00:00Z":"4.993164","2024-06-06T16:00:00Z":"4.403031","2024-06-06T17:00:00Z":"4.731692","2024-06-06T18:00:00Z":"6.056247","2024-06-06T19:00:00Z":"4.955968","2024-06-06T20:00:00Z":"3.544254","2024-06-06T21:00:00Z":"3.427729","2024-06-06T22:00:00Z":"3.421908","2024-06-06T23:00:00Z":"3.530711","2024-06-07T00:00:00Z":"3.237193","2024-06-07T01:00:00Z":"3.549775","2024-06-07T02:00:00Z":"3.864167","2024-06-07T03:00:00Z":"4.056219","2024-06-07T04:00:00Z":"3.860640","2024-06-07T05:00:00Z":"3.037395","2024-06-07T06:00:00Z":"2.963047","2024-06-07T07:00:00Z":"5.012778","2024-06-07T08:00:00Z":"4.849370","2024-06-07T09:00:00Z":"6.026081","2024-06-07T10:00:00Z":"7.348002","2024-06-07T11:00:00Z":"7.147300","2024-06-07T12:00:00Z":"7.752546","2024-06-07T13:00:00Z":"7.679464","2024-06-07T14:00:00Z":"8.075911","2024-06-07T15:00:00Z":"8.130786"},"3":{"2024-06-05T04:00:00Z":"7.749744","2024-06-05T05:00:00Z":"6.916642","2024-06-05T06:00:00Z":"5.414292","2024-06-05T07:00:00Z":"6.053716","2024-06-05T08:00:00Z":"6.163811","2024-06-05T09:00:00Z":"6.675175","2024-06-05T10:00:00Z":"7.050253","2024-06-05T11:00:00Z":"6.253777","2024-06-05T12:00:00Z":"6.239470","2024-06-05T13:00:00Z":"7.575111","2024-06-05T14:00:00Z":"7.456793","2024-06-05T15:00:00Z":"6.966013","2024-06-05T16:00:00Z":"6.674116","2024-06-05T17:00:00Z":"6.166113","2024-06-05T18:00:00Z":"6.434509","2024-06-05T19:00:00Z":"6.991957","2024-06-05T20:00:00Z":"7.418019","2024-06-05T21:00:00Z":"4.747274","2024-06-05T22:00:00Z":"4.340872","2024-06-05T23:00:00Z":"4.977072","2024-06-06T00:00:00Z":"5.741987","2024-06-06T01:00:00Z":"5.465500","2024-06-06T02:00:00Z":"5.184365","2024-06-06T03:00:00Z":"4.906918","2024-06-06T04:00:00Z":"5.167669","2024-06-06T05:00:00Z":"6.462762","2024-06-06T06:00:00Z":"5.966711","2024-06-06T07:00:00Z":"4.047339","2024-06-06T08:00:00Z":"4.409118","2024-06-06T09:00:00Z":"7.585665","2024-06-06T10:00:00Z":"4.649502","2024-06-06T11:00:00Z":"4.579948","2024-06-06T12:00:00Z":"3.769767","2024-06-06T13:00:00Z":"5.283970","2024-06-06T14:00:00Z":"5.212128","2024-06-06T15:00:00Z":"4.117908","2024-06-06T16:00:00Z":"3.640064","2024-06-06T17:00:00Z":"3.626424","2024-06-06T18:00:00Z":"4.028893","2024-06-06T19:00:00Z":"3.608681","2024-06-06T20:00:00Z":"2.840783","2024-06-06T21:00:00Z":"2.966220","2024-06-06T22:00:00Z":"4.149934","2024-06-06T23:00:00Z":"4.223146","2024-06-07T00:00:00Z":"4.072773","2024-06-07T01:00:00Z":"5.188828","2024-06-07T02:00:00Z":"5.438668","2024-06-07T03:00:00Z":"6.557220","2024-06-07T04:00:00Z":"7.047672","2024-06-07T05:00:00Z":"6.900069","2024-06-07T06:00:00Z":"7.173945","2024-06-07T07:00:00Z":"7.400405","2024-06-07T08:00:00Z":"7.805073","2024-06-07T09:00:00Z":"8.246214","2024-06-07T10:00:00Z":"8.895448","2024-06-07T11:00:00Z":"8.447080","2024-06-07T12:00:00Z":"9.029824","2024-06-07T13:00:00Z":"9.792758","2024-06-07T14:00:00Z":"10.539583","2024-06-07T15:00:00Z":"10.546448"},"4":{"2024-06-05T04:00:00Z":"8.793978","2024-06-05T05:00:00Z":"7.772227","2024-06-05T06:00:00Z":"6.262040","2024-06-05T07:00:00Z":"6.519173","2024-06-05T08:00:00Z":"6.455655","2024-06-05T09:00:00Z":"6.778690","2024-06-05T10:00:00Z":"7.047450","2024-06-05T11:00:00Z":"6.383832","2024-06-05T12:00:00Z":"6.338853","2024-06-05T13:00:00Z":"6.700893","2024-06-05T14:00:00Z":"6.279319","2024-06-05T15:00:00Z":"6.560928","2024-06-05T16:00:00Z":"6.667039","2024-06-05T17:00:00Z":"6.676459","2024-06-05T18:00:00Z":"6.903637","2024-06-05T19:00:00Z":"7.005745","2024-06-05T20:00:00Z":"6.450358","2024-06-05T21:00:00Z":"3.494396","2024-06-05T22:00:00Z":"4.500966","2024-06-05T23:00:00Z":"4.720674","2024-06-06T00:00:00Z":"4.329996","2024-06-06T01:00:00Z":"3.332535","2024-06-06T02:00:00Z":"2.176278","2024-06-06T03:00:00Z":"2.141608","2024-06-06T04:00:00Z":"3.310091","2024-06-06T05:00:00Z":"4.251324","2024-06-06T06:00:00Z":"4.937540","2024-06-06T07:00:00Z":"4.334963","2024-06-06T08:00:00Z":"4.727963","2024-06-06T09:00:00Z":"4.538308","2024-06-06T10:00:00Z":"3.226854","2024-06-06T11:00:00Z":"3.373719","2024-06-06T12:00:00Z":"3.188684","2024-06-06T13:00:00Z":"3.945846","2024-06-06T14:00:00Z":"4.397411","2024-06-06T15:00:00Z":"4.830311","2024-06-06T16:00:00Z":"5.001185","2024-06-06T17:00:00Z":"4.101679","2024-06-06T18:00:00Z":"5.087565","2024-06-06T19:00:00Z":"4.433221","2024-06-06T20:00:00Z":"5.424124","2024-06-06T21:00:00Z":"4.916282","2024-06-06T22:00:00Z":"3.040154","2024-06-06T23:00:00Z":"3.308096","2024-06-07T00:00:00Z":"3.235799","2024-06-07T01:00:00Z":"3.430678","2024-06-07T02:00:00Z":"4.658159","2024-06-07T03:00:00Z":"5.269980","2024-06-07T04:00:00Z":"6.547821","2024-06-07T05:00:00Z":"6.583567","2024-06-07T06:00:00Z":"6.565932","2024-06-07T07:00:00Z":"5.641687","2024-06-07T08:00:00Z":"6.363167","2024-06-07T09:00:00Z":"7.248388","2024-06-07T10:00:00Z":"8.070319","2024-06-07T11:00:00Z":"8.568953","2024-06-07T12:00:00Z":"8.710048","2024-06-07T13:00:00Z":"8.404937","2024-06-07T14:00:00Z":"7.771070","2024-06-07T15:00:00Z":"7.409579"},"5":{"2024-06-05T04:00:00Z":"8.455329","2024-06-05T05:00:00Z":"7.502062","2024-06-05T06:00:00Z":"6.589009","2024-06-05T07:00:00Z":"6.248472","2024-06-05T08:00:00Z":"6.378565","2024-06-05T09:00:00Z":"6.705727","2024-06-05T10:00:00Z":"7.033185","2024-06-05T11:00:00Z":"6.352096","2024-06-05T12:00:00Z":"6.190676","2024-06-05T13:00:00Z":"6.518260","2024-06-05T14:00:00Z":"6.971358","2024-06-05T15:00:00Z":"6.881627","2024-06-05T16:00:00Z":"5.914665","2024-06-05T17:00:00Z":"6.081008","2024-06-05T18:00:00Z":"6.108636","2024-06-05T19:00:00Z":"6.629423","2024-06-05T20:00:00Z":"7.010167","2024-06-05T21:00:00Z":"7.046473","2024-06-05T22:00:00Z":"5.402033","2024-06-05T23:00:00Z":"5.656406","2024-06-06T00:00:00Z":"6.030210","2024-06-06T01:00:00Z":"4.962596","2024-06-06T02:00:00Z":"4.730516","2024-06-06T03:00:00Z":"4.320736","2024-06-06T04:00:00Z":"4.572919","2024-06-06T05:00:00Z":"5.720307","2024-06-06T06:00:00Z":"5.699338","2024-06-06T07:00:00Z":"6.381415","2024-06-06T08:00:00Z":"6.146977","2024-06-06T09:00:00Z":"6.324371","2024-06-06T10:00:00Z":"11.117293","2024-06-06T11:00:00Z":"3.403912","2024-06-06T12:00:00Z":"4.335099","2024-06-06T13:00:00Z":"4.263323","2024-06-06T14:00:00Z":"4.493119","2024-06-06T15:00:00Z":"4.292625","2024-06-06T16:00:00Z":"3.921173","2024-06-06T17:00:00Z":"3.441714","2024-06-06T18:00:00Z":"2.667421","2024-06-06T19:00:00Z":"2.109997","2024-06-06T20:00:00Z":"2.805981","2024-06-06T21:00:00Z":"1.693405","2024-06-06T22:00:00Z":"1.749686","2024-06-06T23:00:00Z":"2.731058","2024-06-07T00:00:00Z":"3.372386","2024-06-07T01:00:00Z":"4.164534","2024-06-07T02:00:00Z":"4.931523","2024-06-07T03:00:00Z":"5.139050","2024-06-07T04:00:00Z":"5.465872","2024-06-07T05:00:00Z":"5.671326","2024-06-07T06:00:00Z":"3.430963","2024-06-07T07:00:00Z":"2.280465","2024-06-07T08:00:00Z":"2.878724","2024-06-07T09:00:00Z":"2.510733","2024-06-07T10:00:00Z":"3.348459","2024-06-07T11:00:00Z":"5.872149","2024-06-07T12:00:00Z":"6.185438","2024-06-07T13:00:00Z":"6.676081","2024-06-07T14:00:00Z":"6.482572","2024-06-07T15:00:00Z":"5.875067"}}}}]
