[{"name":"air-temperature-ml","standard_name":"air_temperature","units":"C","point":{"SRS":"EPSG:4326","coords":"5.749332,52.740510"},"dims":["reference_time","model_level_number","time"],"data":{"2024-12-22T06:00:00Z":{"10":{"2024-12-23T13:00:00Z":"-56.926361"},"11":{"2024-12-23T13:00:00Z":"-56.221725"},"1":{"2024-12-23T13:00:00Z":"-70.259583"},"12":{"2024-12-23T13:00:00Z":"-56.223602"},"13":{"2024-12-23T13:00:00Z":"-56.837219"},"14":{"2024-12-23T13:00:00Z":"-57.170685"},"15":{"2024-12-23T13:00:00Z":"-57.306870"},"16":{"2024-12-23T13:00:00Z":"-57.337982"},"17":{"2024-12-23T13:00:00Z":"-56.667847"},"18":{"2024-12-23T13:00:00Z":"-55.102753"},"19":{"2024-12-23T13:00:00Z":"-52.996124"},"20":{"2024-12-23T13:00:00Z":"-50.958282"},"21":{"2024-12-23T13:00:00Z":"-49.128845"},"2":{"2024-12-23T13:00:00Z":"-65.880356"},"22":{"2024-12-23T13:00:00Z":"-47.123535"},"23":{"2024-12-23T13:00:00Z":"-44.889343"},"24":{"2024-12-23T13:00:00Z":"-42.680389"},"25":{"2024-12-23T13:00:00Z":"-40.678604"},"26":{"2024-12-23T13:00:00Z":"-38.863525"},"27":{"2024-12-23T13:00:00Z":"-37.110123"},"28":{"2024-12-23T13:00:00Z":"-35.673004"},"29":{"2024-12-23T13:00:00Z":"-35.141205"},"30":{"2024-12-23T13:00:00Z":"-35.049210"},"31":{"2024-12-23T13:00:00Z":"-34.873703"},"3":{"2024-12-23T13:00:00Z":"-64.237793"},"32":{"2024-12-23T13:00:00Z":"-34.617233"},"33":{"2024-12-23T13:00:00Z":"-33.530930"},"34":{"2024-12-23T13:00:00Z":"-31.937775"},"35":{"2024-12-23T13:00:00Z":"-30.310471"},"36":{"2024-12-23T13:00:00Z":"-28.743088"},"37":{"2024-12-23T13:00:00Z":"-27.299240"},"38":{"2024-12-23T13:00:00Z":"-26.029007"},"39":{"2024-12-23T13:00:00Z":"-24.764633"},"40":{"2024-12-23T13:00:00Z":"-23.323242"},"41":{"2024-12-23T13:00:00Z":"-21.747971"},"4":{"2024-12-23T13:00:00Z":"-61.506638"},"42":{"2024-12-23T13:00:00Z":"-20.279678"},"43":{"2024-12-23T13:00:00Z":"-18.957077"},"44":{"2024-12-23T13:00:00Z":"-17.692123"},"45":{"2024-12-23T13:00:00Z":"-16.462769"},"46":{"2024-12-23T13:00:00Z":"-15.243744"},"47":{"2024-12-23T13:00:00Z":"-13.997803"},"48":{"2024-12-23T13:00:00Z":"-12.800934"},"49":{"2024-12-23T13:00:00Z":"-11.801605"},"50":{"2024-12-23T13:00:00Z":"-11.422333"},"51":{"2024-12-23T13:00:00Z":"-11.927979"},"5":{"2024-12-23T13:00:00Z":"-59.561005"},"52":{"2024-12-23T13:00:00Z":"-12.104828"},"53":{"2024-12-23T13:00:00Z":"-11.817474"},"54":{"2024-12-23T13:00:00Z":"-11.280853"},"55":{"2024-12-23T13:00:00Z":"-10.512787"},"56":{"2024-12-23T13:00:00Z":"-9.607269"},"57":{"2024-12-23T13:00:00Z":"-8.680511"},"58":{"2024-12-23T13:00:00Z":"-7.861420"},"59":{"2024-12-23T13:00:00Z":"-7.084808"},"60":{"2024-12-23T13:00:00Z":"-6.268402"},"61":{"2024-12-23T13:00:00Z":"-5.477386"},"6":{"2024-12-23T13:00:00Z":"-58.424377"},"62":{"2024-12-23T13:00:00Z":"-5.001312"},"63":{"2024-12-23T13:00:00Z":"-4.481049"},"64":{"2024-12-23T13:00:00Z":"-3.734955"},"65":{"2024-12-23T13:00:00Z":"-3.104340"},"66":{"2024-12-23T13:00:00Z":"-2.508148"},"67":{"2024-12-23T13:00:00Z":"-1.931244"},"68":{"2024-12-23T13:00:00Z":"-1.292816"},"69":{"2024-12-23T13:00:00Z":"-0.767181"},"70":{"2024-12-23T13:00:00Z":"-0.014252"},"71":{"2024-12-23T13:00:00Z":"0.483307"},"7":{"2024-12-23T13:00:00Z":"-58.357025"},"72":{"2024-12-23T13:00:00Z":"1.092072"},"73":{"2024-12-23T13:00:00Z":"1.757965"},"74":{"2024-12-23T13:00:00Z":"2.214508"},"75":{"2024-12-23T13:00:00Z":"2.704498"},"76":{"2024-12-23T13:00:00Z":"3.311920"},"77":{"2024-12-23T13:00:00Z":"3.786530"},"78":{"2024-12-23T13:00:00Z":"4.161041"},"79":{"2024-12-23T13:00:00Z":"4.571442"},"80":{"2024-12-23T13:00:00Z":"5.092194"},"81":{"2024-12-23T13:00:00Z":"5.416168"},"8":{"2024-12-23T13:00:00Z":"-58.574814"},"82":{"2024-12-23T13:00:00Z":"5.683258"},"83":{"2024-12-23T13:00:00Z":"6.063141"},"84":{"2024-12-23T13:00:00Z":"6.392242"},"85":{"2024-12-23T13:00:00Z":"6.616364"},"86":{"2024-12-23T13:00:00Z":"6.815094"},"87":{"2024-12-23T13:00:00Z":"7.017242"},"88":{"2024-12-23T13:00:00Z":"7.180328"},"89":{"2024-12-23T13:00:00Z":"7.292877"},"90":{"2024-12-23T13:00:00Z":"7.347076"},"9":{"2024-12-23T13:00:00Z":"-57.101868"}}}}]
