<html>
<b>Coordinates</b> - (lon=3.24; lat=54.94)<br>
<hr/><b>Wind speed (wind-hagl)</b><br/>
<table><tr><td>&nbsp;</td><td>-</td><td>Wind speed</td><td><b>13.269422</b></td><td> kts</td></tr>
<tr><td>&nbsp;</td><td>-</td><td>Wind direction</td><td><b>63.176361</b></td><td> degrees</td></tr>
<tr><td>&nbsp;</td><td>-</td><td>eastward_wind</td><td><b>-11.841628</b></td><td> kts</td></tr>
<tr><td>&nbsp;</td><td>-</td><td>northward_wind</td><td><b>-5.987771</b></td><td> kts</td></tr>
<tr><td>&nbsp;</td><td>-</td><td>Wind x-component at height above ground level</td><td><b>-9.770424</b></td><td> kts</td></tr>
<tr><td>&nbsp;</td><td>-</td><td>Wind y-component at height above ground level</td><td><b>-8.978662</b></td><td> kts</td></tr>
</table></html>
