[{"name":"wind_speed_hagl_ms_member_3","standard_name":"wind_speed","units":"m/s","point":{"SRS":"EPSG:4326","coords":"4.586712,52.159352"},"dims":["reference_time","time"],"data":{"2024-06-05T03:00:00Z":{"2024-06-05T04:00:00Z":"7.749744","2024-06-05T05:00:00Z":"6.916642","2024-06-05T06:00:00Z":"5.414292","2024-06-05T07:00:00Z":"6.053716","2024-06-05T08:00:00Z":"6.163811","2024-06-05T09:00:00Z":"6.675175","2024-06-05T10:00:00Z":"7.050253","2024-06-05T11:00:00Z":"6.253777","2024-06-05T12:00:00Z":"6.239470","2024-06-05T13:00:00Z":"7.575111","2024-06-05T14:00:00Z":"7.456793","2024-06-05T15:00:00Z":"6.966013","2024-06-05T16:00:00Z":"6.674116","2024-06-05T17:00:00Z":"6.166113","2024-06-05T18:00:00Z":"6.434509","2024-06-05T19:00:00Z":"6.991957","2024-06-05T20:00:00Z":"7.418019","2024-06-05T21:00:00Z":"4.747274","2024-06-05T22:00:00Z":"4.340872","2024-06-05T23:00:00Z":"4.977072","2024-06-06T00:00:00Z":"5.741987","2024-06-06T01:00:00Z":"5.465500","2024-06-06T02:00:00Z":"5.184365","2024-06-06T03:00:00Z":"4.906918","2024-06-06T04:00:00Z":"5.167669","2024-06-06T05:00:00Z":"6.462762","2024-06-06T06:00:00Z":"5.966711","2024-06-06T07:00:00Z":"4.047339","2024-06-06T08:00:00Z":"4.409118","2024-06-06T09:00:00Z":"7.585665","2024-06-06T10:00:00Z":"4.649502","2024-06-06T11:00:00Z":"4.579948","2024-06-06T12:00:00Z":"3.769767","2024-06-06T13:00:00Z":"5.283970","2024-06-06T14:00:00Z":"5.212128","2024-06-06T15:00:00Z":"4.117908","2024-06-06T16:00:00Z":"3.640064","2024-06-06T17:00:00Z":"3.626424","2024-06-06T18:00:00Z":"4.028893","2024-06-06T19:00:00Z":"3.608681","2024-06-06T20:00:00Z":"2.840783","2024-06-06T21:00:00Z":"2.966220","2024-06-06T22:00:00Z":"4.149934","2024-06-06T23:00:00Z":"4.223146","2024-06-07T00:00:00Z":"4.072773","2024-06-07T01:00:00Z":"5.188828","2024-06-07T02:00:00Z":"5.438668","2024-06-07T03:00:00Z":"6.557220","2024-06-07T04:00:00Z":"7.047672","2024-06-07T05:00:00Z":"6.900069","2024-06-07T06:00:00Z":"7.173945","2024-06-07T07:00:00Z":"7.400405","2024-06-07T08:00:00Z":"7.805073","2024-06-07T09:00:00Z":"8.246214","2024-06-07T10:00:00Z":"8.895448","2024-06-07T11:00:00Z":"8.447080","2024-06-07T12:00:00Z":"9.029824","2024-06-07T13:00:00Z":"9.792758","2024-06-07T14:00:00Z":"10.539583","2024-06-07T15:00:00Z":"10.546448"}}}]
