<?xml version="1.0" encoding="UTF-8"?>
<WMS_Capabilities
        version="1.3.0"
        updateSequence="0"
        xmlns="http://www.opengis.net/wms"
        xmlns:xlink="http://www.w3.org/1999/xlink"
        xmlns:xsi="http://www.w3.org/2001/XMLSchema-instance"
        xsi:schemaLocation="http://www.opengis.net/wms http://schemas.opengis.net/wms/1.3.0/capabilities_1_3_0.xsd"

     >
    <Service>
        <Name>WMS</Name>
        <Title>AutoResource example_file_latlonbnds.nc</Title>
        <Abstract>This service demonstrates how the ADAGUC server can be used to create OGC services.</Abstract>
        <KeywordList>
            <Keyword>view</Keyword>
            <Keyword>infoMapAccessService</Keyword>
            <Keyword>ADAGUCServer version 2.29.0, of Nov 10 2024 15:59:01 </Keyword>
        </KeywordList>
        <OnlineResource xlink:type="simple" xlink:href="source=example_file_latlonbnds%2Enc&amp;SERVICE=WMS&amp;"/>
        <ContactInformation>
          
        </ContactInformation>
        <Fees>no conditions apply</Fees>
        <AccessConstraints>None</AccessConstraints>
        <MaxWidth>8192</MaxWidth>
        <MaxHeight>8192</MaxHeight>
    </Service>
    <Capability>
        <Request>
            <GetCapabilities>
                <Format>text/xml</Format>
                <DCPType><HTTP><Get><OnlineResource xlink:type="simple" xlink:href="source=example_file_latlonbnds%2Enc&amp;SERVICE=WMS&amp;"/></Get></HTTP></DCPType>
            </GetCapabilities>
            <GetMap>
                <Format>image/png</Format>
                <Format>image/png;mode=8bit</Format>
                <Format>image/png;mode=8bit_noalpha</Format>
                <Format>image/png;mode=24bit</Format>
                <Format>image/png;mode=32bit</Format>
                <Format>image/gif</Format>
                <Format>image/jpeg</Format>
                <!--<Format>image/webp</Format>-->
                <DCPType><HTTP><Get><OnlineResource xlink:type="simple" xlink:href="source=example_file_latlonbnds%2Enc&amp;SERVICE=WMS&amp;"/></Get></HTTP></DCPType>
            </GetMap>
            <GetFeatureInfo>
                <Format>image/png</Format>
                <Format>text/plain</Format>
                <Format>text/html</Format>
                <Format>text/xml</Format>
                <Format>application/json</Format>
                <DCPType><HTTP><Get><OnlineResource xlink:type="simple" xlink:href="source=example_file_latlonbnds%2Enc&amp;SERVICE=WMS&amp;"/></Get></HTTP></DCPType>
            </GetFeatureInfo>
        </Request>
        <Exception>
            <Format>XML</Format>
            <Format>INIMAGE</Format>
            <Format>BLANK</Format>
        </Exception>
        <UserDefinedSymbolization SupportSLD="1" />
<Layer>
<Title>WMS of  AutoResource example_file_latlonbnds.nc</Title>
<CRS>CRS:84</CRS>
<CRS>EPSG:25831</CRS>
<CRS>EPSG:25832</CRS>
<CRS>EPSG:28992</CRS>
<CRS>EPSG:3067</CRS>
<CRS>EPSG:32661</CRS>
<CRS>EPSG:3411</CRS>
<CRS>EPSG:3412</CRS>
<CRS>EPSG:3575</CRS>
<CRS>EPSG:3857</CRS>
<CRS>EPSG:40000</CRS>
<CRS>EPSG:4258</CRS>
<CRS>EPSG:4326</CRS>
<CRS>EPSG:50001</CRS>
<CRS>EPSG:54030</CRS>
<CRS>EPSG:7399</CRS>
<CRS>EPSG:900913</CRS>
<BoundingBox CRS="CRS:84" minx="51.000000" miny="3.000000" maxx="53.000000" maxy="7.000000" />
<BoundingBox CRS="EPSG:25831" minx="500000.000000" miny="5649824.888132" maxx="780631.054591" maxy="5879757.629488" />
<BoundingBox CRS="EPSG:25832" minx="79142.928873" miny="5651728.682548" maxx="365786.750925" maxy="5889126.580102" />
<BoundingBox CRS="EPSG:28992" minx="-12557.532230" miny="334483.538071" maxx="268209.963283" maxy="559655.555150" />
<BoundingBox CRS="EPSG:3067" minx="-1172478.152224" miny="5842822.027990" maxx="-834194.575060" maxy="6146203.668400" />
<BoundingBox CRS="EPSG:32661" minx="2222484.709163" miny="-2492318.258747" maxx="2548227.202889" maxy="-2219400.154905" />
<BoundingBox CRS="EPSG:3411" minx="3082510.121445" miny="-2937027.807203" maxx="3458830.718135" maxy="-2553718.553925" />
<BoundingBox CRS="EPSG:3412" minx="1812906.080463" miny="34381581.662488" maxx="4467203.359901" maxy="36605442.257300" />
<BoundingBox CRS="EPSG:3575" minx="-519959.003821" miny="-4260681.181741" maxx="-212280.378599" maxy="-4025876.051045" />
<BoundingBox CRS="EPSG:3857" minx="333958.472380" miny="6621293.722740" maxx="779236.435553" maxy="6982997.920390" />
<BoundingBox CRS="EPSG:40000" minx="223827.675214" miny="-4519434.867955" maxx="551536.421417" maxy="-4244869.371132" />
<BoundingBox CRS="EPSG:4258" minx="51.000000" miny="3.000000" maxx="53.000000" maxy="7.000000" />
<BoundingBox CRS="EPSG:4326" minx="51.000000" miny="3.000000" maxx="53.000000" maxy="7.000000" />
<BoundingBox CRS="EPSG:50001" minx="-2000000.000000" miny="-2000000.000000" maxx="10000000.000000" maxy="8500000.000000" />
<BoundingBox CRS="EPSG:54030" minx="240542.924370" miny="5430131.345542" maxx="569872.152023" maxy="5635244.448398" />
<BoundingBox CRS="EPSG:7399" minx="218886.997619" miny="5977787.767639" maxx="525373.296180" maxy="6183922.479106" />
<BoundingBox CRS="EPSG:900913" minx="333958.472380" miny="6621293.722740" maxx="779236.435553" maxy="6982997.920390" />
<Layer queryable="1" opaque="1" cascaded="0">
<Name>probability</Name>
<Title>probability</Title>
<EX_GeographicBoundingBox>
  <westBoundLongitude>3.000000</westBoundLongitude>
  <eastBoundLongitude>7.000000</eastBoundLongitude>
  <southBoundLatitude>51.000000</southBoundLatitude>
  <northBoundLatitude>53.000000</northBoundLatitude>
</EX_GeographicBoundingBox><BoundingBox CRS="CRS:84" minx="51.000000" miny="3.000000" maxx="53.000000" maxy="7.000000" />
<BoundingBox CRS="EPSG:25831" minx="500000.000000" miny="5649824.888132" maxx="780631.054591" maxy="5879757.629488" />
<BoundingBox CRS="EPSG:25832" minx="79142.928873" miny="5651728.682548" maxx="365786.750925" maxy="5889126.580102" />
<BoundingBox CRS="EPSG:28992" minx="-12557.532230" miny="334483.538071" maxx="268209.963283" maxy="559655.555150" />
<BoundingBox CRS="EPSG:3067" minx="-1172478.152224" miny="5842822.027990" maxx="-834194.575060" maxy="6146203.668400" />
<BoundingBox CRS="EPSG:32661" minx="2222484.709163" miny="-2492318.258747" maxx="2548227.202889" maxy="-2219400.154905" />
<BoundingBox CRS="EPSG:3411" minx="3082510.121445" miny="-2937027.807203" maxx="3458830.718135" maxy="-2553718.553925" />
<BoundingBox CRS="EPSG:3412" minx="1812906.080463" miny="34381581.662488" maxx="4467203.359901" maxy="36605442.257300" />
<BoundingBox CRS="EPSG:3575" minx="-519959.003821" miny="-4260681.181741" maxx="-212280.378599" maxy="-4025876.051045" />
<BoundingBox CRS="EPSG:3857" minx="333958.472380" miny="6621293.722740" maxx="779236.435553" maxy="6982997.920390" />
<BoundingBox CRS="EPSG:40000" minx="223827.675214" miny="-4519434.867955" maxx="551536.421417" maxy="-4244869.371132" />
<BoundingBox CRS="EPSG:4258" minx="51.000000" miny="3.000000" maxx="53.000000" maxy="7.000000" />
<BoundingBox CRS="EPSG:4326" minx="51.000000" miny="3.000000" maxx="53.000000" maxy="7.000000" />
<BoundingBox CRS="EPSG:50001" minx="-2000000.000000" miny="-2000000.000000" maxx="10000000.000000" maxy="8500000.000000" />
<BoundingBox CRS="EPSG:54030" minx="240542.924370" miny="5430131.345542" maxx="569872.152023" maxy="5635244.448398" />
<BoundingBox CRS="EPSG:7399" minx="218886.997619" miny="5977787.767639" maxx="525373.296180" maxy="6183922.479106" />
<BoundingBox CRS="EPSG:900913" minx="333958.472380" miny="6621293.722740" maxx="779236.435553" maxy="6982997.920390" />
<Dimension name="time" units="ISO8601" default="2024-06-01T02:00:00Z" multipleValues="1" nearestValue="0" current="1">2024-06-01T00:00:00Z,2024-06-01T01:00:00Z,2024-06-01T02:00:00Z</Dimension>
<Dimension name="threshold" units="1" default="40" multipleValues="1" nearestValue="0" >10,20,30,40</Dimension>
   <Style>    <Name>auto/nearest</Name>    <Title>auto/nearest</Title>    <LegendURL width="300" height="400">       <Format>image/png</Format>       <OnlineResource xlink:type="simple" xlink:href="source=example_file_latlonbnds%2Enc&amp;SERVICE=WMS&amp;&amp;version=1.1.1&amp;service=WMS&amp;request=GetLegendGraphic&amp;layer=probability&amp;format=image/png&amp;STYLE=auto/nearest"/>    </LegendURL>  </Style>   <Style>    <Name>auto/bilinear</Name>    <Title>auto/bilinear</Title>    <LegendURL width="300" height="400">       <Format>image/png</Format>       <OnlineResource xlink:type="simple" xlink:href="source=example_file_latlonbnds%2Enc&amp;SERVICE=WMS&amp;&amp;version=1.1.1&amp;service=WMS&amp;request=GetLegendGraphic&amp;layer=probability&amp;format=image/png&amp;STYLE=auto/bilinear"/>    </LegendURL>  </Style>   <Style>    <Name>auto/point</Name>    <Title>auto/point</Title>    <LegendURL width="300" height="400">       <Format>image/png</Format>       <OnlineResource xlink:type="simple" xlink:href="source=example_file_latlonbnds%2Enc&amp;SERVICE=WMS&amp;&amp;version=1.1.1&amp;service=WMS&amp;request=GetLegendGraphic&amp;layer=probability&amp;format=image/png&amp;STYLE=auto/point"/>    </LegendURL>  </Style>   <Style>    <Name>auto/barb</Name>    <Title>auto/barb</Title>    <LegendURL width="300" height="400">       <Format>image/png</Format>       <OnlineResource xlink:type="simple" xlink:href="source=example_file_latlonbnds%2Enc&amp;SERVICE=WMS&amp;&amp;version=1.1.1&amp;service=WMS&amp;request=GetLegendGraphic&amp;layer=probability&amp;format=image/png&amp;STYLE=auto/barb"/>    </LegendURL>  </Style></Layer>
    </Layer>
  </Capability>
</WMS_Capabilities>
