{
    "messages": [
        {
            "category": "GENERAL",
            "documentationLink": "",
            "message": "For variable testdata the dimension on the X position, y, contains 'y' or 'lat' in its name, and is therefore swapped with the dimension on the Y position, x",
            "severity": "WARNING"
        },
        {
            "category": "GENERAL",
            "documentationLink": "",
            "message": "Assuming that for variable testdata the x dim equals x and the y dim equals y based on their position and name.",
            "severity": "INFO"
        },
        {
            "category": "GENERAL",
            "documentationLink": "",
            "message": "Using variable x as X variable and variable y as Y variable.",
            "severity": "INFO"
        },
        {
            "category": "GENERAL",
            "documentationLink": "",
            "message": "No stride defined in the RenderSettings, using a default stride of 1.",
            "severity": "INFO"
        },
        {
            "category": "GENERAL",
            "documentationLink": "",
            "message": "Retrieving the projection according to the ADAGUC standards from the proj4_params or proj4 attribute: +proj=sterea +lat_0=52.15616055555555 +lon_0=5.38763888888889 +k=0.9999079 +x_0=155000 +y_0=463000 +ellps=bessel +towgs84=565.417,50.3319,465.552,-0.398957,0.343988,-1.8774,4.0725 +units=m +no_defs ",
            "severity": "INFO"
        },
        {
            "category": "GENERAL",
            "documentationLink": "",
            "message": "Using EPSG_code defined in projection variable projection",
            "severity": "INFO"
        },
        {
            "category": "GENERAL",
            "documentationLink": "",
            "message": "For variable testdata the dimension on the X position, y, contains 'y' or 'lat' in its name, and is therefore swapped with the dimension on the Y position, x",
            "severity": "WARNING"
        },
        {
            "category": "GENERAL",
            "documentationLink": "",
            "message": "Assuming that for variable testdata the x dim equals x and the y dim equals y based on their position and name.",
            "severity": "INFO"
        },
        {
            "category": "GENERAL",
            "documentationLink": "",
            "message": "Using variable x as X variable and variable y as Y variable.",
            "severity": "INFO"
        },
        {
            "category": "GENERAL",
            "documentationLink": "",
            "message": "No stride defined in the RenderSettings, using a default stride of 1.",
            "severity": "INFO"
        },
        {
            "category": "GENERAL",
            "documentationLink": "",
            "message": "Retrieving the projection according to the ADAGUC standards from the proj4_params or proj4 attribute: +proj=sterea +lat_0=52.15616055555555 +lon_0=5.38763888888889 +k=0.9999079 +x_0=155000 +y_0=463000 +ellps=bessel +towgs84=565.417,50.3319,465.552,-0.398957,0.343988,-1.8774,4.0725 +units=m +no_defs ",
            "severity": "INFO"
        },
        {
            "category": "GENERAL",
            "documentationLink": "",
            "message": "Using EPSG_code defined in projection variable projection",
            "severity": "INFO"
        }
    ]
}
