<html>
<b>Coordinates</b> - (lon=5.87; lat=52.21)<br>
<hr/><b>air_temperature__at_2m (air_temperature__at_2m)</b><br/>
<table><tr><td>&nbsp;</td><td>air_temperature__at_2m</td><td><b>1.535791</b></td><td> K</td></tr>
</table></html>
