<?xml version="1.0" encoding="UTF-8"?>
<WMS_Capabilities
        version="1.3.0"
        updateSequence="0"
        xmlns="http://www.opengis.net/wms"
        xmlns:xlink="http://www.w3.org/1999/xlink"
        xmlns:xsi="http://www.w3.org/2001/XMLSchema-instance"
        xsi:schemaLocation="http://www.opengis.net/wms http://schemas.opengis.net/wms/1.3.0/capabilities_1_3_0.xsd"

     >
    <Service>
        <Name>WMS</Name>
        <Title>AutoResource example_file_irregular_2Dlat2Dlon_grid.nc</Title>
        <Abstract>This service demonstrates how the ADAGUC server can be used to create OGC services.</Abstract>
        <KeywordList>
            <Keyword>view</Keyword>
            <Keyword>infoMapAccessService</Keyword>
            <Keyword>ADAGUCServer version 2.27.0, of Sep  6 2024 09:44:02 </Keyword>
        </KeywordList>
        <OnlineResource xlink:type="simple" xlink:href="source=example_file_irregular_2Dlat2Dlon_grid%2Enc&amp;SERVICE=WMS&amp;"/>
        <ContactInformation>
          
        </ContactInformation>
        <Fees>no conditions apply</Fees>
        <AccessConstraints>None</AccessConstraints>
        <MaxWidth>8192</MaxWidth>
        <MaxHeight>8192</MaxHeight>
    </Service>
    <Capability>
        <Request>
            <GetCapabilities>
                <Format>text/xml</Format>
                <DCPType><HTTP><Get><OnlineResource xlink:type="simple" xlink:href="source=example_file_irregular_2Dlat2Dlon_grid%2Enc&amp;SERVICE=WMS&amp;"/></Get></HTTP></DCPType>
            </GetCapabilities>
            <GetMap>
                <Format>image/png</Format>
                <Format>image/png;mode=8bit</Format>
                <Format>image/png;mode=8bit_noalpha</Format>
                <Format>image/png;mode=24bit</Format>
                <Format>image/png;mode=32bit</Format>
                <Format>image/gif</Format>
                <Format>image/jpeg</Format>
                <!--<Format>image/webp</Format>-->
                <DCPType><HTTP><Get><OnlineResource xlink:type="simple" xlink:href="source=example_file_irregular_2Dlat2Dlon_grid%2Enc&amp;SERVICE=WMS&amp;"/></Get></HTTP></DCPType>
            </GetMap>
            <GetFeatureInfo>
                <Format>image/png</Format>
                <Format>text/plain</Format>
                <Format>text/html</Format>
                <Format>text/xml</Format>
                <Format>application/json</Format>
                <DCPType><HTTP><Get><OnlineResource xlink:type="simple" xlink:href="source=example_file_irregular_2Dlat2Dlon_grid%2Enc&amp;SERVICE=WMS&amp;"/></Get></HTTP></DCPType>
            </GetFeatureInfo>
        </Request>
        <Exception>
            <Format>XML</Format>
            <Format>INIMAGE</Format>
            <Format>BLANK</Format>
        </Exception>
        <UserDefinedSymbolization SupportSLD="1" />
<Layer>
<Title>WMS of  AutoResource example_file_irregular_2Dlat2Dlon_grid.nc</Title>
<CRS>CRS:84</CRS>
<CRS>EPSG:25831</CRS>
<CRS>EPSG:25832</CRS>
<CRS>EPSG:28992</CRS>
<CRS>EPSG:3067</CRS>
<CRS>EPSG:32661</CRS>
<CRS>EPSG:3411</CRS>
<CRS>EPSG:3412</CRS>
<CRS>EPSG:3575</CRS>
<CRS>EPSG:3857</CRS>
<CRS>EPSG:40000</CRS>
<CRS>EPSG:4258</CRS>
<CRS>EPSG:4326</CRS>
<CRS>EPSG:50001</CRS>
<CRS>EPSG:54030</CRS>
<CRS>EPSG:7399</CRS>
<CRS>EPSG:900913</CRS>
<BoundingBox CRS="CRS:84" minx="50.047555" miny="0.079045" maxx="68.959048" maxy="14.878220" />
<BoundingBox CRS="EPSG:25831" minx="290886.069993" miny="5543918.839869" maxx="1349334.387847" maxy="7695802.996601" />
<BoundingBox CRS="EPSG:25832" minx="-138248.465935" miny="5543918.938737" maxx="920729.364314" maxy="7675755.896326" />
<BoundingBox CRS="EPSG:28992" minx="-225068.577456" miny="228522.731875" maxx="833690.264302" maxy="2376907.911564" />
<BoundingBox CRS="EPSG:3067" minx="-1412515.509982" miny="5614682.838602" maxx="16995.316516" maxy="7885181.710888" />
<BoundingBox CRS="EPSG:32661" minx="2003258.047754" miny="-2617330.437195" maxx="3185571.966041" maxy="-282422.611583" />
<BoundingBox CRS="EPSG:3411" minx="1631624.970816" miny="-3181320.682034" maxx="3896895.955779" maxy="-1156383.579597" />
<BoundingBox CRS="EPSG:3412" minx="46558.751805" miny="32616694.389018" maxx="16942279.459156" maxy="65983428.136773" />
<BoundingBox CRS="EPSG:3575" minx="-752259.884217" miny="-4366256.077022" maxx="371298.644213" maxy="-2301007.081986" />
<BoundingBox CRS="EPSG:3857" minx="8799.245393" miny="6454515.620092" maxx="1656235.921469" maxy="10738077.545348" />
<BoundingBox CRS="EPSG:40000" minx="3277.714038" miny="-4645201.647077" maxx="1192728.336057" maxy="-2296199.810446" />
<BoundingBox CRS="EPSG:4258" minx="50.047555" miny="0.079045" maxx="68.959048" maxy="14.878220" />
<BoundingBox CRS="EPSG:4326" minx="50.047555" miny="0.079045" maxx="68.959048" maxy="14.878220" />
<BoundingBox CRS="EPSG:50001" minx="-2000000.000000" miny="-2000000.000000" maxx="10000000.000000" maxy="8500000.000000" />
<BoundingBox CRS="EPSG:54030" minx="5432.081824" miny="5331814.750775" maxx="1219553.726683" maxy="7181859.894594" />
<BoundingBox CRS="EPSG:7399" minx="4144.955793" miny="5878451.072574" maxx="1130980.084054" maxy="7686896.813082" />
<BoundingBox CRS="EPSG:900913" minx="8799.245393" miny="6454515.620092" maxx="1656235.921469" maxy="10738077.545348" />
<Layer queryable="1" opaque="1" cascaded="0">
<Name>data_var_1</Name>
<Title>data_var_1 (data_var_1)</Title>
<EX_GeographicBoundingBox>
  <westBoundLongitude>0.079045</westBoundLongitude>
  <eastBoundLongitude>14.878220</eastBoundLongitude>
  <southBoundLatitude>50.047555</southBoundLatitude>
  <northBoundLatitude>68.959048</northBoundLatitude>
</EX_GeographicBoundingBox><BoundingBox CRS="CRS:84" minx="50.047555" miny="0.079045" maxx="68.959048" maxy="14.878220" />
<BoundingBox CRS="EPSG:25831" minx="290886.069993" miny="5543918.839869" maxx="1349334.387847" maxy="7695802.996601" />
<BoundingBox CRS="EPSG:25832" minx="-138248.465935" miny="5543918.938737" maxx="920729.364314" maxy="7675755.896326" />
<BoundingBox CRS="EPSG:28992" minx="-225068.577456" miny="228522.731875" maxx="833690.264302" maxy="2376907.911564" />
<BoundingBox CRS="EPSG:3067" minx="-1412515.509982" miny="5614682.838602" maxx="16995.316516" maxy="7885181.710888" />
<BoundingBox CRS="EPSG:32661" minx="2003258.047754" miny="-2617330.437195" maxx="3185571.966041" maxy="-282422.611583" />
<BoundingBox CRS="EPSG:3411" minx="1631624.970816" miny="-3181320.682034" maxx="3896895.955779" maxy="-1156383.579597" />
<BoundingBox CRS="EPSG:3412" minx="46558.751805" miny="32616694.389018" maxx="16942279.459156" maxy="65983428.136773" />
<BoundingBox CRS="EPSG:3575" minx="-752259.884217" miny="-4366256.077022" maxx="371298.644213" maxy="-2301007.081986" />
<BoundingBox CRS="EPSG:3857" minx="8799.245393" miny="6454515.620092" maxx="1656235.921469" maxy="10738077.545348" />
<BoundingBox CRS="EPSG:40000" minx="3277.714038" miny="-4645201.647077" maxx="1192728.336057" maxy="-2296199.810446" />
<BoundingBox CRS="EPSG:4258" minx="50.047555" miny="0.079045" maxx="68.959048" maxy="14.878220" />
<BoundingBox CRS="EPSG:4326" minx="50.047555" miny="0.079045" maxx="68.959048" maxy="14.878220" />
<BoundingBox CRS="EPSG:50001" minx="-2000000.000000" miny="-2000000.000000" maxx="10000000.000000" maxy="8500000.000000" />
<BoundingBox CRS="EPSG:54030" minx="5432.081824" miny="5331814.750775" maxx="1219553.726683" maxy="7181859.894594" />
<BoundingBox CRS="EPSG:7399" minx="4144.955793" miny="5878451.072574" maxx="1130980.084054" maxy="7686896.813082" />
<BoundingBox CRS="EPSG:900913" minx="8799.245393" miny="6454515.620092" maxx="1656235.921469" maxy="10738077.545348" />
<Dimension name="time" units="ISO8601" default="2017-01-01T00:11:00Z" multipleValues="1" nearestValue="0" current="1">2017-01-01T00:10:00Z,2017-01-01T00:11:00Z</Dimension>
<Dimension name="extra" units="extra" default="0.9" multipleValues="1" nearestValue="0" >0,0.1,0.2,0.3,0.4,0.5,0.6,0.7,0.8,0.9</Dimension>
   <Style>    <Name>auto/nearest</Name>    <Title>auto/nearest</Title>    <LegendURL width="300" height="400">       <Format>image/png</Format>       <OnlineResource xlink:type="simple" xlink:href="source=example_file_irregular_2Dlat2Dlon_grid%2Enc&amp;SERVICE=WMS&amp;&amp;version=1.1.1&amp;service=WMS&amp;request=GetLegendGraphic&amp;layer=data_var_1&amp;format=image/png&amp;STYLE=auto/nearest"/>    </LegendURL>  </Style>   <Style>    <Name>auto/bilinear</Name>    <Title>auto/bilinear</Title>    <LegendURL width="300" height="400">       <Format>image/png</Format>       <OnlineResource xlink:type="simple" xlink:href="source=example_file_irregular_2Dlat2Dlon_grid%2Enc&amp;SERVICE=WMS&amp;&amp;version=1.1.1&amp;service=WMS&amp;request=GetLegendGraphic&amp;layer=data_var_1&amp;format=image/png&amp;STYLE=auto/bilinear"/>    </LegendURL>  </Style>   <Style>    <Name>auto/point</Name>    <Title>auto/point</Title>    <LegendURL width="300" height="400">       <Format>image/png</Format>       <OnlineResource xlink:type="simple" xlink:href="source=example_file_irregular_2Dlat2Dlon_grid%2Enc&amp;SERVICE=WMS&amp;&amp;version=1.1.1&amp;service=WMS&amp;request=GetLegendGraphic&amp;layer=data_var_1&amp;format=image/png&amp;STYLE=auto/point"/>    </LegendURL>  </Style>   <Style>    <Name>auto/barb</Name>    <Title>auto/barb</Title>    <LegendURL width="300" height="400">       <Format>image/png</Format>       <OnlineResource xlink:type="simple" xlink:href="source=example_file_irregular_2Dlat2Dlon_grid%2Enc&amp;SERVICE=WMS&amp;&amp;version=1.1.1&amp;service=WMS&amp;request=GetLegendGraphic&amp;layer=data_var_1&amp;format=image/png&amp;STYLE=auto/barb"/>    </LegendURL>  </Style></Layer>
    </Layer>
  </Capability>
</WMS_Capabilities>
