[{"name":"data","standard_name":"data","units":"km","point":{"SRS":"EPSG:4326","coords":"177.454547,82.135346"},"dims":["member","elevation","time"],"data":{"member1":{"1000.0":{"2017-01-01T00:00:00Z":"0.000000","2017-01-01T00:05:00Z":"1.000000","2017-01-01T00:10:00Z":"2.000000","2017-01-01T00:15:00Z":"3.000000","2017-01-01T00:20:00Z":"4.000000","2017-01-01T00:25:00Z":"5.000000"},"2000.0":{"2017-01-01T00:00:00Z":"6.000000","2017-01-01T00:05:00Z":"7.000000","2017-01-01T00:10:00Z":"8.000000","2017-01-01T00:15:00Z":"9.000000","2017-01-01T00:20:00Z":"10.000000","2017-01-01T00:25:00Z":"11.000000"},"3000.0":{"2017-01-01T00:00:00Z":"12.000000","2017-01-01T00:05:00Z":"13.000000","2017-01-01T00:10:00Z":"14.000000","2017-01-01T00:15:00Z":"15.000000","2017-01-01T00:20:00Z":"16.000000","2017-01-01T00:25:00Z":"17.000000"},"4000.0":{"2017-01-01T00:00:00Z":"18.000000","2017-01-01T00:05:00Z":"19.000000","2017-01-01T00:10:00Z":"20.000000","2017-01-01T00:15:00Z":"21.000000","2017-01-01T00:20:00Z":"22.000000","2017-01-01T00:25:00Z":"23.000000"},"5000.0":{"2017-01-01T00:00:00Z":"24.000000","2017-01-01T00:05:00Z":"25.000000","2017-01-01T00:10:00Z":"26.000000","2017-01-01T00:15:00Z":"27.000000","2017-01-01T00:20:00Z":"28.000000","2017-01-01T00:25:00Z":"29.000000"},"6000.0":{"2017-01-01T00:00:00Z":"30.000000","2017-01-01T00:05:00Z":"31.000000","2017-01-01T00:10:00Z":"32.000000","2017-01-01T00:15:00Z":"33.000000","2017-01-01T00:20:00Z":"34.000000","2017-01-01T00:25:00Z":"35.000000"},"7000.0":{"2017-01-01T00:00:00Z":"36.000000","2017-01-01T00:05:00Z":"37.000000","2017-01-01T00:10:00Z":"38.000000","2017-01-01T00:15:00Z":"39.000000","2017-01-01T00:20:00Z":"40.000000","2017-01-01T00:25:00Z":"41.000000"},"8000.0":{"2017-01-01T00:00:00Z":"42.000000","2017-01-01T00:05:00Z":"43.000000","2017-01-01T00:10:00Z":"44.000000","2017-01-01T00:15:00Z":"45.000000","2017-01-01T00:20:00Z":"46.000000","2017-01-01T00:25:00Z":"47.000000"},"9000.0":{"2017-01-01T00:00:00Z":"48.000000","2017-01-01T00:05:00Z":"49.000000","2017-01-01T00:10:00Z":"50.000000","2017-01-01T00:15:00Z":"51.000000","2017-01-01T00:20:00Z":"52.000000","2017-01-01T00:25:00Z":"53.000000"}},"member2":{"1000.0":{"2017-01-01T00:00:00Z":"54.000000","2017-01-01T00:05:00Z":"55.000000","2017-01-01T00:10:00Z":"56.000000","2017-01-01T00:15:00Z":"57.000000","2017-01-01T00:20:00Z":"58.000000","2017-01-01T00:25:00Z":"59.000000"},"2000.0":{"2017-01-01T00:00:00Z":"60.000000","2017-01-01T00:05:00Z":"61.000000","2017-01-01T00:10:00Z":"62.000000","2017-01-01T00:15:00Z":"63.000000","2017-01-01T00:20:00Z":"64.000000","2017-01-01T00:25:00Z":"65.000000"},"3000.0":{"2017-01-01T00:00:00Z":"66.000000","2017-01-01T00:05:00Z":"67.000000","2017-01-01T00:10:00Z":"68.000000","2017-01-01T00:15:00Z":"69.000000","2017-01-01T00:20:00Z":"70.000000","2017-01-01T00:25:00Z":"71.000000"},"4000.0":{"2017-01-01T00:00:00Z":"72.000000","2017-01-01T00:05:00Z":"73.000000","2017-01-01T00:10:00Z":"74.000000","2017-01-01T00:15:00Z":"75.000000","2017-01-01T00:20:00Z":"76.000000","2017-01-01T00:25:00Z":"77.000000"},"5000.0":{"2017-01-01T00:00:00Z":"78.000000","2017-01-01T00:05:00Z":"79.000000","2017-01-01T00:10:00Z":"80.000000","2017-01-01T00:15:00Z":"81.000000","2017-01-01T00:20:00Z":"82.000000","2017-01-01T00:25:00Z":"83.000000"},"6000.0":{"2017-01-01T00:00:00Z":"84.000000","2017-01-01T00:05:00Z":"85.000000","2017-01-01T00:10:00Z":"86.000000","2017-01-01T00:15:00Z":"87.000000","2017-01-01T00:20:00Z":"88.000000","2017-01-01T00:25:00Z":"89.000000"},"7000.0":{"2017-01-01T00:00:00Z":"90.000000","2017-01-01T00:05:00Z":"91.000000","2017-01-01T00:10:00Z":"92.000000","2017-01-01T00:15:00Z":"93.000000","2017-01-01T00:20:00Z":"94.000000","2017-01-01T00:25:00Z":"95.000000"},"8000.0":{"2017-01-01T00:00:00Z":"96.000000","2017-01-01T00:05:00Z":"97.000000","2017-01-01T00:10:00Z":"98.000000","2017-01-01T00:15:00Z":"99.000000","2017-01-01T00:20:00Z":"100.000000","2017-01-01T00:25:00Z":"101.000000"},"9000.0":{"2017-01-01T00:00:00Z":"102.000000","2017-01-01T00:05:00Z":"103.000000","2017-01-01T00:10:00Z":"104.000000","2017-01-01T00:15:00Z":"105.000000","2017-01-01T00:20:00Z":"106.000000","2017-01-01T00:25:00Z":"107.000000"}},"member3":{"1000.0":{"2017-01-01T00:00:00Z":"108.000000","2017-01-01T00:05:00Z":"109.000000","2017-01-01T00:10:00Z":"110.000000","2017-01-01T00:15:00Z":"111.000000","2017-01-01T00:20:00Z":"112.000000","2017-01-01T00:25:00Z":"113.000000"},"2000.0":{"2017-01-01T00:00:00Z":"114.000000","2017-01-01T00:05:00Z":"115.000000","2017-01-01T00:10:00Z":"116.000000","2017-01-01T00:15:00Z":"117.000000","2017-01-01T00:20:00Z":"118.000000","2017-01-01T00:25:00Z":"119.000000"},"3000.0":{"2017-01-01T00:00:00Z":"120.000000","2017-01-01T00:05:00Z":"121.000000","2017-01-01T00:10:00Z":"122.000000","2017-01-01T00:15:00Z":"123.000000","2017-01-01T00:20:00Z":"124.000000","2017-01-01T00:25:00Z":"125.000000"},"4000.0":{"2017-01-01T00:00:00Z":"126.000000","2017-01-01T00:05:00Z":"127.000000","2017-01-01T00:10:00Z":"128.000000","2017-01-01T00:15:00Z":"129.000000","2017-01-01T00:20:00Z":"130.000000","2017-01-01T00:25:00Z":"131.000000"},"5000.0":{"2017-01-01T00:00:00Z":"132.000000","2017-01-01T00:05:00Z":"133.000000","2017-01-01T00:10:00Z":"134.000000","2017-01-01T00:15:00Z":"135.000000","2017-01-01T00:20:00Z":"136.000000","2017-01-01T00:25:00Z":"137.000000"},"6000.0":{"2017-01-01T00:00:00Z":"138.000000","2017-01-01T00:05:00Z":"139.000000","2017-01-01T00:10:00Z":"140.000000","2017-01-01T00:15:00Z":"141.000000","2017-01-01T00:20:00Z":"142.000000","2017-01-01T00:25:00Z":"143.000000"},"7000.0":{"2017-01-01T00:00:00Z":"144.000000","2017-01-01T00:05:00Z":"145.000000","2017-01-01T00:10:00Z":"146.000000","2017-01-01T00:15:00Z":"147.000000","2017-01-01T00:20:00Z":"148.000000","2017-01-01T00:25:00Z":"149.000000"},"8000.0":{"2017-01-01T00:00:00Z":"150.000000","2017-01-01T00:05:00Z":"151.000000","2017-01-01T00:10:00Z":"152.000000","2017-01-01T00:15:00Z":"153.000000","2017-01-01T00:20:00Z":"154.000000","2017-01-01T00:25:00Z":"155.000000"},"9000.0":{"2017-01-01T00:00:00Z":"156.000000","2017-01-01T00:05:00Z":"157.000000","2017-01-01T00:10:00Z":"158.000000","2017-01-01T00:15:00Z":"159.000000","2017-01-01T00:20:00Z":"160.000000","2017-01-01T00:25:00Z":"161.000000"}},"member4":{"1000.0":{"2017-01-01T00:00:00Z":"162.000000","2017-01-01T00:05:00Z":"163.000000","2017-01-01T00:10:00Z":"164.000000","2017-01-01T00:15:00Z":"165.000000","2017-01-01T00:20:00Z":"166.000000","2017-01-01T00:25:00Z":"167.000000"},"2000.0":{"2017-01-01T00:00:00Z":"168.000000","2017-01-01T00:05:00Z":"169.000000","2017-01-01T00:10:00Z":"170.000000","2017-01-01T00:15:00Z":"171.000000","2017-01-01T00:20:00Z":"172.000000","2017-01-01T00:25:00Z":"173.000000"},"3000.0":{"2017-01-01T00:00:00Z":"174.000000","2017-01-01T00:05:00Z":"175.000000","2017-01-01T00:10:00Z":"176.000000","2017-01-01T00:15:00Z":"177.000000","2017-01-01T00:20:00Z":"178.000000","2017-01-01T00:25:00Z":"179.000000"},"4000.0":{"2017-01-01T00:00:00Z":"180.000000","2017-01-01T00:05:00Z":"181.000000","2017-01-01T00:10:00Z":"182.000000","2017-01-01T00:15:00Z":"183.000000","2017-01-01T00:20:00Z":"184.000000","2017-01-01T00:25:00Z":"185.000000"},"5000.0":{"2017-01-01T00:00:00Z":"186.000000","2017-01-01T00:05:00Z":"187.000000","2017-01-01T00:10:00Z":"188.000000","2017-01-01T00:15:00Z":"189.000000","2017-01-01T00:20:00Z":"190.000000","2017-01-01T00:25:00Z":"191.000000"},"6000.0":{"2017-01-01T00:00:00Z":"192.000000","2017-01-01T00:05:00Z":"193.000000","2017-01-01T00:10:00Z":"194.000000","2017-01-01T00:15:00Z":"195.000000","2017-01-01T00:20:00Z":"196.000000","2017-01-01T00:25:00Z":"197.000000"},"7000.0":{"2017-01-01T00:00:00Z":"198.000000","2017-01-01T00:05:00Z":"199.000000","2017-01-01T00:10:00Z":"200.000000","2017-01-01T00:15:00Z":"201.000000","2017-01-01T00:20:00Z":"202.000000","2017-01-01T00:25:00Z":"203.000000"},"8000.0":{"2017-01-01T00:00:00Z":"204.000000","2017-01-01T00:05:00Z":"205.000000","2017-01-01T00:10:00Z":"206.000000","2017-01-01T00:15:00Z":"207.000000","2017-01-01T00:20:00Z":"208.000000","2017-01-01T00:25:00Z":"209.000000"},"9000.0":{"2017-01-01T00:00:00Z":"210.000000","2017-01-01T00:05:00Z":"211.000000","2017-01-01T00:10:00Z":"212.000000","2017-01-01T00:15:00Z":"213.000000","2017-01-01T00:20:00Z":"214.000000","2017-01-01T00:25:00Z":"215.000000"}},"member5":{"1000.0":{"2017-01-01T00:00:00Z":"216.000000","2017-01-01T00:05:00Z":"217.000000","2017-01-01T00:10:00Z":"218.000000","2017-01-01T00:15:00Z":"219.000000","2017-01-01T00:20:00Z":"220.000000","2017-01-01T00:25:00Z":"221.000000"},"2000.0":{"2017-01-01T00:00:00Z":"222.000000","2017-01-01T00:05:00Z":"223.000000","2017-01-01T00:10:00Z":"224.000000","2017-01-01T00:15:00Z":"225.000000","2017-01-01T00:20:00Z":"226.000000","2017-01-01T00:25:00Z":"227.000000"},"3000.0":{"2017-01-01T00:00:00Z":"228.000000","2017-01-01T00:05:00Z":"229.000000","2017-01-01T00:10:00Z":"230.000000","2017-01-01T00:15:00Z":"231.000000","2017-01-01T00:20:00Z":"232.000000","2017-01-01T00:25:00Z":"233.000000"},"4000.0":{"2017-01-01T00:00:00Z":"234.000000","2017-01-01T00:05:00Z":"235.000000","2017-01-01T00:10:00Z":"236.000000","2017-01-01T00:15:00Z":"237.000000","2017-01-01T00:20:00Z":"238.000000","2017-01-01T00:25:00Z":"239.000000"},"5000.0":{"2017-01-01T00:00:00Z":"240.000000","2017-01-01T00:05:00Z":"241.000000","2017-01-01T00:10:00Z":"242.000000","2017-01-01T00:15:00Z":"243.000000","2017-01-01T00:20:00Z":"244.000000","2017-01-01T00:25:00Z":"245.000000"},"6000.0":{"2017-01-01T00:00:00Z":"246.000000","2017-01-01T00:05:00Z":"247.000000","2017-01-01T00:10:00Z":"248.000000","2017-01-01T00:15:00Z":"249.000000","2017-01-01T00:20:00Z":"250.000000","2017-01-01T00:25:00Z":"251.000000"},"7000.0":{"2017-01-01T00:00:00Z":"252.000000","2017-01-01T00:05:00Z":"253.000000","2017-01-01T00:10:00Z":"254.000000","2017-01-01T00:15:00Z":"255.000000","2017-01-01T00:20:00Z":"255.000000","2017-01-01T00:25:00Z":"255.000000"},"8000.0":{"2017-01-01T00:00:00Z":"255.000000","2017-01-01T00:05:00Z":"255.000000","2017-01-01T00:10:00Z":"255.000000","2017-01-01T00:15:00Z":"255.000000","2017-01-01T00:20:00Z":"255.000000","2017-01-01T00:25:00Z":"255.000000"},"9000.0":{"2017-01-01T00:00:00Z":"255.000000","2017-01-01T00:05:00Z":"255.000000","2017-01-01T00:10:00Z":"255.000000","2017-01-01T00:15:00Z":"255.000000","2017-01-01T00:20:00Z":"255.000000","2017-01-01T00:25:00Z":"255.000000"}},"member6":{"1000.0":{"2017-01-01T00:00:00Z":"255.000000","2017-01-01T00:05:00Z":"255.000000","2017-01-01T00:10:00Z":"255.000000","2017-01-01T00:15:00Z":"255.000000","2017-01-01T00:20:00Z":"255.000000","2017-01-01T00:25:00Z":"255.000000"},"2000.0":{"2017-01-01T00:00:00Z":"255.000000","2017-01-01T00:05:00Z":"255.000000","2017-01-01T00:10:00Z":"255.000000","2017-01-01T00:15:00Z":"255.000000","2017-01-01T00:20:00Z":"255.000000","2017-01-01T00:25:00Z":"255.000000"},"3000.0":{"2017-01-01T00:00:00Z":"255.000000","2017-01-01T00:05:00Z":"255.000000","2017-01-01T00:10:00Z":"255.000000","2017-01-01T00:15:00Z":"255.000000","2017-01-01T00:20:00Z":"255.000000","2017-01-01T00:25:00Z":"255.000000"},"4000.0":{"2017-01-01T00:00:00Z":"255.000000","2017-01-01T00:05:00Z":"255.000000","2017-01-01T00:10:00Z":"255.000000","2017-01-01T00:15:00Z":"255.000000","2017-01-01T00:20:00Z":"255.000000","2017-01-01T00:25:00Z":"255.000000"},"5000.0":{"2017-01-01T00:00:00Z":"255.000000","2017-01-01T00:05:00Z":"255.000000","2017-01-01T00:10:00Z":"255.000000","2017-01-01T00:15:00Z":"255.000000","2017-01-01T00:20:00Z":"255.000000","2017-01-01T00:25:00Z":"255.000000"},"6000.0":{"2017-01-01T00:00:00Z":"255.000000","2017-01-01T00:05:00Z":"255.000000","2017-01-01T00:10:00Z":"255.000000","2017-01-01T00:15:00Z":"255.000000","2017-01-01T00:20:00Z":"255.000000","2017-01-01T00:25:00Z":"255.000000"},"7000.0":{"2017-01-01T00:00:00Z":"255.000000","2017-01-01T00:05:00Z":"255.000000","2017-01-01T00:10:00Z":"255.000000","2017-01-01T00:15:00Z":"255.000000","2017-01-01T00:20:00Z":"255.000000","2017-01-01T00:25:00Z":"255.000000"},"8000.0":{"2017-01-01T00:00:00Z":"255.000000","2017-01-01T00:05:00Z":"255.000000","2017-01-01T00:10:00Z":"255.000000","2017-01-01T00:15:00Z":"255.000000","2017-01-01T00:20:00Z":"255.000000","2017-01-01T00:25:00Z":"255.000000"},"9000.0":{"2017-01-01T00:00:00Z":"255.000000","2017-01-01T00:05:00Z":"255.000000","2017-01-01T00:10:00Z":"255.000000","2017-01-01T00:15:00Z":"255.000000","2017-01-01T00:20:00Z":"255.000000","2017-01-01T00:25:00Z":"255.000000"}}}}]
