<?xml version="1.0" encoding="UTF-8"?>
<WMS_Capabilities
        version="1.3.0"
        updateSequence="0"
        xmlns="http://www.opengis.net/wms"
        xmlns:xlink="http://www.w3.org/1999/xlink"
        xmlns:xsi="http://www.w3.org/2001/XMLSchema-instance"
        xsi:schemaLocation="http://www.opengis.net/wms http://schemas.opengis.net/wms/1.3.0/capabilities_1_3_0.xsd"

     >
    <Service>
        <Name>WMS</Name>
        <Title>adaguc.tests.quantizehigh</Title>
        <Abstract>This service demonstrates how the ADAGUC server can be used to create OGC services.</Abstract>
        <KeywordList>
            <Keyword>view</Keyword>
            <Keyword>infoMapAccessService</Keyword>
            <Keyword>ADAGUCServer version 2.7.4, of Jul  8 2022 11:25:18 </Keyword>
        </KeywordList>
        <OnlineResource xlink:type="simple" xlink:href="DATASET=adaguc.tests.quantizehigh&amp;SERVICE=WMS&amp;"/>
        <ContactInformation>
          
        </ContactInformation>
        <Fees>no conditions apply</Fees>
        <AccessConstraints>None</AccessConstraints>
        <MaxWidth>8192</MaxWidth>
        <MaxHeight>8192</MaxHeight>
    </Service>
    <Capability>
        <Request>
            <GetCapabilities>
                <Format>text/xml</Format>
                <DCPType><HTTP><Get><OnlineResource xlink:type="simple" xlink:href="DATASET=adaguc.tests.quantizehigh&amp;SERVICE=WMS&amp;"/></Get></HTTP></DCPType>
            </GetCapabilities>
            <GetMap>
                <Format>image/png</Format>
                <Format>image/png;mode=8bit</Format>
                <Format>image/png;mode=8bit_noalpha</Format>
                <Format>image/png;mode=24bit</Format>
                <Format>image/png;mode=32bit</Format>
                <Format>image/gif</Format>
                <Format>image/jpeg</Format>
                <!--<Format>image/webp</Format>-->
                <DCPType><HTTP><Get><OnlineResource xlink:type="simple" xlink:href="DATASET=adaguc.tests.quantizehigh&amp;SERVICE=WMS&amp;"/></Get></HTTP></DCPType>
            </GetMap>
            <GetFeatureInfo>
                <Format>image/png</Format>
                <Format>text/plain</Format>
                <Format>text/html</Format>
                <Format>text/xml</Format>
                <Format>application/json</Format>
                <DCPType><HTTP><Get><OnlineResource xlink:type="simple" xlink:href="DATASET=adaguc.tests.quantizehigh&amp;SERVICE=WMS&amp;"/></Get></HTTP></DCPType>
            </GetFeatureInfo>
        </Request>
        <Exception>
            <Format>XML</Format>
            <Format>INIMAGE</Format>
            <Format>BLANK</Format>
        </Exception>
        <UserDefinedSymbolization SupportSLD="1" />
<Layer>
<Title>WMS of  adaguc.tests.quantizehigh</Title>
<CRS>EPSG:3411</CRS>
<CRS>EPSG:3412</CRS>
<CRS>EPSG:3575</CRS>
<CRS>EPSG:3857</CRS>
<CRS>EPSG:4258</CRS>
<CRS>EPSG:4326</CRS>
<CRS>CRS:84</CRS>
<CRS>EPSG:25831</CRS>
<CRS>EPSG:25832</CRS>
<CRS>EPSG:28992</CRS>
<CRS>EPSG:7399</CRS>
<CRS>EPSG:50001</CRS>
<CRS>EPSG:54030</CRS>
<CRS>EPSG:32661</CRS>
<CRS>EPSG:40000</CRS>
<CRS>EPSG:900913</CRS>
<BoundingBox CRS="EPSG:3411" minx="3369518.975082" miny="-3340242.934311" maxx="3369518.975082" maxy="-3340240.934311" />
<BoundingBox CRS="EPSG:3412" minx="139827.348331" miny="32045863.308502" maxx="139827.348331" maxy="32045865.308502" />
<BoundingBox CRS="EPSG:3575" minx="-773790.384558" miny="-4503195.781262" maxx="-773790.384558" maxy="-4503193.781262" />
<BoundingBox CRS="EPSG:3857" minx="27829.872698" miny="6123506.170632" maxx="27829.872698" maxy="6123508.170632" />
<BoundingBox CRS="EPSG:4258" minx="47.099998" miny="0.250000" maxx="49.099998" maxy="0.250000" />
<BoundingBox CRS="EPSG:4326" minx="47.099998" miny="0.250000" maxx="49.099998" maxy="0.250000" />
<BoundingBox CRS="CRS:84" minx="47.099998" miny="0.250000" maxx="49.099998" maxy="0.250000" />
<BoundingBox CRS="EPSG:25831" minx="295267.526825" miny="5331072.043142" maxx="295267.526825" maxy="5331074.043142" />
<BoundingBox CRS="EPSG:25832" minx="-151168.761917" miny="5364559.671213" maxx="-151168.761917" maxy="5364561.671213" />
<BoundingBox CRS="EPSG:28992" minx="-227870.303123" miny="24978.089268" maxx="-227870.303123" maxy="24980.089268" />
<BoundingBox CRS="EPSG:7399" minx="19479.628720" miny="5673073.474727" maxx="19479.628720" maxy="5673075.474727" />
<BoundingBox CRS="EPSG:50001" minx="-2000000.000000" miny="-2000000.000000" maxx="10000000.000000" maxy="8500000.000000" />
<BoundingBox CRS="EPSG:54030" minx="20763.744634" miny="5129624.479875" maxx="20763.744634" maxy="5129626.479875" />
<BoundingBox CRS="EPSG:32661" minx="2021216.860424" miny="-2862516.368656" maxx="2021216.860424" maxy="-2862514.368656" />
<BoundingBox CRS="EPSG:40000" minx="21344.930005" miny="-4891867.568064" maxx="21344.930005" maxy="-4891865.568064" />
<BoundingBox CRS="EPSG:900913" minx="27829.872698" miny="6123506.170632" maxx="27829.872698" maxy="6123508.170632" />
<Layer queryable="1" opaque="1" cascaded="0">
<Name>wind</Name>
<Title>Wind</Title>
<EX_GeographicBoundingBox>
  <westBoundLongitude>0.250000</westBoundLongitude>
  <eastBoundLongitude>0.250000</eastBoundLongitude>
  <southBoundLatitude>47.099998</southBoundLatitude>
  <northBoundLatitude>49.099998</northBoundLatitude>
</EX_GeographicBoundingBox><BoundingBox CRS="EPSG:3411" minx="3369518.975082" miny="-3340242.934311" maxx="3369518.975082" maxy="-3340240.934311" />
<BoundingBox CRS="EPSG:3412" minx="139827.348331" miny="32045863.308502" maxx="139827.348331" maxy="32045865.308502" />
<BoundingBox CRS="EPSG:3575" minx="-773790.384558" miny="-4503195.781262" maxx="-773790.384558" maxy="-4503193.781262" />
<BoundingBox CRS="EPSG:3857" minx="27829.872698" miny="6123506.170632" maxx="27829.872698" maxy="6123508.170632" />
<BoundingBox CRS="EPSG:4258" minx="47.099998" miny="0.250000" maxx="49.099998" maxy="0.250000" />
<BoundingBox CRS="EPSG:4326" minx="47.099998" miny="0.250000" maxx="49.099998" maxy="0.250000" />
<BoundingBox CRS="CRS:84" minx="47.099998" miny="0.250000" maxx="49.099998" maxy="0.250000" />
<BoundingBox CRS="EPSG:25831" minx="295267.526825" miny="5331072.043142" maxx="295267.526825" maxy="5331074.043142" />
<BoundingBox CRS="EPSG:25832" minx="-151168.761917" miny="5364559.671213" maxx="-151168.761917" maxy="5364561.671213" />
<BoundingBox CRS="EPSG:28992" minx="-227870.303123" miny="24978.089268" maxx="-227870.303123" maxy="24980.089268" />
<BoundingBox CRS="EPSG:7399" minx="19479.628720" miny="5673073.474727" maxx="19479.628720" maxy="5673075.474727" />
<BoundingBox CRS="EPSG:50001" minx="-2000000.000000" miny="-2000000.000000" maxx="10000000.000000" maxy="8500000.000000" />
<BoundingBox CRS="EPSG:54030" minx="20763.744634" miny="5129624.479875" maxx="20763.744634" maxy="5129626.479875" />
<BoundingBox CRS="EPSG:32661" minx="2021216.860424" miny="-2862516.368656" maxx="2021216.860424" maxy="-2862514.368656" />
<BoundingBox CRS="EPSG:40000" minx="21344.930005" miny="-4891867.568064" maxx="21344.930005" maxy="-4891865.568064" />
<BoundingBox CRS="EPSG:900913" minx="27829.872698" miny="6123506.170632" maxx="27829.872698" maxy="6123508.170632" />
<BoundingBox CRS="" minx="0.250000" miny="48.099998" maxx="0.250000" maxy="48.099998" />
<Dimension name="time" units="ISO8601" default="2018-12-04T12:40:00Z" multipleValues="1" nearestValue="0" current="1">2018-12-04T12:10:00Z/2018-12-04T12:40:00Z/PT10M</Dimension>
   <Style>    <Name>default</Name>    <Title>default</Title>    <Abstract>default</Abstract>    <LegendURL width="300" height="400">       <Format>image/png</Format>       <OnlineResource xlink:type="simple" xlink:href="DATASET=adaguc.tests.quantizehigh&amp;SERVICE=WMS&amp;&amp;version=1.1.1&amp;service=WMS&amp;request=GetLegendGraphic&amp;layer=wind&amp;format=image/png&amp;STYLE=default"/>    </LegendURL>  </Style></Layer>
    </Layer>
  </Capability>
</WMS_Capabilities>
