[{"name":"mag","layername":"mag","variablename":"mag","standard_name":"mag","feature_name":"mag_0","units":{},"point":{"SRS":"EPSG:4326","coords":"-110.405176,44.741406"},"dims":"none","data":{"0":"0.280000"}},{"name":"code","layername":"mag","variablename":"code","standard_name":"code","feature_name":"code","units":{},"point":{"SRS":"EPSG:4326","coords":"-110.405176,44.741406"},"dims":"none","data":{"0":"7000i3jw"}},{"name":"detail","layername":"mag","variablename":"detail","standard_name":"detail","feature_name":"detail","units":{},"point":{"SRS":"EPSG:4326","coords":"-110.405176,44.741406"},"dims":"none","data":{"0":"https://earthquake.usgs.gov/fdsnws/event/1/query?eventid=us7000i3jw&format=geojson"}},{"name":"dmin","layername":"mag","variablename":"dmin","standard_name":"dmin","feature_name":"dmin","units":{},"point":{"SRS":"EPSG:4326","coords":"-110.405176,44.741406"},"dims":"none","data":{"0":"1.638000"}},{"name":"gap","layername":"mag","variablename":"gap","standard_name":"gap","feature_name":"gap","units":{},"point":{"SRS":"EPSG:4326","coords":"-110.405176,44.741406"},"dims":"none","data":{"0":"74"}},{"name":"ids","layername":"mag","variablename":"ids","standard_name":"ids","feature_name":"ids","units":{},"point":{"SRS":"EPSG:4326","coords":"-110.405176,44.741406"},"dims":"none","data":{"0":",us7000i3jw,"}},{"name":"mag","layername":"mag","variablename":"mag","standard_name":"mag","feature_name":"mag","units":{},"point":{"SRS":"EPSG:4326","coords":"-110.405176,44.741406"},"dims":"none","data":{"0":"4.500000"}},{"name":"magType","layername":"mag","variablename":"magType","standard_name":"magType","feature_name":"magType","units":{},"point":{"SRS":"EPSG:4326","coords":"-110.405176,44.741406"},"dims":"none","data":{"0":"mb"}},{"name":"net","layername":"mag","variablename":"net","standard_name":"net","feature_name":"net","units":{},"point":{"SRS":"EPSG:4326","coords":"-110.405176,44.741406"},"dims":"none","data":{"0":"us"}},{"name":"nst","layername":"mag","variablename":"nst","standard_name":"nst","feature_name":"nst","units":{},"point":{"SRS":"EPSG:4326","coords":"-110.405176,44.741406"},"dims":"none","data":{"0":"40"}},{"name":"place","layername":"mag","variablename":"place","standard_name":"place","feature_name":"place","units":{},"point":{"SRS":"EPSG:4326","coords":"-110.405176,44.741406"},"dims":"none","data":{"0":"182 km SW of Vaini, Tonga"}},{"name":"rms","layername":"mag","variablename":"rms","standard_name":"rms","feature_name":"rms","units":{},"point":{"SRS":"EPSG:4326","coords":"-110.405176,44.741406"},"dims":"none","data":{"0":"0.850000"}},{"name":"sig","layername":"mag","variablename":"sig","standard_name":"sig","feature_name":"sig","units":{},"point":{"SRS":"EPSG:4326","coords":"-110.405176,44.741406"},"dims":"none","data":{"0":"312"}},{"name":"sources","layername":"mag","variablename":"sources","standard_name":"sources","feature_name":"sources","units":{},"point":{"SRS":"EPSG:4326","coords":"-110.405176,44.741406"},"dims":"none","data":{"0":",us,"}},{"name":"status","layername":"mag","variablename":"status","standard_name":"status","feature_name":"status","units":{},"point":{"SRS":"EPSG:4326","coords":"-110.405176,44.741406"},"dims":"none","data":{"0":"reviewed"}},{"name":"time","layername":"mag","variablename":"time","standard_name":"time","feature_name":"time","units":{},"point":{"SRS":"EPSG:4326","coords":"-110.405176,44.741406"},"dims":"none","data":{"0":"1661817249445"}},{"name":"title","layername":"mag","variablename":"title","standard_name":"title","feature_name":"title","units":{},"point":{"SRS":"EPSG:4326","coords":"-110.405176,44.741406"},"dims":"none","data":{"0":"M 4.5 - 182 km SW of Vaini, Tonga"}},{"name":"tsunami","layername":"mag","variablename":"tsunami","standard_name":"tsunami","feature_name":"tsunami","units":{},"point":{"SRS":"EPSG:4326","coords":"-110.405176,44.741406"},"dims":"none","data":{"0":"0"}},{"name":"type","layername":"mag","variablename":"type","standard_name":"type","feature_name":"type","units":{},"point":{"SRS":"EPSG:4326","coords":"-110.405176,44.741406"},"dims":"none","data":{"0":"earthquake"}},{"name":"types","layername":"mag","variablename":"types","standard_name":"types","feature_name":"types","units":{},"point":{"SRS":"EPSG:4326","coords":"-110.405176,44.741406"},"dims":"none","data":{"0":",origin,phase-data,"}},{"name":"updated","layername":"mag","variablename":"updated","standard_name":"updated","feature_name":"updated","units":{},"point":{"SRS":"EPSG:4326","coords":"-110.405176,44.741406"},"dims":"none","data":{"0":"1662259356040"}},{"name":"url","layername":"mag","variablename":"url","standard_name":"url","feature_name":"url","units":{},"point":{"SRS":"EPSG:4326","coords":"-110.405176,44.741406"},"dims":"none","data":{"0":"https://earthquake.usgs.gov/earthquakes/eventpage/us7000i3jw"}}]