[{"name":"air_temperature__at_2m","standard_name":"air_temperature","units":"K","point":{"SRS":"EPSG:4326","coords":"5.890254,52.262163"},"dims":["reference_time","time"],"data":{"2017-12-15T09:00:00Z":{"2017-12-15T09:00:00Z":"1.872461","2017-12-15T10:00:00Z":"2.470361","2017-12-15T11:00:00Z":"3.004053","2017-12-15T12:00:00Z":"3.232813","2017-12-15T13:00:00Z":"3.306543","2017-12-15T14:00:00Z":"3.106592","2017-12-15T15:00:00Z":"2.958398","2017-12-15T16:00:00Z":"2.810449","2017-12-15T17:00:00Z":"2.497461","2017-12-15T18:00:00Z":"2.319238","2017-12-15T19:00:00Z":"2.295557","2017-12-15T20:00:00Z":"2.231592","2017-12-15T21:00:00Z":"1.973047","2017-12-15T22:00:00Z":"1.464990","2017-12-15T23:00:00Z":"1.424707","2017-12-16T00:00:00Z":"1.412988","2017-12-16T01:00:00Z":"1.333398","2017-12-16T02:00:00Z":"1.395654","2017-12-16T03:00:00Z":"1.379297","2017-12-16T04:00:00Z":"0.846338","2017-12-16T05:00:00Z":"0.977930","2017-12-16T06:00:00Z":"1.704980","2017-12-16T07:00:00Z":"1.277734","2017-12-16T08:00:00Z":"3.023340","2017-12-16T09:00:00Z":"1.747461","2017-12-16T10:00:00Z":"2.336084","2017-12-16T11:00:00Z":"3.602441","2017-12-16T12:00:00Z":"3.004541","2017-12-16T13:00:00Z":"3.879297","2017-12-16T14:00:00Z":"3.807764","2017-12-16T15:00:00Z":"3.403711","2017-12-16T16:00:00Z":"2.809473","2017-12-16T17:00:00Z":"2.940820","2017-12-16T18:00:00Z":"2.583643","2017-12-16T19:00:00Z":"2.850732","2017-12-16T20:00:00Z":"2.397607","2017-12-16T21:00:00Z":"2.242090","2017-12-16T22:00:00Z":"1.655420","2017-12-16T23:00:00Z":"1.424463","2017-12-17T00:00:00Z":"2.011621","2017-12-17T01:00:00Z":"2.188623","2017-12-17T02:00:00Z":"2.539209","2017-12-17T03:00:00Z":"1.753320","2017-12-17T04:00:00Z":"1.970605","2017-12-17T05:00:00Z":"2.091211","2017-12-17T06:00:00Z":"1.922998","2017-12-17T07:00:00Z":"2.222314","2017-12-17T08:00:00Z":"1.232080","2017-12-17T09:00:00Z":"1.535791"}}}]
