time;variable;index;id;name;numsamples;min;mean;max;std
None;testdata;12;Belgium;12;45565;0.289767;0.336701;0.355911;0.014147
None;testdata;41;Germany;41;186852;0.115642;0.215329;0.345581;0.064148
None;testdata;43;Denmark;43;1835;0.115642;0.116503;0.139212;0.004421
None;testdata;55;France;55;25312;0.319451;0.335850;0.355911;0.013877
None;testdata;57;United Kingdom;57;37638;0.175515;0.225244;0.319451;0.030375
None;testdata;97;Luxembourg;97;426;0.345581;0.345581;0.345581;0.000000
None;testdata;117;Netherlands;117;67418;0.165981;0.248258;0.331169;0.044794
